[hamroby-extract] device=cuda
[hamroby-extract] generating features (train 222562 + eval 14754 pairs)...
[hamroby-extract] train 5000/222562 (421/s, eta 517s, kept 5000)
[hamroby-extract] train 10000/222562 (426/s, eta 499s, kept 10000)
[hamroby-extract] train 15000/222562 (428/s, eta 484s, kept 15000)
[hamroby-extract] train 20000/222562 (427/s, eta 474s, kept 20000)
[hamroby-extract] train 25000/222562 (423/s, eta 467s, kept 25000)
[hamroby-extract] train 30000/222562 (422/s, eta 456s, kept 30000)
[hamroby-extract] train 35000/222562 (424/s, eta 443s, kept 35000)
[hamroby-extract] train 40000/222562 (424/s, eta 430s, kept 40000)
[hamroby-extract] train 45000/222562 (425/s, eta 418s, kept 45000)
[hamroby-extract] train 50000/222562 (426/s, eta 405s, kept 50000)
[hamroby-extract] train 55000/222562 (427/s, eta 392s, kept 55000)
[hamroby-extract] train 60000/222562 (426/s, eta 381s, kept 60000)
[hamroby-extract] train 65000/222562 (422/s, eta 373s, kept 65000)
[hamroby-extract] train 70000/222562 (422/s, eta 362s, kept 70000)
[hamroby-extract] train 75000/222562 (422/s, eta 350s, kept 75000)
[hamroby-extract] train 80000/222562 (422/s, eta 338s, kept 80000)
[hamroby-extract] train 85000/222562 (423/s, eta 325s, kept 85000)
[hamroby-extract] train 90000/222562 (422/s, eta 314s, kept 90000)
[hamroby-extract] train 95000/222562 (414/s, eta 308s, kept 95000)
[hamroby-extract] train 100000/222562 (402/s, eta 305s, kept 100000)
[hamroby-extract] train 105000/222562 (386/s, eta 304s, kept 105000)
[hamroby-extract] train 110000/222562 (378/s, eta 298s, kept 110000)
[hamroby-extract] train 115000/222562 (374/s, eta 288s, kept 115000)
[hamroby-extract] train 120000/222562 (373/s, eta 275s, kept 120000)
[hamroby-extract] train 125000/222562 (373/s, eta 262s, kept 125000)
[hamroby-extract] train 130000/222562 (373/s, eta 248s, kept 130000)
[hamroby-extract] train 135000/222562 (372/s, eta 235s, kept 135000)
[hamroby-extract] train 140000/222562 (372/s, eta 222s, kept 140000)
[hamroby-extract] train 145000/222562 (372/s, eta 208s, kept 145000)
[hamroby-extract] train 150000/222562 (373/s, eta 194s, kept 150000)
[hamroby-extract] train 155000/222562 (374/s, eta 181s, kept 155000)
[hamroby-extract] train 160000/222562 (374/s, eta 167s, kept 160000)
[hamroby-extract] train 165000/222562 (374/s, eta 154s, kept 165000)
[hamroby-extract] train 170000/222562 (374/s, eta 140s, kept 170000)
[hamroby-extract] train 175000/222562 (366/s, eta 130s, kept 175000)
[hamroby-extract] train 180000/222562 (358/s, eta 119s, kept 180000)
[hamroby-extract] train 185000/222562 (355/s, eta 106s, kept 185000)
[hamroby-extract] train 190000/222562 (352/s, eta 92s, kept 190000)
[hamroby-extract] train 195000/222562 (351/s, eta 79s, kept 195000)
[hamroby-extract] train 200000/222562 (349/s, eta 65s, kept 200000)
[hamroby-extract] train 205000/222562 (348/s, eta 50s, kept 205000)
[hamroby-extract] train 210000/222562 (347/s, eta 36s, kept 210000)
[hamroby-extract] train 215000/222562 (346/s, eta 22s, kept 215000)
[hamroby-extract] train 220000/222562 (346/s, eta 7s, kept 220000)
[hamroby-extract] train 222562/222562 (345/s, eta 0s, kept 222562)
[hamroby-extract] eval 5000/14754 (315/s, eta 31s, kept 5000)
[hamroby-extract] eval 10000/14754 (324/s, eta 15s, kept 10000)
[hamroby-extract] eval 14754/14754 (324/s, eta 0s, kept 14754)
[hamroby-extract] usable train_examples=222562 eval_examples=14754
[hamroby-extract] size=base d_model=256 n_layers=4 params=3,337,895
[hamroby-extract] step=    1/15000 loss=1.9424 elapsed=0.8s
[hamroby-extract] step=   50/15000 loss=0.9456 elapsed=8.5s
[hamroby-extract] step=  100/15000 loss=0.3829 elapsed=16.6s
[hamroby-extract] step=  150/15000 loss=0.2792 elapsed=24.6s
[hamroby-extract] step=  200/15000 loss=0.2036 elapsed=28.5s
[hamroby-extract] step=  250/15000 loss=0.1826 elapsed=31.9s
[hamroby-extract] step=  300/15000 loss=0.1715 elapsed=35.1s
[hamroby-extract] step=  350/15000 loss=0.1606 elapsed=38.3s
[hamroby-extract] step=  400/15000 loss=0.1505 elapsed=41.6s
[hamroby-extract] step=  450/15000 loss=0.1519 elapsed=44.8s
[hamroby-extract] step=  500/15000 loss=0.1388 elapsed=48.2s
[hamroby-extract] step=  550/15000 loss=0.1397 elapsed=54.0s
[hamroby-extract] step=  600/15000 loss=0.1464 elapsed=61.8s
[hamroby-extract] step=  650/15000 loss=0.1213 elapsed=69.6s
[hamroby-extract] step=  700/15000 loss=0.1336 elapsed=77.5s
[hamroby-extract] step=  750/15000 loss=0.1284 elapsed=85.5s
[hamroby-extract] step=  800/15000 loss=0.1300 elapsed=93.5s
[hamroby-extract] step=  850/15000 loss=0.1294 elapsed=101.2s
[hamroby-extract] step=  900/15000 loss=0.1329 elapsed=108.9s
[hamroby-extract] step=  950/15000 loss=0.1179 elapsed=116.6s
[hamroby-extract] step= 1000/15000 loss=0.1394 elapsed=124.5s
[hamroby-extract] step= 1050/15000 loss=0.1197 elapsed=132.3s
[hamroby-extract] step= 1100/15000 loss=0.1284 elapsed=139.9s
[hamroby-extract] step= 1150/15000 loss=0.1175 elapsed=147.7s
[hamroby-extract] step= 1200/15000 loss=0.1131 elapsed=155.0s
[hamroby-extract] step= 1250/15000 loss=0.1262 elapsed=161.9s
[hamroby-extract] step= 1300/15000 loss=0.1114 elapsed=169.4s
[hamroby-extract] step= 1350/15000 loss=0.1167 elapsed=177.1s
[hamroby-extract] step= 1400/15000 loss=0.1268 elapsed=184.8s
[hamroby-extract] step= 1450/15000 loss=0.1222 elapsed=192.3s
[hamroby-extract] step= 1500/15000 loss=0.1139 elapsed=200.3s
[hamroby-extract] step= 1550/15000 loss=0.1340 elapsed=207.9s
[hamroby-extract] step= 1600/15000 loss=0.1095 elapsed=215.5s
[hamroby-extract] step= 1650/15000 loss=0.1167 elapsed=222.9s
[hamroby-extract] step= 1700/15000 loss=0.1160 elapsed=230.5s
[hamroby-extract] step= 1750/15000 loss=0.1030 elapsed=238.1s
[hamroby-extract] step= 1800/15000 loss=0.1150 elapsed=245.7s
[hamroby-extract] step= 1850/15000 loss=0.1160 elapsed=253.8s
[hamroby-extract] step= 1900/15000 loss=0.1071 elapsed=261.7s
[hamroby-extract] step= 1950/15000 loss=0.1089 elapsed=269.5s
[hamroby-extract] step= 2000/15000 loss=0.1126 elapsed=276.9s
[hamroby-extract] step= 2050/15000 loss=0.1118 elapsed=284.9s
[hamroby-extract] step= 2100/15000 loss=0.1227 elapsed=292.4s
[hamroby-extract] step= 2150/15000 loss=0.1136 elapsed=300.1s
[hamroby-extract] step= 2200/15000 loss=0.1135 elapsed=307.6s
[hamroby-extract] step= 2250/15000 loss=0.1131 elapsed=315.2s
[hamroby-extract] step= 2300/15000 loss=0.1185 elapsed=322.5s
[hamroby-extract] step= 2350/15000 loss=0.1146 elapsed=330.0s
[hamroby-extract] step= 2400/15000 loss=0.1130 elapsed=337.9s
[hamroby-extract] step= 2450/15000 loss=0.1074 elapsed=345.7s
[hamroby-extract] step= 2500/15000 loss=0.1094 elapsed=353.9s
[hamroby-extract] step= 2550/15000 loss=0.1110 elapsed=361.2s
[hamroby-extract] step= 2600/15000 loss=0.1156 elapsed=368.8s
[hamroby-extract] step= 2650/15000 loss=0.1066 elapsed=376.5s
[hamroby-extract] step= 2700/15000 loss=0.1175 elapsed=384.0s
[hamroby-extract] step= 2750/15000 loss=0.1031 elapsed=390.1s
[hamroby-extract] step= 2800/15000 loss=0.1162 elapsed=395.7s
[hamroby-extract] step= 2850/15000 loss=0.1100 elapsed=403.2s
[hamroby-extract] step= 2900/15000 loss=0.1095 elapsed=410.5s
[hamroby-extract] step= 2950/15000 loss=0.1039 elapsed=418.2s
[hamroby-extract] step= 3000/15000 loss=0.1071 elapsed=425.5s
[hamroby-extract] step= 3050/15000 loss=0.1089 elapsed=432.8s
[hamroby-extract] step= 3100/15000 loss=0.1183 elapsed=440.8s
[hamroby-extract] step= 3150/15000 loss=0.1043 elapsed=448.8s
[hamroby-extract] step= 3200/15000 loss=0.1040 elapsed=456.2s
[hamroby-extract] step= 3250/15000 loss=0.1043 elapsed=464.1s
[hamroby-extract] step= 3300/15000 loss=0.1024 elapsed=468.4s
[hamroby-extract] step= 3350/15000 loss=0.1109 elapsed=470.9s
[hamroby-extract] step= 3400/15000 loss=0.1087 elapsed=473.0s
[hamroby-extract] step= 3450/15000 loss=0.1074 elapsed=475.7s
[hamroby-extract] step= 3500/15000 loss=0.1108 elapsed=478.2s
[hamroby-extract] step= 3550/15000 loss=0.0983 elapsed=480.7s
[hamroby-extract] step= 3600/15000 loss=0.1054 elapsed=483.2s
[hamroby-extract] step= 3650/15000 loss=0.1125 elapsed=486.3s
[hamroby-extract] step= 3700/15000 loss=0.0991 elapsed=489.0s
[hamroby-extract] step= 3750/15000 loss=0.1060 elapsed=491.5s
[hamroby-extract] step= 3800/15000 loss=0.1050 elapsed=494.0s
[hamroby-extract] step= 3850/15000 loss=0.1023 elapsed=496.8s
[hamroby-extract] step= 3900/15000 loss=0.1120 elapsed=499.8s
[hamroby-extract] step= 3950/15000 loss=0.1017 elapsed=502.6s
[hamroby-extract] step= 4000/15000 loss=0.1008 elapsed=505.3s
[hamroby-extract] step= 4050/15000 loss=0.1133 elapsed=507.9s
[hamroby-extract] step= 4100/15000 loss=0.1035 elapsed=510.4s
[hamroby-extract] step= 4150/15000 loss=0.0990 elapsed=512.9s
[hamroby-extract] step= 4200/15000 loss=0.1001 elapsed=515.5s
[hamroby-extract] step= 4250/15000 loss=0.1020 elapsed=517.9s
[hamroby-extract] step= 4300/15000 loss=0.1131 elapsed=520.4s
[hamroby-extract] step= 4350/15000 loss=0.1145 elapsed=522.9s
[hamroby-extract] step= 4400/15000 loss=0.1036 elapsed=525.8s
[hamroby-extract] step= 4450/15000 loss=0.0978 elapsed=528.6s
[hamroby-extract] step= 4500/15000 loss=0.1035 elapsed=531.1s
[hamroby-extract] step= 4550/15000 loss=0.1016 elapsed=533.6s
[hamroby-extract] step= 4600/15000 loss=0.0911 elapsed=536.3s
[hamroby-extract] step= 4650/15000 loss=0.0949 elapsed=538.7s
[hamroby-extract] step= 4700/15000 loss=0.1024 elapsed=541.3s
[hamroby-extract] step= 4750/15000 loss=0.0939 elapsed=544.0s
[hamroby-extract] step= 4800/15000 loss=0.1115 elapsed=546.4s
[hamroby-extract] step= 4850/15000 loss=0.1005 elapsed=548.8s
[hamroby-extract] step= 4900/15000 loss=0.0884 elapsed=551.3s
[hamroby-extract] step= 4950/15000 loss=0.0967 elapsed=553.7s
[hamroby-extract] step= 5000/15000 loss=0.0922 elapsed=556.4s
[hamroby-extract] step= 5050/15000 loss=0.1054 elapsed=559.2s
[hamroby-extract] step= 5100/15000 loss=0.1033 elapsed=561.6s
[hamroby-extract] step= 5150/15000 loss=0.1004 elapsed=564.0s
[hamroby-extract] step= 5200/15000 loss=0.1001 elapsed=566.4s
[hamroby-extract] step= 5250/15000 loss=0.1009 elapsed=569.0s
[hamroby-extract] step= 5300/15000 loss=0.1096 elapsed=571.6s
[hamroby-extract] step= 5350/15000 loss=0.1021 elapsed=574.3s
[hamroby-extract] step= 5400/15000 loss=0.0949 elapsed=576.7s
[hamroby-extract] step= 5450/15000 loss=0.1053 elapsed=579.1s
[hamroby-extract] step= 5500/15000 loss=0.1004 elapsed=581.7s
[hamroby-extract] step= 5550/15000 loss=0.1104 elapsed=584.4s
[hamroby-extract] step= 5600/15000 loss=0.0975 elapsed=587.0s
[hamroby-extract] step= 5650/15000 loss=0.0920 elapsed=589.5s
[hamroby-extract] step= 5700/15000 loss=0.0952 elapsed=591.9s
[hamroby-extract] step= 5750/15000 loss=0.0980 elapsed=594.6s
[hamroby-extract] step= 5800/15000 loss=0.1012 elapsed=597.1s
[hamroby-extract] step= 5850/15000 loss=0.0945 elapsed=599.8s
[hamroby-extract] step= 5900/15000 loss=0.1073 elapsed=602.5s
[hamroby-extract] step= 5950/15000 loss=0.0985 elapsed=605.1s
[hamroby-extract] step= 6000/15000 loss=0.0985 elapsed=607.5s
[hamroby-extract] step= 6050/15000 loss=0.0938 elapsed=609.9s
[hamroby-extract] step= 6100/15000 loss=0.1053 elapsed=612.6s
[hamroby-extract] step= 6150/15000 loss=0.1012 elapsed=615.2s
[hamroby-extract] step= 6200/15000 loss=0.0919 elapsed=617.7s
[hamroby-extract] step= 6250/15000 loss=0.1005 elapsed=620.2s
[hamroby-extract] step= 6300/15000 loss=0.1012 elapsed=622.6s
[hamroby-extract] step= 6350/15000 loss=0.1023 elapsed=625.2s
[hamroby-extract] step= 6400/15000 loss=0.0800 elapsed=628.0s
[hamroby-extract] step= 6450/15000 loss=0.1019 elapsed=630.5s
[hamroby-extract] step= 6500/15000 loss=0.0881 elapsed=633.1s
[hamroby-extract] step= 6550/15000 loss=0.0972 elapsed=635.9s
[hamroby-extract] step= 6600/15000 loss=0.0822 elapsed=638.5s
[hamroby-extract] step= 6650/15000 loss=0.0970 elapsed=640.8s
[hamroby-extract] step= 6700/15000 loss=0.0966 elapsed=643.3s
[hamroby-extract] step= 6750/15000 loss=0.0977 elapsed=645.8s
[hamroby-extract] step= 6800/15000 loss=0.0933 elapsed=648.5s
[hamroby-extract] step= 6850/15000 loss=0.1090 elapsed=651.1s
[hamroby-extract] step= 6900/15000 loss=0.0948 elapsed=653.5s
[hamroby-extract] step= 6950/15000 loss=0.0982 elapsed=655.9s
[hamroby-extract] step= 7000/15000 loss=0.0927 elapsed=658.4s
[hamroby-extract] step= 7050/15000 loss=0.0903 elapsed=660.9s
[hamroby-extract] step= 7100/15000 loss=0.0940 elapsed=663.5s
[hamroby-extract] step= 7150/15000 loss=0.0893 elapsed=665.9s
[hamroby-extract] step= 7200/15000 loss=0.0935 elapsed=668.4s
[hamroby-extract] step= 7250/15000 loss=0.1025 elapsed=670.8s
[hamroby-extract] step= 7300/15000 loss=0.0986 elapsed=673.4s
[hamroby-extract] step= 7350/15000 loss=0.1036 elapsed=676.1s
[hamroby-extract] step= 7400/15000 loss=0.1064 elapsed=678.6s
[hamroby-extract] step= 7450/15000 loss=0.0887 elapsed=681.1s
[hamroby-extract] step= 7500/15000 loss=0.0867 elapsed=683.6s
[hamroby-extract] step= 7550/15000 loss=0.1009 elapsed=686.3s
[hamroby-extract] step= 7600/15000 loss=0.0964 elapsed=689.0s
[hamroby-extract] step= 7650/15000 loss=0.0948 elapsed=691.4s
[hamroby-extract] step= 7700/15000 loss=0.0943 elapsed=693.8s
[hamroby-extract] step= 7750/15000 loss=0.0955 elapsed=696.3s
[hamroby-extract] step= 7800/15000 loss=0.0902 elapsed=698.9s
[hamroby-extract] step= 7850/15000 loss=0.1018 elapsed=701.6s
[hamroby-extract] step= 7900/15000 loss=0.0997 elapsed=704.0s
[hamroby-extract] step= 7950/15000 loss=0.0932 elapsed=706.4s
[hamroby-extract] step= 8000/15000 loss=0.0958 elapsed=708.9s
[hamroby-extract] step= 8050/15000 loss=0.1082 elapsed=711.4s
[hamroby-extract] step= 8100/15000 loss=0.0980 elapsed=713.9s
[hamroby-extract] step= 8150/15000 loss=0.0968 elapsed=716.5s
[hamroby-extract] step= 8200/15000 loss=0.1012 elapsed=719.3s
[hamroby-extract] step= 8250/15000 loss=0.0952 elapsed=721.7s
[hamroby-extract] step= 8300/15000 loss=0.0998 elapsed=724.1s
[hamroby-extract] step= 8350/15000 loss=0.0921 elapsed=726.6s
[hamroby-extract] step= 8400/15000 loss=0.0963 elapsed=728.9s
[hamroby-extract] step= 8450/15000 loss=0.0957 elapsed=731.3s
[hamroby-extract] step= 8500/15000 loss=0.0892 elapsed=733.7s
[hamroby-extract] step= 8550/15000 loss=0.0979 elapsed=736.5s
[hamroby-extract] step= 8600/15000 loss=0.0914 elapsed=739.2s
[hamroby-extract] step= 8650/15000 loss=0.0943 elapsed=741.7s
[hamroby-extract] step= 8700/15000 loss=0.0925 elapsed=744.2s
[hamroby-extract] step= 8750/15000 loss=0.0918 elapsed=746.6s
[hamroby-extract] step= 8800/15000 loss=0.0962 elapsed=749.2s
[hamroby-extract] step= 8850/15000 loss=0.1026 elapsed=751.9s
[hamroby-extract] step= 8900/15000 loss=0.0938 elapsed=754.3s
[hamroby-extract] step= 8950/15000 loss=0.0984 elapsed=756.7s
[hamroby-extract] step= 9000/15000 loss=0.0903 elapsed=759.1s
[hamroby-extract] step= 9050/15000 loss=0.0964 elapsed=761.6s
[hamroby-extract] step= 9100/15000 loss=0.0915 elapsed=764.2s
[hamroby-extract] step= 9150/15000 loss=0.0949 elapsed=766.9s
[hamroby-extract] step= 9200/15000 loss=0.1024 elapsed=769.4s
[hamroby-extract] step= 9250/15000 loss=0.0928 elapsed=772.1s
[hamroby-extract] step= 9300/15000 loss=0.1015 elapsed=774.6s
[hamroby-extract] step= 9350/15000 loss=0.0983 elapsed=777.2s
[hamroby-extract] step= 9400/15000 loss=0.0929 elapsed=779.8s
[hamroby-extract] step= 9450/15000 loss=0.0912 elapsed=782.6s
[hamroby-extract] step= 9500/15000 loss=0.0955 elapsed=785.5s
[hamroby-extract] step= 9550/15000 loss=0.0933 elapsed=788.2s
[hamroby-extract] step= 9600/15000 loss=0.0926 elapsed=790.7s
[hamroby-extract] step= 9650/15000 loss=0.0989 elapsed=793.1s
[hamroby-extract] step= 9700/15000 loss=0.0946 elapsed=796.2s
[hamroby-extract] step= 9750/15000 loss=0.0968 elapsed=799.5s
[hamroby-extract] step= 9800/15000 loss=0.0882 elapsed=806.7s
[hamroby-extract] step= 9850/15000 loss=0.0904 elapsed=815.1s
[hamroby-extract] step= 9900/15000 loss=0.0948 elapsed=822.7s
[hamroby-extract] step= 9950/15000 loss=0.0960 elapsed=827.6s
[hamroby-extract] step=10000/15000 loss=0.0936 elapsed=834.4s
[hamroby-extract] step=10050/15000 loss=0.0888 elapsed=841.7s
[hamroby-extract] step=10100/15000 loss=0.0939 elapsed=848.7s
[hamroby-extract] step=10150/15000 loss=0.0916 elapsed=856.0s
[hamroby-extract] step=10200/15000 loss=0.1049 elapsed=863.1s
[hamroby-extract] step=10250/15000 loss=0.0945 elapsed=870.0s
[hamroby-extract] step=10300/15000 loss=0.0932 elapsed=877.6s
[hamroby-extract] step=10350/15000 loss=0.1037 elapsed=884.9s
[hamroby-extract] step=10400/15000 loss=0.0964 elapsed=892.0s
[hamroby-extract] step=10450/15000 loss=0.0939 elapsed=899.1s
[hamroby-extract] step=10500/15000 loss=0.0902 elapsed=906.4s
[hamroby-extract] step=10550/15000 loss=0.0865 elapsed=913.6s
[hamroby-extract] step=10600/15000 loss=0.0975 elapsed=921.0s
[hamroby-extract] step=10650/15000 loss=0.0919 elapsed=928.8s
[hamroby-extract] step=10700/15000 loss=0.0846 elapsed=936.5s
[hamroby-extract] step=10750/15000 loss=0.0983 elapsed=944.3s
[hamroby-extract] step=10800/15000 loss=0.0951 elapsed=951.9s
[hamroby-extract] step=10850/15000 loss=0.0974 elapsed=959.6s
[hamroby-extract] step=10900/15000 loss=0.0976 elapsed=967.0s
[hamroby-extract] step=10950/15000 loss=0.0912 elapsed=974.3s
[hamroby-extract] step=11000/15000 loss=0.0965 elapsed=981.4s
[hamroby-extract] step=11050/15000 loss=0.0935 elapsed=989.5s
[hamroby-extract] step=11100/15000 loss=0.0840 elapsed=996.7s
[hamroby-extract] step=11150/15000 loss=0.0929 elapsed=1004.2s
[hamroby-extract] step=11200/15000 loss=0.0981 elapsed=1011.2s
[hamroby-extract] step=11250/15000 loss=0.0842 elapsed=1019.0s
[hamroby-extract] step=11300/15000 loss=0.0953 elapsed=1026.5s
[hamroby-extract] step=11350/15000 loss=0.0956 elapsed=1033.9s
[hamroby-extract] step=11400/15000 loss=0.0865 elapsed=1041.5s
[hamroby-extract] step=11450/15000 loss=0.0901 elapsed=1049.2s
[hamroby-extract] step=11500/15000 loss=0.0889 elapsed=1057.0s
[hamroby-extract] step=11550/15000 loss=0.0961 elapsed=1064.6s
[hamroby-extract] step=11600/15000 loss=0.0880 elapsed=1071.9s
[hamroby-extract] step=11650/15000 loss=0.0929 elapsed=1079.1s
[hamroby-extract] step=11700/15000 loss=0.0826 elapsed=1086.4s
[hamroby-extract] step=11750/15000 loss=0.0866 elapsed=1093.8s
[hamroby-extract] step=11800/15000 loss=0.0891 elapsed=1101.0s
[hamroby-extract] step=11850/15000 loss=0.0976 elapsed=1108.2s
[hamroby-extract] step=11900/15000 loss=0.0870 elapsed=1115.8s
[hamroby-extract] step=11950/15000 loss=0.0950 elapsed=1123.6s
[hamroby-extract] step=12000/15000 loss=0.0898 elapsed=1131.0s
[hamroby-extract] step=12050/15000 loss=0.0980 elapsed=1138.7s
[hamroby-extract] step=12100/15000 loss=0.0861 elapsed=1146.0s
[hamroby-extract] step=12150/15000 loss=0.0935 elapsed=1153.8s
[hamroby-extract] step=12200/15000 loss=0.0901 elapsed=1161.0s
[hamroby-extract] step=12250/15000 loss=0.1054 elapsed=1168.2s
[hamroby-extract] step=12300/15000 loss=0.0924 elapsed=1175.3s
[hamroby-extract] step=12350/15000 loss=0.0919 elapsed=1182.7s
[hamroby-extract] step=12400/15000 loss=0.0938 elapsed=1190.2s
[hamroby-extract] step=12450/15000 loss=0.0968 elapsed=1197.5s
[hamroby-extract] step=12500/15000 loss=0.0891 elapsed=1205.2s
[hamroby-extract] step=12550/15000 loss=0.0950 elapsed=1212.6s
[hamroby-extract] step=12600/15000 loss=0.0893 elapsed=1220.1s
[hamroby-extract] step=12650/15000 loss=0.0915 elapsed=1227.8s
[hamroby-extract] step=12700/15000 loss=0.0863 elapsed=1235.5s
[hamroby-extract] step=12750/15000 loss=0.0905 elapsed=1243.0s
[hamroby-extract] step=12800/15000 loss=0.1024 elapsed=1250.0s
[hamroby-extract] step=12850/15000 loss=0.0940 elapsed=1257.0s
[hamroby-extract] step=12900/15000 loss=0.0941 elapsed=1264.0s
[hamroby-extract] step=12950/15000 loss=0.0854 elapsed=1271.0s
[hamroby-extract] step=13000/15000 loss=0.0892 elapsed=1278.2s
[hamroby-extract] step=13050/15000 loss=0.0939 elapsed=1285.5s
[hamroby-extract] step=13100/15000 loss=0.0995 elapsed=1293.1s
[hamroby-extract] step=13150/15000 loss=0.0980 elapsed=1300.6s
[hamroby-extract] step=13200/15000 loss=0.0948 elapsed=1308.0s
[hamroby-extract] step=13250/15000 loss=0.0867 elapsed=1315.2s
[hamroby-extract] step=13300/15000 loss=0.0921 elapsed=1322.4s
[hamroby-extract] step=13350/15000 loss=0.0931 elapsed=1329.7s
[hamroby-extract] step=13400/15000 loss=0.0891 elapsed=1337.2s
[hamroby-extract] step=13450/15000 loss=0.0977 elapsed=1344.5s
[hamroby-extract] step=13500/15000 loss=0.0889 elapsed=1351.9s
[hamroby-extract] step=13550/15000 loss=0.0908 elapsed=1359.3s
[hamroby-extract] step=13600/15000 loss=0.0907 elapsed=1366.6s
[hamroby-extract] step=13650/15000 loss=0.0915 elapsed=1374.0s
[hamroby-extract] step=13700/15000 loss=0.0914 elapsed=1381.7s
[hamroby-extract] step=13750/15000 loss=0.0825 elapsed=1389.4s
[hamroby-extract] step=13800/15000 loss=0.0877 elapsed=1397.0s
[hamroby-extract] step=13850/15000 loss=0.0855 elapsed=1404.5s
[hamroby-extract] step=13900/15000 loss=0.0935 elapsed=1411.7s
[hamroby-extract] step=13950/15000 loss=0.0890 elapsed=1418.9s
[hamroby-extract] step=14000/15000 loss=0.0952 elapsed=1426.3s
[hamroby-extract] step=14050/15000 loss=0.1024 elapsed=1433.3s
[hamroby-extract] step=14100/15000 loss=0.0988 elapsed=1440.6s
[hamroby-extract] step=14150/15000 loss=0.0917 elapsed=1447.6s
[hamroby-extract] step=14200/15000 loss=0.0957 elapsed=1455.1s
[hamroby-extract] step=14250/15000 loss=0.0942 elapsed=1462.4s
[hamroby-extract] step=14300/15000 loss=0.0869 elapsed=1469.6s
[hamroby-extract] step=14350/15000 loss=0.1027 elapsed=1476.8s
[hamroby-extract] step=14400/15000 loss=0.0939 elapsed=1484.6s
[hamroby-extract] step=14450/15000 loss=0.0902 elapsed=1492.5s
[hamroby-extract] step=14500/15000 loss=0.0897 elapsed=1499.9s
[hamroby-extract] step=14550/15000 loss=0.0857 elapsed=1507.4s
[hamroby-extract] step=14600/15000 loss=0.0937 elapsed=1514.9s
[hamroby-extract] step=14650/15000 loss=0.0902 elapsed=1522.0s
[hamroby-extract] step=14700/15000 loss=0.0909 elapsed=1529.3s
[hamroby-extract] step=14750/15000 loss=0.0927 elapsed=1536.9s
[hamroby-extract] step=14800/15000 loss=0.0933 elapsed=1544.4s
[hamroby-extract] step=14850/15000 loss=0.0929 elapsed=1551.8s
[hamroby-extract] step=14900/15000 loss=0.0906 elapsed=1558.9s
[hamroby-extract] step=14950/15000 loss=0.0884 elapsed=1566.1s
[hamroby-extract] step=15000/15000 loss=0.0941 elapsed=1573.4s
[hamroby-extract] eval token_acc=0.955 triple_em=0.852
[hamroby-extract] saved src/sara_brain/cortex/checkpoints/hamroby_extractor_v1_aug2.pt
