[synth] using fixed VOCAB_SIZE_SYNTH=425 (generic, no per-brain extension)
[synth] loaded 60492 rows (54443 train / 6049 dev)
[synth] loading L2 base: src/sara_brain/cortex/checkpoints/l2_en_003000.pt
[synth] projected L2 -> synth: copied=218 padded=2 skipped=1
[synth] trainable params: 14,502,144  frozen: 113,604,096  (tok_embed + top 2 of 18 blocks)
==============================================================================
start  2026-05-03T20:28:29
HamRobySum  vocab=425  d=768 h=12 L=18 ff=3072 seq=256
device=cuda  amp=True  batch=16  steps=3000  lr=0.0003->1e-05 warmup=100
data: /tmp/synth_pairs_v2.jsonl  train=54443 rows  dev=6049 rows
ckpts -> src/sara_brain/cortex/checkpoints/hamroby_sum_v2_*.pt
==============================================================================
  step    loss     ppl     lr       tok/s     gpu
-------------------------------------------------
[eval] step=0 (pre-train)  dev_loss=9.4474  dev_ppl=12674.541
     1  8.2480  3819.94  6.00e-06       107     710MB (peak 1367MB)
    20  8.4621  4731.97  6.30e-05      2266     709MB (peak 2733MB)
    40  5.7165  303.83  1.23e-04      2393     710MB (peak 2733MB)
    60  3.4111   30.30  1.83e-04      2557     710MB (peak 2733MB)
    80  2.5875   13.30  2.43e-04      2131     713MB (peak 2735MB)
   100  2.5036   12.23  3.00e-04      2561     712MB (peak 2735MB)
   120  0.9538    2.60  3.00e-04      2389     709MB (peak 2735MB)
   140  1.2574    3.52  3.00e-04      2375     712MB (peak 2735MB)
   160  1.6072    4.99  3.00e-04      2340     710MB (peak 2735MB)
   180  1.7259    5.62  2.99e-04      2307     712MB (peak 2735MB)
   200  1.6732    5.33  2.99e-04      2489     710MB (peak 2735MB)
[eval] step=200  dev_loss=1.2431  dev_ppl=3.466
   220  1.6411    5.16  2.99e-04      1755     711MB (peak 2735MB)
   240  1.6139    5.02  2.98e-04      2385     709MB (peak 2735MB)
   260  0.8901    2.44  2.98e-04      2377     710MB (peak 2735MB)
   280  0.9735    2.65  2.97e-04      2388     710MB (peak 2735MB)
   300  1.0768    2.94  2.97e-04      2329     711MB (peak 2735MB)
   320  1.4174    4.13  2.96e-04      2381     709MB (peak 2735MB)
   340  1.3496    3.86  2.95e-04      2237     710MB (peak 2736MB)
   360  1.4012    4.06  2.94e-04      2265     710MB (peak 2736MB)
   380  1.5851    4.88  2.93e-04      2182     709MB (peak 2736MB)
   400  0.7248    2.06  2.92e-04      2261     710MB (peak 2736MB)
[eval] step=400  dev_loss=1.1819  dev_ppl=3.261
   420  1.6514    5.21  2.91e-04      1996     709MB (peak 2736MB)
   440  0.9385    2.56  2.90e-04      2286     711MB (peak 2736MB)
   460  1.1728    3.23  2.89e-04      2146     711MB (peak 2736MB)
   480  1.9447    6.99  2.88e-04      2482     712MB (peak 2736MB)
   500  1.0952    2.99  2.87e-04      2170     711MB (peak 2736MB)
   520  1.0316    2.81  2.85e-04      2097     712MB (peak 2736MB)
   540  0.8955    2.45  2.84e-04      2234     714MB (peak 2736MB)
   560  1.3798    3.97  2.82e-04      1995     710MB (peak 2736MB)
   580  1.0256    2.79  2.81e-04      2260     711MB (peak 2736MB)
   600  1.5146    4.55  2.79e-04      2504     713MB (peak 2736MB)
[eval] step=600  dev_loss=1.2239  dev_ppl=3.401
   620  1.5390    4.66  2.78e-04      2107     710MB (peak 2736MB)
   640  1.7563    5.79  2.76e-04      2347     711MB (peak 2736MB)
   660  1.3103    3.71  2.74e-04      2412     711MB (peak 2736MB)
   680  1.2257    3.41  2.72e-04      2314     710MB (peak 2736MB)
   700  1.6947    5.45  2.70e-04      2256     711MB (peak 2736MB)
   720  1.4839    4.41  2.69e-04      2489     711MB (peak 2736MB)
   740  1.6596    5.26  2.67e-04      2323     711MB (peak 2736MB)
   760  0.9189    2.51  2.64e-04      2273     710MB (peak 2736MB)
   780  1.4272    4.17  2.62e-04      2437     713MB (peak 2736MB)
   800  1.3360    3.80  2.60e-04      2345     714MB (peak 2736MB)
[eval] step=800  dev_loss=1.1288  dev_ppl=3.092
   820  1.2271    3.41  2.58e-04      2101     713MB (peak 2736MB)
   840  0.5203    1.68  2.56e-04      2433     709MB (peak 2736MB)
   860  1.2023    3.33  2.54e-04      2095     709MB (peak 2736MB)
   880  0.6650    1.94  2.51e-04      2227     714MB (peak 2736MB)
   900  1.1702    3.22  2.49e-04      2289     711MB (peak 2736MB)
   920  1.1384    3.12  2.46e-04      2151     710MB (peak 2736MB)
   940  0.7198    2.05  2.44e-04      2664     711MB (peak 2736MB)
   960  1.4558    4.29  2.41e-04      2381     711MB (peak 2736MB)
   980  0.7840    2.19  2.39e-04      2415     709MB (peak 2736MB)
  1000  1.2271    3.41  2.36e-04      2288     710MB (peak 2736MB)
[eval] step=1000  dev_loss=1.0041  dev_ppl=2.730
  1020  1.4217    4.14  2.34e-04      2054     710MB (peak 2736MB)
  1040  1.0685    2.91  2.31e-04      1996     713MB (peak 2736MB)
  1060  0.9481    2.58  2.28e-04      2043     712MB (peak 2736MB)
  1080  0.3312    1.39  2.26e-04      2533     710MB (peak 2736MB)
  1100  1.0146    2.76  2.23e-04      2236     710MB (peak 2736MB)
  1120  0.8590    2.36  2.20e-04      2077     708MB (peak 2736MB)
  1140  0.1559    1.17  2.17e-04      2342     710MB (peak 2736MB)
  1160  1.0464    2.85  2.14e-04      2315     710MB (peak 2736MB)
  1180  1.2835    3.61  2.12e-04      2226     711MB (peak 2736MB)
  1200  0.5411    1.72  2.09e-04      2270     710MB (peak 2736MB)
[eval] step=1200  dev_loss=1.1337  dev_ppl=3.107
  1220  0.4869    1.63  2.06e-04      1984     711MB (peak 2736MB)
  1240  1.4037    4.07  2.03e-04      2423     713MB (peak 2736MB)
  1260  1.1076    3.03  2.00e-04      2626     711MB (peak 2736MB)
  1280  1.5382    4.66  1.97e-04      2579     710MB (peak 2736MB)
  1300  0.6726    1.96  1.94e-04      2412     709MB (peak 2736MB)
  1320  1.0753    2.93  1.91e-04      2602     710MB (peak 2736MB)
  1340  0.8922    2.44  1.88e-04      2505     710MB (peak 2736MB)
  1360  1.1545    3.17  1.85e-04      2468     711MB (peak 2736MB)
  1380  1.2527    3.50  1.82e-04      2584     711MB (peak 2736MB)
  1400  0.2693    1.31  1.78e-04      2437     708MB (peak 2736MB)
[eval] step=1400  dev_loss=0.8615  dev_ppl=2.367
  1420  0.8908    2.44  1.75e-04      2193     711MB (peak 2736MB)
  1440  1.2496    3.49  1.72e-04      2420     710MB (peak 2736MB)
  1460  0.2219    1.25  1.69e-04      2626     709MB (peak 2736MB)
  1480  1.2791    3.59  1.66e-04      2584     710MB (peak 2736MB)
  1500  1.1362    3.11  1.63e-04      2398     709MB (peak 2736MB)
  1520  0.9863    2.68  1.60e-04      2390     710MB (peak 2736MB)
  1540  0.9147    2.50  1.57e-04      2638     712MB (peak 2736MB)
  1560  0.4348    1.54  1.53e-04      2329     708MB (peak 2736MB)
  1580  1.2539    3.50  1.50e-04      2581     709MB (peak 2736MB)
  1600  1.3707    3.94  1.47e-04      2256     713MB (peak 2736MB)
[eval] step=1600  dev_loss=1.0101  dev_ppl=2.746
  1620  1.3273    3.77  1.44e-04      1871     710MB (peak 2736MB)
  1640  1.3415    3.82  1.41e-04      2458     711MB (peak 2736MB)
  1660  1.3546    3.88  1.38e-04      2633     711MB (peak 2736MB)
  1680  0.8235    2.28  1.35e-04      2697     712MB (peak 2736MB)
  1700  1.3218    3.75  1.32e-04      2727     709MB (peak 2736MB)
  1720  0.9851    2.68  1.28e-04      2335     710MB (peak 2736MB)
  1740  1.3175    3.73  1.25e-04      2463     712MB (peak 2736MB)
  1760  1.2483    3.48  1.22e-04      2372     710MB (peak 2736MB)
  1780  1.1283    3.09  1.19e-04      2154     715MB (peak 2736MB)
  1800  1.0142    2.76  1.16e-04      2460     710MB (peak 2736MB)
[eval] step=1800  dev_loss=0.9505  dev_ppl=2.587
  1820  0.2119    1.24  1.13e-04      2357     711MB (peak 2736MB)
  1840  1.7170    5.57  1.10e-04      2402     713MB (peak 2736MB)
  1860  1.0878    2.97  1.07e-04      2345     709MB (peak 2736MB)
  1880  1.3679    3.93  1.04e-04      2281     710MB (peak 2736MB)
  1900  0.0132    1.01  1.01e-04      2386     711MB (peak 2736MB)
  1920  0.5618    1.75  9.84e-05      2242     710MB (peak 2736MB)
  1940  0.8250    2.28  9.55e-05      2449     711MB (peak 2736MB)
  1960  1.0064    2.74  9.27e-05      2768     712MB (peak 2736MB)
  1980  1.1510    3.16  8.99e-05      2255     709MB (peak 2736MB)
  2000  1.3508    3.86  8.71e-05      2640     712MB (peak 2736MB)
[eval] step=2000  dev_loss=1.0052  dev_ppl=2.732
  2020  0.6826    1.98  8.43e-05      2015     709MB (peak 2736MB)
  2040  1.3116    3.71  8.16e-05      2314     709MB (peak 2736MB)
  2060  1.0666    2.91  7.89e-05      2417     710MB (peak 2736MB)
  2080  1.4733    4.36  7.62e-05      2277     713MB (peak 2736MB)
  2100  0.9773    2.66  7.36e-05      2224     711MB (peak 2736MB)
  2120  0.7645    2.15  7.10e-05      2270     711MB (peak 2736MB)
  2140  0.6194    1.86  6.85e-05      2510     709MB (peak 2736MB)
  2160  1.5080    4.52  6.60e-05      2363     714MB (peak 2736MB)
  2180  0.6874    1.99  6.35e-05      2318     709MB (peak 2736MB)
  2200  1.3784    3.97  6.11e-05      2142     710MB (peak 2736MB)
[eval] step=2200  dev_loss=0.9023  dev_ppl=2.465
  2220  0.4524    1.57  5.88e-05      1773     713MB (peak 2736MB)
  2240  1.1508    3.16  5.64e-05      2544     712MB (peak 2736MB)
  2260  1.2381    3.45  5.41e-05      2261     711MB (peak 2736MB)
  2280  0.3198    1.38  5.19e-05      2091     709MB (peak 2736MB)
  2300  0.8568    2.36  4.97e-05      2271     710MB (peak 2736MB)
  2320  1.4384    4.21  4.76e-05      2373     713MB (peak 2736MB)
  2340  1.0768    2.94  4.55e-05      2353     712MB (peak 2736MB)
  2360  0.6614    1.94  4.35e-05      2375     713MB (peak 2736MB)
  2380  1.2708    3.56  4.15e-05      2279     712MB (peak 2736MB)
  2400  1.4770    4.38  3.96e-05      2569     711MB (peak 2736MB)
[eval] step=2400  dev_loss=1.0438  dev_ppl=2.840
  2420  0.5181    1.68  3.77e-05      1888     709MB (peak 2736MB)
  2440  0.8245    2.28  3.59e-05      2234     710MB (peak 2736MB)
  2460  0.7524    2.12  3.41e-05      2463     710MB (peak 2736MB)
  2480  1.1339    3.11  3.24e-05      2363     712MB (peak 2736MB)
  2500  1.3732    3.95  3.08e-05      2495     710MB (peak 2736MB)
  2520  1.3232    3.76  2.92e-05      2180     712MB (peak 2736MB)
  2540  0.7317    2.08  2.76e-05      2269     708MB (peak 2736MB)
  2560  0.3283    1.39  2.62e-05      2244     709MB (peak 2736MB)
  2580  0.7312    2.08  2.48e-05      2374     710MB (peak 2736MB)
  2600  1.5018    4.49  2.34e-05      2226     711MB (peak 2736MB)
[eval] step=2600  dev_loss=1.0965  dev_ppl=2.994
  2620  1.3251    3.76  2.21e-05      1923     711MB (peak 2736MB)
  2640  1.5610    4.76  2.09e-05      2248     713MB (peak 2736MB)
  2660  0.8264    2.29  1.97e-05      2372     711MB (peak 2736MB)
  2680  0.9162    2.50  1.86e-05      2338     709MB (peak 2736MB)
  2700  0.8557    2.35  1.76e-05      2125     711MB (peak 2736MB)
  2720  1.1140    3.05  1.66e-05      2255     709MB (peak 2736MB)
  2740  1.3625    3.91  1.57e-05      2304     709MB (peak 2736MB)
  2760  1.2097    3.35  1.49e-05      2257     710MB (peak 2736MB)
  2780  0.8560    2.35  1.41e-05      2311     710MB (peak 2736MB)
  2800  0.6024    1.83  1.34e-05      2446     708MB (peak 2736MB)
[eval] step=2800  dev_loss=0.9366  dev_ppl=2.551
  2820  0.5458    1.73  1.27e-05      1910     709MB (peak 2736MB)
  2840  1.4655    4.33  1.22e-05      2570     711MB (peak 2736MB)
  2860  1.5970    4.94  1.17e-05      2371     711MB (peak 2736MB)
  2880  0.4209    1.52  1.12e-05      2249     711MB (peak 2736MB)
  2900  0.5528    1.74  1.08e-05      2234     710MB (peak 2736MB)
  2920  0.8425    2.32  1.05e-05      2180     710MB (peak 2736MB)
  2940  1.6398    5.15  1.03e-05      2339     710MB (peak 2736MB)
  2960  1.0654    2.90  1.01e-05      2116     712MB (peak 2736MB)
  2980  0.4308    1.54  1.00e-05      2053     710MB (peak 2736MB)
  3000  0.8717    2.39  1.00e-05      2357     710MB (peak 2736MB)
[eval] step=3000  dev_loss=0.9928  dev_ppl=2.699
[ckpt] src/sara_brain/cortex/checkpoints/hamroby_sum_v2_003000.pt
==============================================================================
done   2026-05-03T20:34:39  final_loss=0.8717  final_dev_loss=0.9928  (pre-train dev_loss was 9.4474)
