[hamroby-extract] device=cuda
[hamroby-extract] generating features (train 209336 + eval 13753 pairs)...
[hamroby-extract] train 5000/209336 (404/s, eta 506s, kept 5000)
[hamroby-extract] train 10000/209336 (405/s, eta 492s, kept 10000)
[hamroby-extract] train 15000/209336 (394/s, eta 494s, kept 15000)
[hamroby-extract] train 20000/209336 (389/s, eta 487s, kept 20000)
[hamroby-extract] train 25000/209336 (392/s, eta 470s, kept 25000)
[hamroby-extract] train 30000/209336 (394/s, eta 455s, kept 30000)
[hamroby-extract] train 35000/209336 (393/s, eta 443s, kept 35000)
[hamroby-extract] train 40000/209336 (391/s, eta 434s, kept 40000)
[hamroby-extract] train 45000/209336 (389/s, eta 423s, kept 45000)
[hamroby-extract] train 50000/209336 (389/s, eta 409s, kept 50000)
[hamroby-extract] train 55000/209336 (388/s, eta 398s, kept 55000)
[hamroby-extract] train 60000/209336 (388/s, eta 385s, kept 60000)
[hamroby-extract] train 65000/209336 (388/s, eta 372s, kept 65000)
[hamroby-extract] train 70000/209336 (387/s, eta 360s, kept 70000)
[hamroby-extract] train 75000/209336 (387/s, eta 347s, kept 75000)
[hamroby-extract] train 80000/209336 (387/s, eta 334s, kept 80000)
[hamroby-extract] train 85000/209336 (386/s, eta 322s, kept 85000)
[hamroby-extract] train 90000/209336 (386/s, eta 309s, kept 90000)
[hamroby-extract] train 95000/209336 (387/s, eta 296s, kept 95000)
[hamroby-extract] train 100000/209336 (387/s, eta 283s, kept 100000)
[hamroby-extract] train 105000/209336 (387/s, eta 269s, kept 105000)
[hamroby-extract] train 110000/209336 (388/s, eta 256s, kept 110000)
[hamroby-extract] train 115000/209336 (388/s, eta 243s, kept 115000)
[hamroby-extract] train 120000/209336 (389/s, eta 230s, kept 120000)
[hamroby-extract] train 125000/209336 (390/s, eta 216s, kept 125000)
[hamroby-extract] train 130000/209336 (390/s, eta 203s, kept 130000)
[hamroby-extract] train 135000/209336 (391/s, eta 190s, kept 135000)
[hamroby-extract] train 140000/209336 (391/s, eta 178s, kept 140000)
[hamroby-extract] train 145000/209336 (391/s, eta 165s, kept 145000)
[hamroby-extract] train 150000/209336 (391/s, eta 152s, kept 150000)
[hamroby-extract] train 155000/209336 (391/s, eta 139s, kept 155000)
[hamroby-extract] train 160000/209336 (391/s, eta 126s, kept 160000)
[hamroby-extract] train 165000/209336 (391/s, eta 113s, kept 165000)
[hamroby-extract] train 170000/209336 (391/s, eta 101s, kept 170000)
[hamroby-extract] train 175000/209336 (391/s, eta 88s, kept 175000)
[hamroby-extract] train 180000/209336 (391/s, eta 75s, kept 180000)
[hamroby-extract] train 185000/209336 (391/s, eta 62s, kept 185000)
[hamroby-extract] train 190000/209336 (391/s, eta 49s, kept 190000)
[hamroby-extract] train 195000/209336 (392/s, eta 37s, kept 195000)
[hamroby-extract] train 200000/209336 (391/s, eta 24s, kept 200000)
[hamroby-extract] train 205000/209336 (391/s, eta 11s, kept 205000)
[hamroby-extract] train 209336/209336 (391/s, eta 0s, kept 209336)
[hamroby-extract] eval 5000/13753 (406/s, eta 22s, kept 5000)
[hamroby-extract] eval 10000/13753 (403/s, eta 9s, kept 10000)
[hamroby-extract] eval 13753/13753 (403/s, eta 0s, kept 13753)
[hamroby-extract] usable train_examples=209336 eval_examples=13753
[hamroby-extract] size=base d_model=256 n_layers=4 params=3,337,895
[hamroby-extract] step=    1/15000 loss=1.9402 elapsed=0.6s
[hamroby-extract] step=   50/15000 loss=0.8832 elapsed=2.0s
[hamroby-extract] step=  100/15000 loss=0.3709 elapsed=3.3s
[hamroby-extract] step=  150/15000 loss=0.2443 elapsed=4.6s
[hamroby-extract] step=  200/15000 loss=0.1956 elapsed=6.2s
[hamroby-extract] step=  250/15000 loss=0.1767 elapsed=7.8s
[hamroby-extract] step=  300/15000 loss=0.1806 elapsed=9.3s
[hamroby-extract] step=  350/15000 loss=0.1604 elapsed=10.7s
[hamroby-extract] step=  400/15000 loss=0.1520 elapsed=12.0s
[hamroby-extract] step=  450/15000 loss=0.1578 elapsed=13.4s
[hamroby-extract] step=  500/15000 loss=0.1549 elapsed=14.7s
[hamroby-extract] step=  550/15000 loss=0.1422 elapsed=16.2s
[hamroby-extract] step=  600/15000 loss=0.1455 elapsed=17.8s
[hamroby-extract] step=  650/15000 loss=0.1403 elapsed=19.3s
[hamroby-extract] step=  700/15000 loss=0.1358 elapsed=20.7s
[hamroby-extract] step=  750/15000 loss=0.1217 elapsed=22.4s
[hamroby-extract] step=  800/15000 loss=0.1333 elapsed=23.8s
[hamroby-extract] step=  850/15000 loss=0.1424 elapsed=25.2s
[hamroby-extract] step=  900/15000 loss=0.1381 elapsed=26.5s
[hamroby-extract] step=  950/15000 loss=0.1304 elapsed=27.8s
[hamroby-extract] step= 1000/15000 loss=0.1358 elapsed=29.2s
[hamroby-extract] step= 1050/15000 loss=0.1278 elapsed=30.5s
[hamroby-extract] step= 1100/15000 loss=0.1254 elapsed=31.8s
[hamroby-extract] step= 1150/15000 loss=0.1221 elapsed=33.2s
[hamroby-extract] step= 1200/15000 loss=0.1140 elapsed=34.4s
[hamroby-extract] step= 1250/15000 loss=0.1315 elapsed=35.8s
[hamroby-extract] step= 1300/15000 loss=0.1234 elapsed=37.2s
[hamroby-extract] step= 1350/15000 loss=0.1228 elapsed=38.5s
[hamroby-extract] step= 1400/15000 loss=0.1289 elapsed=40.0s
[hamroby-extract] step= 1450/15000 loss=0.1220 elapsed=41.6s
[hamroby-extract] step= 1500/15000 loss=0.1222 elapsed=43.2s
[hamroby-extract] step= 1550/15000 loss=0.1244 elapsed=44.8s
[hamroby-extract] step= 1600/15000 loss=0.1188 elapsed=46.5s
[hamroby-extract] step= 1650/15000 loss=0.1220 elapsed=47.8s
[hamroby-extract] step= 1700/15000 loss=0.1327 elapsed=49.2s
[hamroby-extract] step= 1750/15000 loss=0.1212 elapsed=50.6s
[hamroby-extract] step= 1800/15000 loss=0.1288 elapsed=52.1s
[hamroby-extract] step= 1850/15000 loss=0.1249 elapsed=53.5s
[hamroby-extract] step= 1900/15000 loss=0.1152 elapsed=54.8s
[hamroby-extract] step= 1950/15000 loss=0.1160 elapsed=56.3s
[hamroby-extract] step= 2000/15000 loss=0.1295 elapsed=57.9s
[hamroby-extract] step= 2050/15000 loss=0.1175 elapsed=59.2s
[hamroby-extract] step= 2100/15000 loss=0.1186 elapsed=60.6s
[hamroby-extract] step= 2150/15000 loss=0.1178 elapsed=62.0s
[hamroby-extract] step= 2200/15000 loss=0.1251 elapsed=63.4s
[hamroby-extract] step= 2250/15000 loss=0.1136 elapsed=64.8s
[hamroby-extract] step= 2300/15000 loss=0.1138 elapsed=66.4s
[hamroby-extract] step= 2350/15000 loss=0.1120 elapsed=68.2s
[hamroby-extract] step= 2400/15000 loss=0.1236 elapsed=69.6s
[hamroby-extract] step= 2450/15000 loss=0.1142 elapsed=71.0s
[hamroby-extract] step= 2500/15000 loss=0.1191 elapsed=72.5s
[hamroby-extract] step= 2550/15000 loss=0.1015 elapsed=74.2s
[hamroby-extract] step= 2600/15000 loss=0.1207 elapsed=75.7s
[hamroby-extract] step= 2650/15000 loss=0.1107 elapsed=77.4s
[hamroby-extract] step= 2700/15000 loss=0.1076 elapsed=78.8s
[hamroby-extract] step= 2750/15000 loss=0.1035 elapsed=80.2s
[hamroby-extract] step= 2800/15000 loss=0.1178 elapsed=81.4s
[hamroby-extract] step= 2850/15000 loss=0.1249 elapsed=83.0s
[hamroby-extract] step= 2900/15000 loss=0.1061 elapsed=84.5s
[hamroby-extract] step= 2950/15000 loss=0.1164 elapsed=86.0s
[hamroby-extract] step= 3000/15000 loss=0.1109 elapsed=87.6s
[hamroby-extract] step= 3050/15000 loss=0.1058 elapsed=89.1s
[hamroby-extract] step= 3100/15000 loss=0.1073 elapsed=90.6s
[hamroby-extract] step= 3150/15000 loss=0.1018 elapsed=91.9s
[hamroby-extract] step= 3200/15000 loss=0.1078 elapsed=93.3s
[hamroby-extract] step= 3250/15000 loss=0.1010 elapsed=94.6s
[hamroby-extract] step= 3300/15000 loss=0.1008 elapsed=96.0s
[hamroby-extract] step= 3350/15000 loss=0.1103 elapsed=97.5s
[hamroby-extract] step= 3400/15000 loss=0.1039 elapsed=99.1s
[hamroby-extract] step= 3450/15000 loss=0.1081 elapsed=100.6s
[hamroby-extract] step= 3500/15000 loss=0.1051 elapsed=102.0s
[hamroby-extract] step= 3550/15000 loss=0.1026 elapsed=103.3s
[hamroby-extract] step= 3600/15000 loss=0.1050 elapsed=104.6s
[hamroby-extract] step= 3650/15000 loss=0.0973 elapsed=106.1s
[hamroby-extract] step= 3700/15000 loss=0.1179 elapsed=107.7s
[hamroby-extract] step= 3750/15000 loss=0.1062 elapsed=109.2s
[hamroby-extract] step= 3800/15000 loss=0.0987 elapsed=110.6s
[hamroby-extract] step= 3850/15000 loss=0.1129 elapsed=112.2s
[hamroby-extract] step= 3900/15000 loss=0.1109 elapsed=113.6s
[hamroby-extract] step= 3950/15000 loss=0.1150 elapsed=115.1s
[hamroby-extract] step= 4000/15000 loss=0.1077 elapsed=116.4s
[hamroby-extract] step= 4050/15000 loss=0.1097 elapsed=117.8s
[hamroby-extract] step= 4100/15000 loss=0.0986 elapsed=119.3s
[hamroby-extract] step= 4150/15000 loss=0.1067 elapsed=120.6s
[hamroby-extract] step= 4200/15000 loss=0.1079 elapsed=122.0s
[hamroby-extract] step= 4250/15000 loss=0.1023 elapsed=123.3s
[hamroby-extract] step= 4300/15000 loss=0.1182 elapsed=124.8s
[hamroby-extract] step= 4350/15000 loss=0.1016 elapsed=126.4s
[hamroby-extract] step= 4400/15000 loss=0.0920 elapsed=127.7s
[hamroby-extract] step= 4450/15000 loss=0.1007 elapsed=129.2s
[hamroby-extract] step= 4500/15000 loss=0.1007 elapsed=130.5s
[hamroby-extract] step= 4550/15000 loss=0.1020 elapsed=132.0s
[hamroby-extract] step= 4600/15000 loss=0.0992 elapsed=133.6s
[hamroby-extract] step= 4650/15000 loss=0.1011 elapsed=135.3s
[hamroby-extract] step= 4700/15000 loss=0.0955 elapsed=137.0s
[hamroby-extract] step= 4750/15000 loss=0.1025 elapsed=138.5s
[hamroby-extract] step= 4800/15000 loss=0.0930 elapsed=140.1s
[hamroby-extract] step= 4850/15000 loss=0.1103 elapsed=141.6s
[hamroby-extract] step= 4900/15000 loss=0.1016 elapsed=143.2s
[hamroby-extract] step= 4950/15000 loss=0.1004 elapsed=144.5s
[hamroby-extract] step= 5000/15000 loss=0.1179 elapsed=145.8s
[hamroby-extract] step= 5050/15000 loss=0.1109 elapsed=147.3s
[hamroby-extract] step= 5100/15000 loss=0.1081 elapsed=148.6s
[hamroby-extract] step= 5150/15000 loss=0.1077 elapsed=150.1s
[hamroby-extract] step= 5200/15000 loss=0.1095 elapsed=151.7s
[hamroby-extract] step= 5250/15000 loss=0.1055 elapsed=153.3s
[hamroby-extract] step= 5300/15000 loss=0.0875 elapsed=155.0s
[hamroby-extract] step= 5350/15000 loss=0.1060 elapsed=156.5s
[hamroby-extract] step= 5400/15000 loss=0.0943 elapsed=157.8s
[hamroby-extract] step= 5450/15000 loss=0.0977 elapsed=159.2s
[hamroby-extract] step= 5500/15000 loss=0.1001 elapsed=160.7s
[hamroby-extract] step= 5550/15000 loss=0.1114 elapsed=162.4s
[hamroby-extract] step= 5600/15000 loss=0.1112 elapsed=164.0s
[hamroby-extract] step= 5650/15000 loss=0.1047 elapsed=165.5s
[hamroby-extract] step= 5700/15000 loss=0.1051 elapsed=166.8s
[hamroby-extract] step= 5750/15000 loss=0.1035 elapsed=168.1s
[hamroby-extract] step= 5800/15000 loss=0.1018 elapsed=169.6s
[hamroby-extract] step= 5850/15000 loss=0.1030 elapsed=170.9s
[hamroby-extract] step= 5900/15000 loss=0.1082 elapsed=172.2s
[hamroby-extract] step= 5950/15000 loss=0.0919 elapsed=173.5s
[hamroby-extract] step= 6000/15000 loss=0.0967 elapsed=174.8s
[hamroby-extract] step= 6050/15000 loss=0.1067 elapsed=176.1s
[hamroby-extract] step= 6100/15000 loss=0.1117 elapsed=177.4s
[hamroby-extract] step= 6150/15000 loss=0.0934 elapsed=178.8s
[hamroby-extract] step= 6200/15000 loss=0.0966 elapsed=180.0s
[hamroby-extract] step= 6250/15000 loss=0.1061 elapsed=181.4s
[hamroby-extract] step= 6300/15000 loss=0.1119 elapsed=182.7s
[hamroby-extract] step= 6350/15000 loss=0.0912 elapsed=184.0s
[hamroby-extract] step= 6400/15000 loss=0.1008 elapsed=185.3s
[hamroby-extract] step= 6450/15000 loss=0.1015 elapsed=186.7s
[hamroby-extract] step= 6500/15000 loss=0.1013 elapsed=188.0s
[hamroby-extract] step= 6550/15000 loss=0.1044 elapsed=189.3s
[hamroby-extract] step= 6600/15000 loss=0.1070 elapsed=190.7s
[hamroby-extract] step= 6650/15000 loss=0.1009 elapsed=192.2s
[hamroby-extract] step= 6700/15000 loss=0.1070 elapsed=193.7s
[hamroby-extract] step= 6750/15000 loss=0.1044 elapsed=195.2s
[hamroby-extract] step= 6800/15000 loss=0.0932 elapsed=196.8s
[hamroby-extract] step= 6850/15000 loss=0.1002 elapsed=198.2s
[hamroby-extract] step= 6900/15000 loss=0.0956 elapsed=199.6s
[hamroby-extract] step= 6950/15000 loss=0.1002 elapsed=201.6s
[hamroby-extract] step= 7000/15000 loss=0.0980 elapsed=203.8s
[hamroby-extract] step= 7050/15000 loss=0.1026 elapsed=206.0s
[hamroby-extract] step= 7100/15000 loss=0.0999 elapsed=207.4s
[hamroby-extract] step= 7150/15000 loss=0.0992 elapsed=208.7s
[hamroby-extract] step= 7200/15000 loss=0.0977 elapsed=210.1s
[hamroby-extract] step= 7250/15000 loss=0.1005 elapsed=211.5s
[hamroby-extract] step= 7300/15000 loss=0.0938 elapsed=212.8s
[hamroby-extract] step= 7350/15000 loss=0.0928 elapsed=214.3s
[hamroby-extract] step= 7400/15000 loss=0.1078 elapsed=215.7s
[hamroby-extract] step= 7450/15000 loss=0.0988 elapsed=217.2s
[hamroby-extract] step= 7500/15000 loss=0.0966 elapsed=218.7s
[hamroby-extract] step= 7550/15000 loss=0.0991 elapsed=220.2s
[hamroby-extract] step= 7600/15000 loss=0.1027 elapsed=221.5s
[hamroby-extract] step= 7650/15000 loss=0.1011 elapsed=222.8s
[hamroby-extract] step= 7700/15000 loss=0.0949 elapsed=224.1s
[hamroby-extract] step= 7750/15000 loss=0.1069 elapsed=225.5s
[hamroby-extract] step= 7800/15000 loss=0.1006 elapsed=226.9s
[hamroby-extract] step= 7850/15000 loss=0.0963 elapsed=228.4s
[hamroby-extract] step= 7900/15000 loss=0.0992 elapsed=229.8s
[hamroby-extract] step= 7950/15000 loss=0.0912 elapsed=231.1s
[hamroby-extract] step= 8000/15000 loss=0.0954 elapsed=232.5s
[hamroby-extract] step= 8050/15000 loss=0.0994 elapsed=233.9s
[hamroby-extract] step= 8100/15000 loss=0.1116 elapsed=235.4s
[hamroby-extract] step= 8150/15000 loss=0.0940 elapsed=237.0s
[hamroby-extract] step= 8200/15000 loss=0.0991 elapsed=238.6s
[hamroby-extract] step= 8250/15000 loss=0.1008 elapsed=240.3s
[hamroby-extract] step= 8300/15000 loss=0.1050 elapsed=242.0s
[hamroby-extract] step= 8350/15000 loss=0.0987 elapsed=243.5s
[hamroby-extract] step= 8400/15000 loss=0.1029 elapsed=244.9s
[hamroby-extract] step= 8450/15000 loss=0.1051 elapsed=246.2s
[hamroby-extract] step= 8500/15000 loss=0.1023 elapsed=247.5s
[hamroby-extract] step= 8550/15000 loss=0.0976 elapsed=248.9s
[hamroby-extract] step= 8600/15000 loss=0.1060 elapsed=250.2s
[hamroby-extract] step= 8650/15000 loss=0.0972 elapsed=251.6s
[hamroby-extract] step= 8700/15000 loss=0.1052 elapsed=253.0s
[hamroby-extract] step= 8750/15000 loss=0.0995 elapsed=254.4s
[hamroby-extract] step= 8800/15000 loss=0.1004 elapsed=255.8s
[hamroby-extract] step= 8850/15000 loss=0.1083 elapsed=257.2s
[hamroby-extract] step= 8900/15000 loss=0.1040 elapsed=258.9s
[hamroby-extract] step= 8950/15000 loss=0.0961 elapsed=260.7s
[hamroby-extract] step= 9000/15000 loss=0.1003 elapsed=262.2s
[hamroby-extract] step= 9050/15000 loss=0.1044 elapsed=263.5s
[hamroby-extract] step= 9100/15000 loss=0.1005 elapsed=264.8s
[hamroby-extract] step= 9150/15000 loss=0.0991 elapsed=266.3s
[hamroby-extract] step= 9200/15000 loss=0.0970 elapsed=267.6s
[hamroby-extract] step= 9250/15000 loss=0.0878 elapsed=268.9s
[hamroby-extract] step= 9300/15000 loss=0.0922 elapsed=270.3s
[hamroby-extract] step= 9350/15000 loss=0.0882 elapsed=271.6s
[hamroby-extract] step= 9400/15000 loss=0.0956 elapsed=273.1s
[hamroby-extract] step= 9450/15000 loss=0.0924 elapsed=274.6s
[hamroby-extract] step= 9500/15000 loss=0.0955 elapsed=275.9s
[hamroby-extract] step= 9550/15000 loss=0.1077 elapsed=277.3s
[hamroby-extract] step= 9600/15000 loss=0.0966 elapsed=278.6s
[hamroby-extract] step= 9650/15000 loss=0.0997 elapsed=280.0s
[hamroby-extract] step= 9700/15000 loss=0.0871 elapsed=281.4s
[hamroby-extract] step= 9750/15000 loss=0.0979 elapsed=282.7s
[hamroby-extract] step= 9800/15000 loss=0.0992 elapsed=284.2s
[hamroby-extract] step= 9850/15000 loss=0.0999 elapsed=285.7s
[hamroby-extract] step= 9900/15000 loss=0.1002 elapsed=287.3s
[hamroby-extract] step= 9950/15000 loss=0.1053 elapsed=288.9s
[hamroby-extract] step=10000/15000 loss=0.0880 elapsed=290.4s
[hamroby-extract] step=10050/15000 loss=0.0969 elapsed=291.8s
[hamroby-extract] step=10100/15000 loss=0.0996 elapsed=293.2s
[hamroby-extract] step=10150/15000 loss=0.0905 elapsed=294.7s
[hamroby-extract] step=10200/15000 loss=0.0922 elapsed=296.1s
[hamroby-extract] step=10250/15000 loss=0.0837 elapsed=297.5s
[hamroby-extract] step=10300/15000 loss=0.0979 elapsed=298.8s
[hamroby-extract] step=10350/15000 loss=0.0978 elapsed=300.2s
[hamroby-extract] step=10400/15000 loss=0.1003 elapsed=301.7s
[hamroby-extract] step=10450/15000 loss=0.0954 elapsed=303.2s
[hamroby-extract] step=10500/15000 loss=0.0953 elapsed=304.9s
[hamroby-extract] step=10550/15000 loss=0.0965 elapsed=306.4s
[hamroby-extract] step=10600/15000 loss=0.1014 elapsed=307.7s
[hamroby-extract] step=10650/15000 loss=0.1009 elapsed=309.3s
[hamroby-extract] step=10700/15000 loss=0.0967 elapsed=310.7s
[hamroby-extract] step=10750/15000 loss=0.0972 elapsed=312.2s
[hamroby-extract] step=10800/15000 loss=0.0952 elapsed=313.5s
[hamroby-extract] step=10850/15000 loss=0.0961 elapsed=314.8s
[hamroby-extract] step=10900/15000 loss=0.0911 elapsed=316.2s
[hamroby-extract] step=10950/15000 loss=0.0850 elapsed=317.6s
[hamroby-extract] step=11000/15000 loss=0.0845 elapsed=319.0s
[hamroby-extract] step=11050/15000 loss=0.0846 elapsed=320.3s
[hamroby-extract] step=11100/15000 loss=0.0847 elapsed=321.8s
[hamroby-extract] step=11150/15000 loss=0.0961 elapsed=323.3s
[hamroby-extract] step=11200/15000 loss=0.0997 elapsed=324.6s
[hamroby-extract] step=11250/15000 loss=0.1048 elapsed=326.0s
[hamroby-extract] step=11300/15000 loss=0.0896 elapsed=327.3s
[hamroby-extract] step=11350/15000 loss=0.0943 elapsed=328.8s
[hamroby-extract] step=11400/15000 loss=0.0931 elapsed=330.3s
[hamroby-extract] step=11450/15000 loss=0.1000 elapsed=331.7s
[hamroby-extract] step=11500/15000 loss=0.0981 elapsed=333.1s
[hamroby-extract] step=11550/15000 loss=0.1001 elapsed=334.8s
[hamroby-extract] step=11600/15000 loss=0.0945 elapsed=336.5s
[hamroby-extract] step=11650/15000 loss=0.0905 elapsed=338.1s
[hamroby-extract] step=11700/15000 loss=0.0920 elapsed=339.8s
[hamroby-extract] step=11750/15000 loss=0.1009 elapsed=341.6s
[hamroby-extract] step=11800/15000 loss=0.1032 elapsed=343.2s
[hamroby-extract] step=11850/15000 loss=0.0930 elapsed=344.9s
[hamroby-extract] step=11900/15000 loss=0.0857 elapsed=346.3s
[hamroby-extract] step=11950/15000 loss=0.0863 elapsed=347.9s
[hamroby-extract] step=12000/15000 loss=0.0969 elapsed=349.5s
[hamroby-extract] step=12050/15000 loss=0.0825 elapsed=351.1s
[hamroby-extract] step=12100/15000 loss=0.0955 elapsed=352.8s
[hamroby-extract] step=12150/15000 loss=0.0923 elapsed=354.4s
[hamroby-extract] step=12200/15000 loss=0.0859 elapsed=356.0s
[hamroby-extract] step=12250/15000 loss=0.0933 elapsed=357.7s
[hamroby-extract] step=12300/15000 loss=0.0954 elapsed=359.4s
[hamroby-extract] step=12350/15000 loss=0.0854 elapsed=360.9s
[hamroby-extract] step=12400/15000 loss=0.1009 elapsed=362.4s
[hamroby-extract] step=12450/15000 loss=0.0987 elapsed=363.7s
[hamroby-extract] step=12500/15000 loss=0.0958 elapsed=365.0s
[hamroby-extract] step=12550/15000 loss=0.0844 elapsed=366.6s
[hamroby-extract] step=12600/15000 loss=0.1014 elapsed=368.0s
[hamroby-extract] step=12650/15000 loss=0.0982 elapsed=369.4s
[hamroby-extract] step=12700/15000 loss=0.1037 elapsed=370.7s
[hamroby-extract] step=12750/15000 loss=0.0910 elapsed=372.0s
[hamroby-extract] step=12800/15000 loss=0.0892 elapsed=373.5s
[hamroby-extract] step=12850/15000 loss=0.0869 elapsed=374.8s
[hamroby-extract] step=12900/15000 loss=0.0864 elapsed=376.5s
[hamroby-extract] step=12950/15000 loss=0.0919 elapsed=377.8s
[hamroby-extract] step=13000/15000 loss=0.0959 elapsed=379.2s
[hamroby-extract] step=13050/15000 loss=0.0965 elapsed=380.5s
[hamroby-extract] step=13100/15000 loss=0.0977 elapsed=381.9s
[hamroby-extract] step=13150/15000 loss=0.0892 elapsed=383.2s
[hamroby-extract] step=13200/15000 loss=0.0958 elapsed=384.6s
[hamroby-extract] step=13250/15000 loss=0.0979 elapsed=386.1s
[hamroby-extract] step=13300/15000 loss=0.0823 elapsed=387.5s
[hamroby-extract] step=13350/15000 loss=0.0960 elapsed=388.9s
[hamroby-extract] step=13400/15000 loss=0.1002 elapsed=390.2s
[hamroby-extract] step=13450/15000 loss=0.0875 elapsed=391.5s
[hamroby-extract] step=13500/15000 loss=0.0967 elapsed=392.8s
[hamroby-extract] step=13550/15000 loss=0.0890 elapsed=394.0s
[hamroby-extract] step=13600/15000 loss=0.1035 elapsed=395.3s
[hamroby-extract] step=13650/15000 loss=0.0895 elapsed=396.6s
[hamroby-extract] step=13700/15000 loss=0.0990 elapsed=397.9s
[hamroby-extract] step=13750/15000 loss=0.0942 elapsed=399.2s
[hamroby-extract] step=13800/15000 loss=0.0994 elapsed=400.4s
[hamroby-extract] step=13850/15000 loss=0.0957 elapsed=401.9s
[hamroby-extract] step=13900/15000 loss=0.0929 elapsed=403.3s
[hamroby-extract] step=13950/15000 loss=0.1017 elapsed=404.6s
[hamroby-extract] step=14000/15000 loss=0.0828 elapsed=406.1s
[hamroby-extract] step=14050/15000 loss=0.0809 elapsed=407.4s
[hamroby-extract] step=14100/15000 loss=0.0960 elapsed=408.7s
[hamroby-extract] step=14150/15000 loss=0.1027 elapsed=410.2s
[hamroby-extract] step=14200/15000 loss=0.0878 elapsed=411.6s
[hamroby-extract] step=14250/15000 loss=0.0899 elapsed=413.0s
[hamroby-extract] step=14300/15000 loss=0.0993 elapsed=414.3s
[hamroby-extract] step=14350/15000 loss=0.0964 elapsed=415.7s
[hamroby-extract] step=14400/15000 loss=0.0905 elapsed=417.0s
[hamroby-extract] step=14450/15000 loss=0.0893 elapsed=418.3s
[hamroby-extract] step=14500/15000 loss=0.0977 elapsed=419.6s
[hamroby-extract] step=14550/15000 loss=0.0938 elapsed=421.1s
[hamroby-extract] step=14600/15000 loss=0.0915 elapsed=422.8s
[hamroby-extract] step=14650/15000 loss=0.0948 elapsed=424.6s
[hamroby-extract] step=14700/15000 loss=0.0877 elapsed=425.9s
[hamroby-extract] step=14750/15000 loss=0.0924 elapsed=427.1s
[hamroby-extract] step=14800/15000 loss=0.0935 elapsed=428.5s
[hamroby-extract] step=14850/15000 loss=0.0887 elapsed=429.8s
[hamroby-extract] step=14900/15000 loss=0.0956 elapsed=431.3s
[hamroby-extract] step=14950/15000 loss=0.1057 elapsed=432.7s
[hamroby-extract] step=15000/15000 loss=0.0939 elapsed=434.1s
[hamroby-extract] eval token_acc=0.952 triple_em=0.823
[hamroby-extract] saved src/sara_brain/cortex/checkpoints/hamroby_extractor_v1.pt
