[hamroby-extract] device=cuda
[hamroby-extract] generating features (train 229436 + eval 15316 pairs)...
[hamroby-extract] train 5000/229436 (417/s, eta 539s, kept 5000)
[hamroby-extract] train 10000/229436 (415/s, eta 529s, kept 10000)
[hamroby-extract] train 15000/229436 (413/s, eta 519s, kept 15000)
[hamroby-extract] train 20000/229436 (414/s, eta 505s, kept 20000)
[hamroby-extract] train 25000/229436 (415/s, eta 493s, kept 25000)
[hamroby-extract] train 30000/229436 (416/s, eta 480s, kept 30000)
[hamroby-extract] train 35000/229436 (415/s, eta 469s, kept 35000)
[hamroby-extract] train 40000/229436 (415/s, eta 456s, kept 40000)
[hamroby-extract] train 45000/229436 (416/s, eta 444s, kept 45000)
[hamroby-extract] train 50000/229436 (416/s, eta 431s, kept 50000)
[hamroby-extract] train 55000/229436 (417/s, eta 418s, kept 55000)
[hamroby-extract] train 60000/229436 (417/s, eta 406s, kept 60000)
[hamroby-extract] train 65000/229436 (416/s, eta 395s, kept 65000)
[hamroby-extract] train 70000/229436 (417/s, eta 383s, kept 70000)
[hamroby-extract] train 75000/229436 (415/s, eta 372s, kept 75000)
[hamroby-extract] train 80000/229436 (413/s, eta 361s, kept 80000)
[hamroby-extract] train 85000/229436 (413/s, eta 350s, kept 85000)
[hamroby-extract] train 90000/229436 (412/s, eta 339s, kept 90000)
[hamroby-extract] train 95000/229436 (411/s, eta 327s, kept 95000)
[hamroby-extract] train 100000/229436 (411/s, eta 315s, kept 100000)
[hamroby-extract] train 105000/229436 (410/s, eta 304s, kept 105000)
[hamroby-extract] train 110000/229436 (410/s, eta 291s, kept 110000)
[hamroby-extract] train 115000/229436 (410/s, eta 279s, kept 115000)
[hamroby-extract] train 120000/229436 (410/s, eta 267s, kept 120000)
[hamroby-extract] train 125000/229436 (410/s, eta 255s, kept 125000)
[hamroby-extract] train 130000/229436 (409/s, eta 243s, kept 130000)
[hamroby-extract] train 135000/229436 (409/s, eta 231s, kept 135000)
[hamroby-extract] train 140000/229436 (409/s, eta 219s, kept 140000)
[hamroby-extract] train 145000/229436 (409/s, eta 207s, kept 145000)
[hamroby-extract] train 150000/229436 (409/s, eta 194s, kept 150000)
[hamroby-extract] train 155000/229436 (409/s, eta 182s, kept 155000)
[hamroby-extract] train 160000/229436 (409/s, eta 170s, kept 160000)
[hamroby-extract] train 165000/229436 (409/s, eta 157s, kept 165000)
[hamroby-extract] train 170000/229436 (409/s, eta 145s, kept 170000)
[hamroby-extract] train 175000/229436 (409/s, eta 133s, kept 175000)
[hamroby-extract] train 180000/229436 (409/s, eta 121s, kept 180000)
[hamroby-extract] train 185000/229436 (409/s, eta 109s, kept 185000)
[hamroby-extract] train 190000/229436 (409/s, eta 96s, kept 190000)
[hamroby-extract] train 195000/229436 (409/s, eta 84s, kept 195000)
[hamroby-extract] train 200000/229436 (409/s, eta 72s, kept 200000)
[hamroby-extract] train 205000/229436 (409/s, eta 60s, kept 205000)
[hamroby-extract] train 210000/229436 (409/s, eta 48s, kept 210000)
[hamroby-extract] train 215000/229436 (409/s, eta 35s, kept 215000)
[hamroby-extract] train 220000/229436 (409/s, eta 23s, kept 220000)
[hamroby-extract] train 225000/229436 (409/s, eta 11s, kept 225000)
[hamroby-extract] train 229436/229436 (409/s, eta 0s, kept 229436)
[hamroby-extract] eval 5000/15316 (397/s, eta 26s, kept 5000)
[hamroby-extract] eval 10000/15316 (405/s, eta 13s, kept 10000)
[hamroby-extract] eval 15000/15316 (407/s, eta 1s, kept 15000)
[hamroby-extract] eval 15316/15316 (407/s, eta 0s, kept 15316)
[hamroby-extract] usable train_examples=229436 eval_examples=15316
[hamroby-extract] size=base d_model=256 n_layers=4 params=3,337,895
[hamroby-extract] step=    1/15000 loss=1.9485 elapsed=0.5s
[hamroby-extract] step=   50/15000 loss=0.9193 elapsed=1.9s
[hamroby-extract] step=  100/15000 loss=0.4101 elapsed=3.4s
[hamroby-extract] step=  150/15000 loss=0.2570 elapsed=4.9s
[hamroby-extract] step=  200/15000 loss=0.2374 elapsed=6.5s
[hamroby-extract] step=  250/15000 loss=0.1870 elapsed=7.8s
[hamroby-extract] step=  300/15000 loss=0.1830 elapsed=9.4s
[hamroby-extract] step=  350/15000 loss=0.1687 elapsed=11.1s
[hamroby-extract] step=  400/15000 loss=0.1557 elapsed=12.6s
[hamroby-extract] step=  450/15000 loss=0.1616 elapsed=13.8s
[hamroby-extract] step=  500/15000 loss=0.1459 elapsed=15.1s
[hamroby-extract] step=  550/15000 loss=0.1471 elapsed=16.3s
[hamroby-extract] step=  600/15000 loss=0.1328 elapsed=17.8s
[hamroby-extract] step=  650/15000 loss=0.1452 elapsed=19.1s
[hamroby-extract] step=  700/15000 loss=0.1385 elapsed=20.4s
[hamroby-extract] step=  750/15000 loss=0.1362 elapsed=21.9s
[hamroby-extract] step=  800/15000 loss=0.1324 elapsed=23.2s
[hamroby-extract] step=  850/15000 loss=0.1271 elapsed=24.7s
[hamroby-extract] step=  900/15000 loss=0.1248 elapsed=26.2s
[hamroby-extract] step=  950/15000 loss=0.1350 elapsed=27.7s
[hamroby-extract] step= 1000/15000 loss=0.1224 elapsed=29.1s
[hamroby-extract] step= 1050/15000 loss=0.1182 elapsed=30.6s
[hamroby-extract] step= 1100/15000 loss=0.1145 elapsed=31.9s
[hamroby-extract] step= 1150/15000 loss=0.1199 elapsed=33.4s
[hamroby-extract] step= 1200/15000 loss=0.1254 elapsed=34.8s
[hamroby-extract] step= 1250/15000 loss=0.1263 elapsed=36.2s
[hamroby-extract] step= 1300/15000 loss=0.1397 elapsed=37.6s
[hamroby-extract] step= 1350/15000 loss=0.1227 elapsed=39.0s
[hamroby-extract] step= 1400/15000 loss=0.1157 elapsed=40.5s
[hamroby-extract] step= 1450/15000 loss=0.1270 elapsed=42.1s
[hamroby-extract] step= 1500/15000 loss=0.1212 elapsed=43.5s
[hamroby-extract] step= 1550/15000 loss=0.1200 elapsed=44.8s
[hamroby-extract] step= 1600/15000 loss=0.1152 elapsed=46.0s
[hamroby-extract] step= 1650/15000 loss=0.1356 elapsed=47.2s
[hamroby-extract] step= 1700/15000 loss=0.1138 elapsed=48.5s
[hamroby-extract] step= 1750/15000 loss=0.1140 elapsed=49.8s
[hamroby-extract] step= 1800/15000 loss=0.1324 elapsed=51.1s
[hamroby-extract] step= 1850/15000 loss=0.1125 elapsed=52.3s
[hamroby-extract] step= 1900/15000 loss=0.1225 elapsed=53.5s
[hamroby-extract] step= 1950/15000 loss=0.1192 elapsed=54.8s
[hamroby-extract] step= 2000/15000 loss=0.1049 elapsed=56.0s
[hamroby-extract] step= 2050/15000 loss=0.1187 elapsed=57.3s
[hamroby-extract] step= 2100/15000 loss=0.1134 elapsed=58.5s
[hamroby-extract] step= 2150/15000 loss=0.1202 elapsed=59.8s
[hamroby-extract] step= 2200/15000 loss=0.1183 elapsed=61.3s
[hamroby-extract] step= 2250/15000 loss=0.1122 elapsed=62.7s
[hamroby-extract] step= 2300/15000 loss=0.1029 elapsed=64.0s
[hamroby-extract] step= 2350/15000 loss=0.1114 elapsed=65.4s
[hamroby-extract] step= 2400/15000 loss=0.1213 elapsed=66.8s
[hamroby-extract] step= 2450/15000 loss=0.1066 elapsed=68.0s
[hamroby-extract] step= 2500/15000 loss=0.1217 elapsed=69.4s
[hamroby-extract] step= 2550/15000 loss=0.1184 elapsed=70.6s
[hamroby-extract] step= 2600/15000 loss=0.1122 elapsed=71.8s
[hamroby-extract] step= 2650/15000 loss=0.0990 elapsed=73.3s
[hamroby-extract] step= 2700/15000 loss=0.1202 elapsed=74.8s
[hamroby-extract] step= 2750/15000 loss=0.1069 elapsed=76.2s
[hamroby-extract] step= 2800/15000 loss=0.1075 elapsed=77.7s
[hamroby-extract] step= 2850/15000 loss=0.1090 elapsed=79.2s
[hamroby-extract] step= 2900/15000 loss=0.1017 elapsed=80.7s
[hamroby-extract] step= 2950/15000 loss=0.1046 elapsed=82.0s
[hamroby-extract] step= 3000/15000 loss=0.1054 elapsed=83.7s
[hamroby-extract] step= 3050/15000 loss=0.0974 elapsed=85.3s
[hamroby-extract] step= 3100/15000 loss=0.1124 elapsed=86.6s
[hamroby-extract] step= 3150/15000 loss=0.1087 elapsed=88.1s
[hamroby-extract] step= 3200/15000 loss=0.0984 elapsed=89.5s
[hamroby-extract] step= 3250/15000 loss=0.1094 elapsed=90.9s
[hamroby-extract] step= 3300/15000 loss=0.1036 elapsed=92.4s
[hamroby-extract] step= 3350/15000 loss=0.1116 elapsed=93.8s
[hamroby-extract] step= 3400/15000 loss=0.1067 elapsed=95.1s
[hamroby-extract] step= 3450/15000 loss=0.1014 elapsed=96.5s
[hamroby-extract] step= 3500/15000 loss=0.1195 elapsed=97.8s
[hamroby-extract] step= 3550/15000 loss=0.1057 elapsed=99.0s
[hamroby-extract] step= 3600/15000 loss=0.0973 elapsed=100.4s
[hamroby-extract] step= 3650/15000 loss=0.1154 elapsed=101.8s
[hamroby-extract] step= 3700/15000 loss=0.1030 elapsed=103.4s
[hamroby-extract] step= 3750/15000 loss=0.1022 elapsed=104.8s
[hamroby-extract] step= 3800/15000 loss=0.1035 elapsed=106.0s
[hamroby-extract] step= 3850/15000 loss=0.1023 elapsed=107.6s
[hamroby-extract] step= 3900/15000 loss=0.1107 elapsed=109.0s
[hamroby-extract] step= 3950/15000 loss=0.1090 elapsed=110.3s
[hamroby-extract] step= 4000/15000 loss=0.1020 elapsed=111.7s
[hamroby-extract] step= 4050/15000 loss=0.0998 elapsed=113.1s
[hamroby-extract] step= 4100/15000 loss=0.1191 elapsed=114.5s
[hamroby-extract] step= 4150/15000 loss=0.1032 elapsed=116.1s
[hamroby-extract] step= 4200/15000 loss=0.1071 elapsed=117.6s
[hamroby-extract] step= 4250/15000 loss=0.1047 elapsed=119.1s
[hamroby-extract] step= 4300/15000 loss=0.1172 elapsed=120.5s
[hamroby-extract] step= 4350/15000 loss=0.1005 elapsed=122.0s
[hamroby-extract] step= 4400/15000 loss=0.1037 elapsed=123.4s
[hamroby-extract] step= 4450/15000 loss=0.1024 elapsed=124.7s
[hamroby-extract] step= 4500/15000 loss=0.1031 elapsed=126.1s
[hamroby-extract] step= 4550/15000 loss=0.0996 elapsed=127.5s
[hamroby-extract] step= 4600/15000 loss=0.1161 elapsed=128.8s
[hamroby-extract] step= 4650/15000 loss=0.1021 elapsed=130.0s
[hamroby-extract] step= 4700/15000 loss=0.0968 elapsed=131.3s
[hamroby-extract] step= 4750/15000 loss=0.1008 elapsed=132.7s
[hamroby-extract] step= 4800/15000 loss=0.0961 elapsed=133.9s
[hamroby-extract] step= 4850/15000 loss=0.1076 elapsed=135.2s
[hamroby-extract] step= 4900/15000 loss=0.1101 elapsed=136.4s
[hamroby-extract] step= 4950/15000 loss=0.1036 elapsed=137.6s
[hamroby-extract] step= 5000/15000 loss=0.1025 elapsed=138.9s
[hamroby-extract] step= 5050/15000 loss=0.1050 elapsed=140.0s
[hamroby-extract] step= 5100/15000 loss=0.1007 elapsed=141.3s
[hamroby-extract] step= 5150/15000 loss=0.1018 elapsed=142.7s
[hamroby-extract] step= 5200/15000 loss=0.0979 elapsed=144.0s
[hamroby-extract] step= 5250/15000 loss=0.1040 elapsed=145.3s
[hamroby-extract] step= 5300/15000 loss=0.1017 elapsed=147.0s
[hamroby-extract] step= 5350/15000 loss=0.1033 elapsed=148.8s
[hamroby-extract] step= 5400/15000 loss=0.0954 elapsed=150.2s
[hamroby-extract] step= 5450/15000 loss=0.0936 elapsed=151.6s
[hamroby-extract] step= 5500/15000 loss=0.1088 elapsed=153.2s
[hamroby-extract] step= 5550/15000 loss=0.1064 elapsed=154.5s
[hamroby-extract] step= 5600/15000 loss=0.1072 elapsed=155.9s
[hamroby-extract] step= 5650/15000 loss=0.1077 elapsed=157.5s
[hamroby-extract] step= 5700/15000 loss=0.0974 elapsed=158.8s
[hamroby-extract] step= 5750/15000 loss=0.1045 elapsed=160.3s
[hamroby-extract] step= 5800/15000 loss=0.1010 elapsed=161.6s
[hamroby-extract] step= 5850/15000 loss=0.0995 elapsed=162.8s
[hamroby-extract] step= 5900/15000 loss=0.0920 elapsed=164.0s
[hamroby-extract] step= 5950/15000 loss=0.1082 elapsed=165.3s
[hamroby-extract] step= 6000/15000 loss=0.0986 elapsed=166.6s
[hamroby-extract] step= 6050/15000 loss=0.1031 elapsed=168.0s
[hamroby-extract] step= 6100/15000 loss=0.0969 elapsed=169.5s
[hamroby-extract] step= 6150/15000 loss=0.1035 elapsed=171.0s
[hamroby-extract] step= 6200/15000 loss=0.0984 elapsed=172.7s
[hamroby-extract] step= 6250/15000 loss=0.1027 elapsed=174.0s
[hamroby-extract] step= 6300/15000 loss=0.1027 elapsed=175.3s
[hamroby-extract] step= 6350/15000 loss=0.1002 elapsed=176.4s
[hamroby-extract] step= 6400/15000 loss=0.0986 elapsed=177.7s
[hamroby-extract] step= 6450/15000 loss=0.1082 elapsed=178.9s
[hamroby-extract] step= 6500/15000 loss=0.0988 elapsed=180.2s
[hamroby-extract] step= 6550/15000 loss=0.1020 elapsed=181.6s
[hamroby-extract] step= 6600/15000 loss=0.1065 elapsed=183.2s
[hamroby-extract] step= 6650/15000 loss=0.0947 elapsed=184.8s
[hamroby-extract] step= 6700/15000 loss=0.1135 elapsed=186.3s
[hamroby-extract] step= 6750/15000 loss=0.0917 elapsed=187.9s
[hamroby-extract] step= 6800/15000 loss=0.1187 elapsed=189.4s
[hamroby-extract] step= 6850/15000 loss=0.1011 elapsed=190.8s
[hamroby-extract] step= 6900/15000 loss=0.0962 elapsed=192.1s
[hamroby-extract] step= 6950/15000 loss=0.1019 elapsed=193.4s
[hamroby-extract] step= 7000/15000 loss=0.1088 elapsed=195.0s
[hamroby-extract] step= 7050/15000 loss=0.1023 elapsed=196.4s
[hamroby-extract] step= 7100/15000 loss=0.0972 elapsed=197.7s
[hamroby-extract] step= 7150/15000 loss=0.0985 elapsed=199.0s
[hamroby-extract] step= 7200/15000 loss=0.0990 elapsed=200.4s
[hamroby-extract] step= 7250/15000 loss=0.0900 elapsed=202.0s
[hamroby-extract] step= 7300/15000 loss=0.1113 elapsed=203.8s
[hamroby-extract] step= 7350/15000 loss=0.0893 elapsed=205.3s
[hamroby-extract] step= 7400/15000 loss=0.1018 elapsed=206.6s
[hamroby-extract] step= 7450/15000 loss=0.0997 elapsed=207.9s
[hamroby-extract] step= 7500/15000 loss=0.0972 elapsed=209.6s
[hamroby-extract] step= 7550/15000 loss=0.0940 elapsed=210.9s
[hamroby-extract] step= 7600/15000 loss=0.1003 elapsed=212.4s
[hamroby-extract] step= 7650/15000 loss=0.0999 elapsed=213.9s
[hamroby-extract] step= 7700/15000 loss=0.0966 elapsed=215.4s
[hamroby-extract] step= 7750/15000 loss=0.0942 elapsed=216.7s
[hamroby-extract] step= 7800/15000 loss=0.0961 elapsed=217.8s
[hamroby-extract] step= 7850/15000 loss=0.1003 elapsed=219.1s
[hamroby-extract] step= 7900/15000 loss=0.0945 elapsed=220.3s
[hamroby-extract] step= 7950/15000 loss=0.0967 elapsed=221.6s
[hamroby-extract] step= 8000/15000 loss=0.0937 elapsed=222.9s
[hamroby-extract] step= 8050/15000 loss=0.0922 elapsed=224.2s
[hamroby-extract] step= 8100/15000 loss=0.0974 elapsed=225.6s
[hamroby-extract] step= 8150/15000 loss=0.0916 elapsed=227.0s
[hamroby-extract] step= 8200/15000 loss=0.0951 elapsed=228.5s
[hamroby-extract] step= 8250/15000 loss=0.0958 elapsed=229.9s
[hamroby-extract] step= 8300/15000 loss=0.0937 elapsed=231.2s
[hamroby-extract] step= 8350/15000 loss=0.1047 elapsed=232.5s
[hamroby-extract] step= 8400/15000 loss=0.1026 elapsed=233.9s
[hamroby-extract] step= 8450/15000 loss=0.0946 elapsed=235.5s
[hamroby-extract] step= 8500/15000 loss=0.1090 elapsed=237.0s
[hamroby-extract] step= 8550/15000 loss=0.0923 elapsed=238.3s
[hamroby-extract] step= 8600/15000 loss=0.0985 elapsed=239.6s
[hamroby-extract] step= 8650/15000 loss=0.0997 elapsed=240.8s
[hamroby-extract] step= 8700/15000 loss=0.0933 elapsed=242.2s
[hamroby-extract] step= 8750/15000 loss=0.0952 elapsed=243.7s
[hamroby-extract] step= 8800/15000 loss=0.0977 elapsed=244.9s
[hamroby-extract] step= 8850/15000 loss=0.0890 elapsed=246.2s
[hamroby-extract] step= 8900/15000 loss=0.0999 elapsed=247.4s
[hamroby-extract] step= 8950/15000 loss=0.0884 elapsed=248.9s
[hamroby-extract] step= 9000/15000 loss=0.1081 elapsed=250.1s
[hamroby-extract] step= 9050/15000 loss=0.0983 elapsed=251.4s
[hamroby-extract] step= 9100/15000 loss=0.1051 elapsed=252.6s
[hamroby-extract] step= 9150/15000 loss=0.1032 elapsed=253.8s
[hamroby-extract] step= 9200/15000 loss=0.0997 elapsed=255.1s
[hamroby-extract] step= 9250/15000 loss=0.0891 elapsed=256.5s
[hamroby-extract] step= 9300/15000 loss=0.0968 elapsed=257.8s
[hamroby-extract] step= 9350/15000 loss=0.0959 elapsed=259.1s
[hamroby-extract] step= 9400/15000 loss=0.0954 elapsed=260.4s
[hamroby-extract] step= 9450/15000 loss=0.1066 elapsed=261.6s
[hamroby-extract] step= 9500/15000 loss=0.0896 elapsed=263.0s
[hamroby-extract] step= 9550/15000 loss=0.0994 elapsed=264.4s
[hamroby-extract] step= 9600/15000 loss=0.1125 elapsed=265.9s
[hamroby-extract] step= 9650/15000 loss=0.1060 elapsed=267.5s
[hamroby-extract] step= 9700/15000 loss=0.0975 elapsed=268.8s
[hamroby-extract] step= 9750/15000 loss=0.0949 elapsed=270.2s
[hamroby-extract] step= 9800/15000 loss=0.0985 elapsed=271.4s
[hamroby-extract] step= 9850/15000 loss=0.0999 elapsed=272.8s
[hamroby-extract] step= 9900/15000 loss=0.0935 elapsed=274.1s
[hamroby-extract] step= 9950/15000 loss=0.0965 elapsed=275.4s
[hamroby-extract] step=10000/15000 loss=0.0833 elapsed=276.7s
[hamroby-extract] step=10050/15000 loss=0.1072 elapsed=278.1s
[hamroby-extract] step=10100/15000 loss=0.1029 elapsed=279.6s
[hamroby-extract] step=10150/15000 loss=0.0949 elapsed=281.0s
[hamroby-extract] step=10200/15000 loss=0.0947 elapsed=282.4s
[hamroby-extract] step=10250/15000 loss=0.0914 elapsed=283.9s
[hamroby-extract] step=10300/15000 loss=0.0951 elapsed=285.1s
[hamroby-extract] step=10350/15000 loss=0.0961 elapsed=286.3s
[hamroby-extract] step=10400/15000 loss=0.0926 elapsed=287.5s
[hamroby-extract] step=10450/15000 loss=0.0970 elapsed=288.8s
[hamroby-extract] step=10500/15000 loss=0.0995 elapsed=290.2s
[hamroby-extract] step=10550/15000 loss=0.1062 elapsed=291.5s
[hamroby-extract] step=10600/15000 loss=0.0948 elapsed=292.7s
[hamroby-extract] step=10650/15000 loss=0.1028 elapsed=294.0s
[hamroby-extract] step=10700/15000 loss=0.0943 elapsed=295.3s
[hamroby-extract] step=10750/15000 loss=0.0977 elapsed=296.7s
[hamroby-extract] step=10800/15000 loss=0.0913 elapsed=298.4s
[hamroby-extract] step=10850/15000 loss=0.0992 elapsed=299.6s
[hamroby-extract] step=10900/15000 loss=0.0918 elapsed=300.9s
[hamroby-extract] step=10950/15000 loss=0.1096 elapsed=302.1s
[hamroby-extract] step=11000/15000 loss=0.1032 elapsed=303.4s
[hamroby-extract] step=11050/15000 loss=0.0938 elapsed=304.6s
[hamroby-extract] step=11100/15000 loss=0.0950 elapsed=305.7s
[hamroby-extract] step=11150/15000 loss=0.0974 elapsed=307.1s
[hamroby-extract] step=11200/15000 loss=0.0964 elapsed=308.5s
[hamroby-extract] step=11250/15000 loss=0.0934 elapsed=310.0s
[hamroby-extract] step=11300/15000 loss=0.0993 elapsed=311.5s
[hamroby-extract] step=11350/15000 loss=0.0874 elapsed=312.7s
[hamroby-extract] step=11400/15000 loss=0.0916 elapsed=314.1s
[hamroby-extract] step=11450/15000 loss=0.1048 elapsed=315.5s
[hamroby-extract] step=11500/15000 loss=0.0901 elapsed=316.8s
[hamroby-extract] step=11550/15000 loss=0.0931 elapsed=318.3s
[hamroby-extract] step=11600/15000 loss=0.0977 elapsed=319.8s
[hamroby-extract] step=11650/15000 loss=0.0917 elapsed=321.2s
[hamroby-extract] step=11700/15000 loss=0.0906 elapsed=322.6s
[hamroby-extract] step=11750/15000 loss=0.0876 elapsed=323.9s
[hamroby-extract] step=11800/15000 loss=0.1013 elapsed=325.3s
[hamroby-extract] step=11850/15000 loss=0.0883 elapsed=326.7s
[hamroby-extract] step=11900/15000 loss=0.0836 elapsed=328.0s
[hamroby-extract] step=11950/15000 loss=0.0936 elapsed=329.3s
[hamroby-extract] step=12000/15000 loss=0.0970 elapsed=330.5s
[hamroby-extract] step=12050/15000 loss=0.1004 elapsed=331.7s
[hamroby-extract] step=12100/15000 loss=0.1009 elapsed=332.9s
[hamroby-extract] step=12150/15000 loss=0.0979 elapsed=334.2s
[hamroby-extract] step=12200/15000 loss=0.0941 elapsed=335.8s
[hamroby-extract] step=12250/15000 loss=0.0964 elapsed=337.3s
[hamroby-extract] step=12300/15000 loss=0.0870 elapsed=338.7s
[hamroby-extract] step=12350/15000 loss=0.0920 elapsed=340.2s
[hamroby-extract] step=12400/15000 loss=0.0887 elapsed=341.4s
[hamroby-extract] step=12450/15000 loss=0.0991 elapsed=342.6s
[hamroby-extract] step=12500/15000 loss=0.0929 elapsed=343.9s
[hamroby-extract] step=12550/15000 loss=0.0917 elapsed=345.1s
[hamroby-extract] step=12600/15000 loss=0.0853 elapsed=346.3s
[hamroby-extract] step=12650/15000 loss=0.0948 elapsed=347.6s
[hamroby-extract] step=12700/15000 loss=0.0936 elapsed=348.9s
[hamroby-extract] step=12750/15000 loss=0.0939 elapsed=350.3s
[hamroby-extract] step=12800/15000 loss=0.0992 elapsed=351.8s
[hamroby-extract] step=12850/15000 loss=0.1008 elapsed=353.4s
[hamroby-extract] step=12900/15000 loss=0.0890 elapsed=354.8s
[hamroby-extract] step=12950/15000 loss=0.0948 elapsed=356.1s
[hamroby-extract] step=13000/15000 loss=0.0955 elapsed=357.6s
[hamroby-extract] step=13050/15000 loss=0.0938 elapsed=358.8s
[hamroby-extract] step=13100/15000 loss=0.0892 elapsed=360.1s
[hamroby-extract] step=13150/15000 loss=0.0921 elapsed=361.7s
[hamroby-extract] step=13200/15000 loss=0.0899 elapsed=363.0s
[hamroby-extract] step=13250/15000 loss=0.0910 elapsed=364.2s
[hamroby-extract] step=13300/15000 loss=0.1010 elapsed=365.4s
[hamroby-extract] step=13350/15000 loss=0.0934 elapsed=366.8s
[hamroby-extract] step=13400/15000 loss=0.0994 elapsed=368.2s
[hamroby-extract] step=13450/15000 loss=0.0949 elapsed=369.7s
[hamroby-extract] step=13500/15000 loss=0.0972 elapsed=371.3s
[hamroby-extract] step=13550/15000 loss=0.0841 elapsed=372.5s
[hamroby-extract] step=13600/15000 loss=0.0954 elapsed=373.8s
[hamroby-extract] step=13650/15000 loss=0.1038 elapsed=375.0s
[hamroby-extract] step=13700/15000 loss=0.1007 elapsed=376.2s
[hamroby-extract] step=13750/15000 loss=0.0885 elapsed=377.7s
[hamroby-extract] step=13800/15000 loss=0.0954 elapsed=379.0s
[hamroby-extract] step=13850/15000 loss=0.0959 elapsed=380.4s
[hamroby-extract] step=13900/15000 loss=0.1010 elapsed=381.6s
[hamroby-extract] step=13950/15000 loss=0.1016 elapsed=383.1s
[hamroby-extract] step=14000/15000 loss=0.0992 elapsed=384.4s
[hamroby-extract] step=14050/15000 loss=0.0927 elapsed=385.6s
[hamroby-extract] step=14100/15000 loss=0.0934 elapsed=386.7s
[hamroby-extract] step=14150/15000 loss=0.0976 elapsed=388.1s
[hamroby-extract] step=14200/15000 loss=0.0878 elapsed=389.4s
[hamroby-extract] step=14250/15000 loss=0.0902 elapsed=390.7s
[hamroby-extract] step=14300/15000 loss=0.0925 elapsed=392.2s
[hamroby-extract] step=14350/15000 loss=0.0855 elapsed=393.5s
[hamroby-extract] step=14400/15000 loss=0.0987 elapsed=395.0s
[hamroby-extract] step=14450/15000 loss=0.0929 elapsed=396.2s
[hamroby-extract] step=14500/15000 loss=0.0910 elapsed=397.5s
[hamroby-extract] step=14550/15000 loss=0.0909 elapsed=398.8s
[hamroby-extract] step=14600/15000 loss=0.0943 elapsed=400.1s
[hamroby-extract] step=14650/15000 loss=0.1000 elapsed=401.4s
[hamroby-extract] step=14700/15000 loss=0.0976 elapsed=402.7s
[hamroby-extract] step=14750/15000 loss=0.0920 elapsed=404.1s
[hamroby-extract] step=14800/15000 loss=0.0985 elapsed=405.6s
[hamroby-extract] step=14850/15000 loss=0.0896 elapsed=407.2s
[hamroby-extract] step=14900/15000 loss=0.0987 elapsed=408.6s
[hamroby-extract] step=14950/15000 loss=0.0893 elapsed=410.0s
[hamroby-extract] step=15000/15000 loss=0.0937 elapsed=411.3s
[hamroby-extract] eval token_acc=0.953 triple_em=0.834
[hamroby-extract] saved src/sara_brain/cortex/checkpoints/hamroby_extractor_v1_aug5.pt
