[hamroby-extract] device=cuda
[hamroby-extract] generating features (train 230213 + eval 15559 pairs)...
[hamroby-extract] train 5000/230213 (408/s, eta 552s, kept 5000)
[hamroby-extract] train 10000/230213 (411/s, eta 536s, kept 10000)
[hamroby-extract] train 15000/230213 (409/s, eta 526s, kept 15000)
[hamroby-extract] train 20000/230213 (408/s, eta 515s, kept 20000)
[hamroby-extract] train 25000/230213 (408/s, eta 503s, kept 25000)
[hamroby-extract] train 30000/230213 (408/s, eta 491s, kept 30000)
[hamroby-extract] train 35000/230213 (404/s, eta 484s, kept 35000)
[hamroby-extract] train 40000/230213 (402/s, eta 473s, kept 40000)
[hamroby-extract] train 45000/230213 (401/s, eta 462s, kept 45000)
[hamroby-extract] train 50000/230213 (401/s, eta 449s, kept 50000)
[hamroby-extract] train 55000/230213 (402/s, eta 436s, kept 55000)
[hamroby-extract] train 60000/230213 (401/s, eta 425s, kept 60000)
[hamroby-extract] train 65000/230213 (400/s, eta 413s, kept 65000)
[hamroby-extract] train 70000/230213 (401/s, eta 400s, kept 70000)
[hamroby-extract] train 75000/230213 (401/s, eta 387s, kept 75000)
[hamroby-extract] train 80000/230213 (402/s, eta 374s, kept 80000)
[hamroby-extract] train 85000/230213 (402/s, eta 361s, kept 85000)
[hamroby-extract] train 90000/230213 (403/s, eta 348s, kept 90000)
[hamroby-extract] train 95000/230213 (403/s, eta 336s, kept 95000)
[hamroby-extract] train 100000/230213 (403/s, eta 323s, kept 100000)
[hamroby-extract] train 105000/230213 (403/s, eta 311s, kept 105000)
[hamroby-extract] train 110000/230213 (402/s, eta 299s, kept 110000)
[hamroby-extract] train 115000/230213 (402/s, eta 287s, kept 115000)
[hamroby-extract] train 120000/230213 (402/s, eta 274s, kept 120000)
[hamroby-extract] train 125000/230213 (403/s, eta 261s, kept 125000)
[hamroby-extract] train 130000/230213 (402/s, eta 249s, kept 130000)
[hamroby-extract] train 135000/230213 (403/s, eta 236s, kept 135000)
[hamroby-extract] train 140000/230213 (403/s, eta 224s, kept 140000)
[hamroby-extract] train 145000/230213 (404/s, eta 211s, kept 145000)
[hamroby-extract] train 150000/230213 (404/s, eta 199s, kept 150000)
[hamroby-extract] train 155000/230213 (404/s, eta 186s, kept 155000)
[hamroby-extract] train 160000/230213 (405/s, eta 174s, kept 160000)
[hamroby-extract] train 165000/230213 (405/s, eta 161s, kept 165000)
[hamroby-extract] train 170000/230213 (405/s, eta 149s, kept 170000)
[hamroby-extract] train 175000/230213 (405/s, eta 136s, kept 175000)
[hamroby-extract] train 180000/230213 (405/s, eta 124s, kept 180000)
[hamroby-extract] train 185000/230213 (405/s, eta 112s, kept 185000)
[hamroby-extract] train 190000/230213 (406/s, eta 99s, kept 190000)
[hamroby-extract] train 195000/230213 (406/s, eta 87s, kept 195000)
[hamroby-extract] train 200000/230213 (406/s, eta 74s, kept 200000)
[hamroby-extract] train 205000/230213 (406/s, eta 62s, kept 205000)
[hamroby-extract] train 210000/230213 (406/s, eta 50s, kept 210000)
[hamroby-extract] train 215000/230213 (406/s, eta 37s, kept 215000)
[hamroby-extract] train 220000/230213 (407/s, eta 25s, kept 220000)
[hamroby-extract] train 225000/230213 (407/s, eta 13s, kept 225000)
[hamroby-extract] train 230000/230213 (407/s, eta 1s, kept 230000)
[hamroby-extract] train 230213/230213 (407/s, eta 0s, kept 230213)
[hamroby-extract] eval 5000/15559 (397/s, eta 27s, kept 5000)
[hamroby-extract] eval 10000/15559 (405/s, eta 14s, kept 10000)
[hamroby-extract] eval 15000/15559 (407/s, eta 1s, kept 15000)
[hamroby-extract] eval 15559/15559 (407/s, eta 0s, kept 15559)
[hamroby-extract] usable train_examples=230213 eval_examples=15559
[hamroby-extract] size=base d_model=256 n_layers=4 params=3,337,895
[hamroby-extract] step=    1/15000 loss=1.9328 elapsed=0.5s
[hamroby-extract] step=   50/15000 loss=0.9354 elapsed=1.9s
[hamroby-extract] step=  100/15000 loss=0.4029 elapsed=3.1s
[hamroby-extract] step=  150/15000 loss=0.2722 elapsed=4.3s
[hamroby-extract] step=  200/15000 loss=0.2138 elapsed=5.5s
[hamroby-extract] step=  250/15000 loss=0.2036 elapsed=6.7s
[hamroby-extract] step=  300/15000 loss=0.1862 elapsed=7.9s
[hamroby-extract] step=  350/15000 loss=0.1711 elapsed=9.1s
[hamroby-extract] step=  400/15000 loss=0.1568 elapsed=10.7s
[hamroby-extract] step=  450/15000 loss=0.1547 elapsed=12.3s
[hamroby-extract] step=  500/15000 loss=0.1553 elapsed=13.9s
[hamroby-extract] step=  550/15000 loss=0.1457 elapsed=15.3s
[hamroby-extract] step=  600/15000 loss=0.1501 elapsed=16.8s
[hamroby-extract] step=  650/15000 loss=0.1470 elapsed=18.4s
[hamroby-extract] step=  700/15000 loss=0.1323 elapsed=19.9s
[hamroby-extract] step=  750/15000 loss=0.1470 elapsed=21.4s
[hamroby-extract] step=  800/15000 loss=0.1444 elapsed=22.9s
[hamroby-extract] step=  850/15000 loss=0.1423 elapsed=24.4s
[hamroby-extract] step=  900/15000 loss=0.1346 elapsed=25.7s
[hamroby-extract] step=  950/15000 loss=0.1300 elapsed=26.9s
[hamroby-extract] step= 1000/15000 loss=0.1357 elapsed=28.1s
[hamroby-extract] step= 1050/15000 loss=0.1248 elapsed=29.4s
[hamroby-extract] step= 1100/15000 loss=0.1169 elapsed=30.6s
[hamroby-extract] step= 1150/15000 loss=0.1237 elapsed=31.9s
[hamroby-extract] step= 1200/15000 loss=0.1118 elapsed=33.3s
[hamroby-extract] step= 1250/15000 loss=0.1279 elapsed=34.9s
[hamroby-extract] step= 1300/15000 loss=0.1341 elapsed=36.7s
[hamroby-extract] step= 1350/15000 loss=0.1188 elapsed=38.2s
[hamroby-extract] step= 1400/15000 loss=0.1278 elapsed=39.8s
[hamroby-extract] step= 1450/15000 loss=0.1269 elapsed=41.2s
[hamroby-extract] step= 1500/15000 loss=0.1296 elapsed=42.5s
[hamroby-extract] step= 1550/15000 loss=0.1197 elapsed=43.9s
[hamroby-extract] step= 1600/15000 loss=0.1199 elapsed=45.3s
[hamroby-extract] step= 1650/15000 loss=0.1137 elapsed=46.5s
[hamroby-extract] step= 1700/15000 loss=0.1195 elapsed=47.8s
[hamroby-extract] step= 1750/15000 loss=0.1224 elapsed=49.2s
[hamroby-extract] step= 1800/15000 loss=0.1258 elapsed=50.6s
[hamroby-extract] step= 1850/15000 loss=0.1207 elapsed=52.1s
[hamroby-extract] step= 1900/15000 loss=0.1127 elapsed=53.3s
[hamroby-extract] step= 1950/15000 loss=0.1039 elapsed=54.6s
[hamroby-extract] step= 2000/15000 loss=0.1096 elapsed=55.8s
[hamroby-extract] step= 2050/15000 loss=0.1233 elapsed=57.3s
[hamroby-extract] step= 2100/15000 loss=0.1181 elapsed=58.7s
[hamroby-extract] step= 2150/15000 loss=0.1145 elapsed=60.2s
[hamroby-extract] step= 2200/15000 loss=0.1269 elapsed=61.7s
[hamroby-extract] step= 2250/15000 loss=0.1099 elapsed=63.3s
[hamroby-extract] step= 2300/15000 loss=0.1097 elapsed=64.9s
[hamroby-extract] step= 2350/15000 loss=0.1089 elapsed=66.4s
[hamroby-extract] step= 2400/15000 loss=0.1136 elapsed=67.9s
[hamroby-extract] step= 2450/15000 loss=0.1184 elapsed=69.3s
[hamroby-extract] step= 2500/15000 loss=0.1083 elapsed=70.7s
[hamroby-extract] step= 2550/15000 loss=0.1244 elapsed=72.3s
[hamroby-extract] step= 2600/15000 loss=0.1142 elapsed=73.5s
[hamroby-extract] step= 2650/15000 loss=0.1106 elapsed=74.9s
[hamroby-extract] step= 2700/15000 loss=0.1163 elapsed=76.3s
[hamroby-extract] step= 2750/15000 loss=0.1216 elapsed=77.8s
[hamroby-extract] step= 2800/15000 loss=0.1119 elapsed=79.3s
[hamroby-extract] step= 2850/15000 loss=0.1091 elapsed=81.0s
[hamroby-extract] step= 2900/15000 loss=0.1135 elapsed=82.4s
[hamroby-extract] step= 2950/15000 loss=0.1116 elapsed=83.8s
[hamroby-extract] step= 3000/15000 loss=0.1184 elapsed=85.0s
[hamroby-extract] step= 3050/15000 loss=0.1134 elapsed=86.2s
[hamroby-extract] step= 3100/15000 loss=0.1141 elapsed=87.4s
[hamroby-extract] step= 3150/15000 loss=0.1290 elapsed=88.6s
[hamroby-extract] step= 3200/15000 loss=0.1069 elapsed=89.9s
[hamroby-extract] step= 3250/15000 loss=0.1033 elapsed=91.1s
[hamroby-extract] step= 3300/15000 loss=0.1022 elapsed=92.5s
[hamroby-extract] step= 3350/15000 loss=0.1160 elapsed=94.1s
[hamroby-extract] step= 3400/15000 loss=0.1104 elapsed=95.7s
[hamroby-extract] step= 3450/15000 loss=0.1063 elapsed=97.3s
[hamroby-extract] step= 3500/15000 loss=0.1111 elapsed=98.7s
[hamroby-extract] step= 3550/15000 loss=0.1020 elapsed=100.1s
[hamroby-extract] step= 3600/15000 loss=0.1154 elapsed=101.7s
[hamroby-extract] step= 3650/15000 loss=0.1149 elapsed=103.0s
[hamroby-extract] step= 3700/15000 loss=0.1086 elapsed=104.3s
[hamroby-extract] step= 3750/15000 loss=0.1094 elapsed=105.5s
[hamroby-extract] step= 3800/15000 loss=0.1077 elapsed=106.7s
[hamroby-extract] step= 3850/15000 loss=0.1062 elapsed=107.9s
[hamroby-extract] step= 3900/15000 loss=0.1102 elapsed=109.1s
[hamroby-extract] step= 3950/15000 loss=0.1102 elapsed=110.5s
[hamroby-extract] step= 4000/15000 loss=0.1065 elapsed=111.9s
[hamroby-extract] step= 4050/15000 loss=0.1062 elapsed=113.3s
[hamroby-extract] step= 4100/15000 loss=0.1129 elapsed=114.9s
[hamroby-extract] step= 4150/15000 loss=0.0965 elapsed=116.5s
[hamroby-extract] step= 4200/15000 loss=0.1000 elapsed=118.2s
[hamroby-extract] step= 4250/15000 loss=0.1053 elapsed=119.7s
[hamroby-extract] step= 4300/15000 loss=0.0922 elapsed=121.0s
[hamroby-extract] step= 4350/15000 loss=0.1142 elapsed=122.4s
[hamroby-extract] step= 4400/15000 loss=0.1095 elapsed=123.7s
[hamroby-extract] step= 4450/15000 loss=0.1096 elapsed=124.9s
[hamroby-extract] step= 4500/15000 loss=0.1011 elapsed=126.2s
[hamroby-extract] step= 4550/15000 loss=0.1040 elapsed=127.4s
[hamroby-extract] step= 4600/15000 loss=0.0971 elapsed=129.0s
[hamroby-extract] step= 4650/15000 loss=0.1055 elapsed=130.7s
[hamroby-extract] step= 4700/15000 loss=0.1088 elapsed=132.3s
[hamroby-extract] step= 4750/15000 loss=0.1130 elapsed=134.1s
[hamroby-extract] step= 4800/15000 loss=0.0980 elapsed=135.7s
[hamroby-extract] step= 4850/15000 loss=0.1123 elapsed=137.2s
[hamroby-extract] step= 4900/15000 loss=0.1155 elapsed=138.4s
[hamroby-extract] step= 4950/15000 loss=0.1106 elapsed=139.7s
[hamroby-extract] step= 5000/15000 loss=0.1137 elapsed=140.8s
[hamroby-extract] step= 5050/15000 loss=0.1034 elapsed=142.1s
[hamroby-extract] step= 5100/15000 loss=0.1048 elapsed=143.9s
[hamroby-extract] step= 5150/15000 loss=0.0973 elapsed=145.7s
[hamroby-extract] step= 5200/15000 loss=0.1001 elapsed=147.5s
[hamroby-extract] step= 5250/15000 loss=0.0996 elapsed=149.1s
[hamroby-extract] step= 5300/15000 loss=0.1191 elapsed=150.6s
[hamroby-extract] step= 5350/15000 loss=0.0946 elapsed=152.0s
[hamroby-extract] step= 5400/15000 loss=0.1057 elapsed=153.3s
[hamroby-extract] step= 5450/15000 loss=0.0983 elapsed=154.7s
[hamroby-extract] step= 5500/15000 loss=0.0974 elapsed=156.0s
[hamroby-extract] step= 5550/15000 loss=0.1004 elapsed=157.3s
[hamroby-extract] step= 5600/15000 loss=0.1078 elapsed=158.5s
[hamroby-extract] step= 5650/15000 loss=0.0978 elapsed=159.7s
[hamroby-extract] step= 5700/15000 loss=0.0977 elapsed=161.0s
[hamroby-extract] step= 5750/15000 loss=0.0948 elapsed=162.3s
[hamroby-extract] step= 5800/15000 loss=0.0975 elapsed=163.7s
[hamroby-extract] step= 5850/15000 loss=0.1012 elapsed=165.1s
[hamroby-extract] step= 5900/15000 loss=0.1076 elapsed=166.5s
[hamroby-extract] step= 5950/15000 loss=0.1013 elapsed=167.8s
[hamroby-extract] step= 6000/15000 loss=0.0983 elapsed=169.4s
[hamroby-extract] step= 6050/15000 loss=0.1062 elapsed=170.9s
[hamroby-extract] step= 6100/15000 loss=0.1071 elapsed=172.7s
[hamroby-extract] step= 6150/15000 loss=0.1053 elapsed=174.3s
[hamroby-extract] step= 6200/15000 loss=0.1056 elapsed=175.6s
[hamroby-extract] step= 6250/15000 loss=0.0969 elapsed=177.0s
[hamroby-extract] step= 6300/15000 loss=0.0923 elapsed=178.5s
[hamroby-extract] step= 6350/15000 loss=0.0965 elapsed=180.1s
[hamroby-extract] step= 6400/15000 loss=0.1047 elapsed=181.4s
[hamroby-extract] step= 6450/15000 loss=0.1078 elapsed=182.9s
[hamroby-extract] step= 6500/15000 loss=0.0955 elapsed=184.3s
[hamroby-extract] step= 6550/15000 loss=0.1011 elapsed=185.5s
[hamroby-extract] step= 6600/15000 loss=0.0948 elapsed=186.9s
[hamroby-extract] step= 6650/15000 loss=0.0936 elapsed=188.2s
[hamroby-extract] step= 6700/15000 loss=0.0962 elapsed=189.6s
[hamroby-extract] step= 6750/15000 loss=0.1085 elapsed=191.1s
[hamroby-extract] step= 6800/15000 loss=0.1000 elapsed=192.5s
[hamroby-extract] step= 6850/15000 loss=0.0924 elapsed=193.8s
[hamroby-extract] step= 6900/15000 loss=0.0947 elapsed=195.3s
[hamroby-extract] step= 6950/15000 loss=0.1031 elapsed=196.6s
[hamroby-extract] step= 7000/15000 loss=0.1064 elapsed=197.9s
[hamroby-extract] step= 7050/15000 loss=0.0978 elapsed=199.3s
[hamroby-extract] step= 7100/15000 loss=0.1029 elapsed=200.6s
[hamroby-extract] step= 7150/15000 loss=0.1031 elapsed=201.9s
[hamroby-extract] step= 7200/15000 loss=0.1014 elapsed=203.3s
[hamroby-extract] step= 7250/15000 loss=0.1001 elapsed=204.6s
[hamroby-extract] step= 7300/15000 loss=0.0903 elapsed=206.1s
[hamroby-extract] step= 7350/15000 loss=0.0925 elapsed=207.5s
[hamroby-extract] step= 7400/15000 loss=0.0947 elapsed=209.1s
[hamroby-extract] step= 7450/15000 loss=0.1056 elapsed=210.6s
[hamroby-extract] step= 7500/15000 loss=0.0997 elapsed=212.3s
[hamroby-extract] step= 7550/15000 loss=0.1073 elapsed=213.8s
[hamroby-extract] step= 7600/15000 loss=0.0914 elapsed=215.0s
[hamroby-extract] step= 7650/15000 loss=0.1035 elapsed=216.2s
[hamroby-extract] step= 7700/15000 loss=0.1052 elapsed=217.6s
[hamroby-extract] step= 7750/15000 loss=0.1023 elapsed=218.8s
[hamroby-extract] step= 7800/15000 loss=0.0960 elapsed=220.1s
[hamroby-extract] step= 7850/15000 loss=0.0919 elapsed=221.4s
[hamroby-extract] step= 7900/15000 loss=0.1079 elapsed=222.7s
[hamroby-extract] step= 7950/15000 loss=0.0968 elapsed=224.0s
[hamroby-extract] step= 8000/15000 loss=0.1002 elapsed=225.4s
[hamroby-extract] step= 8050/15000 loss=0.1003 elapsed=226.6s
[hamroby-extract] step= 8100/15000 loss=0.1008 elapsed=228.0s
[hamroby-extract] step= 8150/15000 loss=0.1078 elapsed=229.3s
[hamroby-extract] step= 8200/15000 loss=0.1037 elapsed=230.7s
[hamroby-extract] step= 8250/15000 loss=0.1053 elapsed=232.2s
[hamroby-extract] step= 8300/15000 loss=0.0884 elapsed=233.7s
[hamroby-extract] step= 8350/15000 loss=0.0973 elapsed=235.1s
[hamroby-extract] step= 8400/15000 loss=0.0990 elapsed=236.4s
[hamroby-extract] step= 8450/15000 loss=0.0984 elapsed=238.0s
[hamroby-extract] step= 8500/15000 loss=0.0946 elapsed=239.7s
[hamroby-extract] step= 8550/15000 loss=0.0961 elapsed=241.1s
[hamroby-extract] step= 8600/15000 loss=0.1003 elapsed=242.8s
[hamroby-extract] step= 8650/15000 loss=0.0989 elapsed=244.3s
[hamroby-extract] step= 8700/15000 loss=0.0929 elapsed=245.5s
[hamroby-extract] step= 8750/15000 loss=0.0981 elapsed=246.8s
[hamroby-extract] step= 8800/15000 loss=0.1044 elapsed=248.3s
[hamroby-extract] step= 8850/15000 loss=0.0939 elapsed=249.6s
[hamroby-extract] step= 8900/15000 loss=0.1008 elapsed=250.8s
[hamroby-extract] step= 8950/15000 loss=0.1046 elapsed=252.0s
[hamroby-extract] step= 9000/15000 loss=0.1020 elapsed=253.2s
[hamroby-extract] step= 9050/15000 loss=0.1017 elapsed=254.4s
[hamroby-extract] step= 9100/15000 loss=0.0987 elapsed=255.5s
[hamroby-extract] step= 9150/15000 loss=0.0973 elapsed=256.9s
[hamroby-extract] step= 9200/15000 loss=0.0939 elapsed=258.6s
[hamroby-extract] step= 9250/15000 loss=0.0996 elapsed=260.0s
[hamroby-extract] step= 9300/15000 loss=0.1022 elapsed=261.7s
[hamroby-extract] step= 9350/15000 loss=0.0940 elapsed=263.2s
[hamroby-extract] step= 9400/15000 loss=0.1003 elapsed=264.5s
[hamroby-extract] step= 9450/15000 loss=0.0901 elapsed=265.8s
[hamroby-extract] step= 9500/15000 loss=0.0856 elapsed=267.0s
[hamroby-extract] step= 9550/15000 loss=0.0900 elapsed=268.2s
[hamroby-extract] step= 9600/15000 loss=0.1041 elapsed=269.4s
[hamroby-extract] step= 9650/15000 loss=0.0914 elapsed=270.6s
[hamroby-extract] step= 9700/15000 loss=0.1061 elapsed=271.9s
[hamroby-extract] step= 9750/15000 loss=0.0984 elapsed=273.4s
[hamroby-extract] step= 9800/15000 loss=0.0998 elapsed=274.8s
[hamroby-extract] step= 9850/15000 loss=0.0912 elapsed=276.3s
[hamroby-extract] step= 9900/15000 loss=0.0955 elapsed=278.0s
[hamroby-extract] step= 9950/15000 loss=0.0896 elapsed=279.5s
[hamroby-extract] step=10000/15000 loss=0.0923 elapsed=281.1s
[hamroby-extract] step=10050/15000 loss=0.0981 elapsed=282.3s
[hamroby-extract] step=10100/15000 loss=0.0942 elapsed=283.5s
[hamroby-extract] step=10150/15000 loss=0.0970 elapsed=284.7s
[hamroby-extract] step=10200/15000 loss=0.0960 elapsed=285.9s
[hamroby-extract] step=10250/15000 loss=0.0952 elapsed=287.1s
[hamroby-extract] step=10300/15000 loss=0.1025 elapsed=288.3s
[hamroby-extract] step=10350/15000 loss=0.0981 elapsed=289.9s
[hamroby-extract] step=10400/15000 loss=0.0961 elapsed=291.4s
[hamroby-extract] step=10450/15000 loss=0.0945 elapsed=293.1s
[hamroby-extract] step=10500/15000 loss=0.0925 elapsed=294.6s
[hamroby-extract] step=10550/15000 loss=0.1015 elapsed=296.1s
[hamroby-extract] step=10600/15000 loss=0.1006 elapsed=297.3s
[hamroby-extract] step=10650/15000 loss=0.0970 elapsed=298.7s
[hamroby-extract] step=10700/15000 loss=0.0961 elapsed=300.0s
[hamroby-extract] step=10750/15000 loss=0.0969 elapsed=301.4s
[hamroby-extract] step=10800/15000 loss=0.0922 elapsed=302.7s
[hamroby-extract] step=10850/15000 loss=0.0896 elapsed=304.1s
[hamroby-extract] step=10900/15000 loss=0.0914 elapsed=305.4s
[hamroby-extract] step=10950/15000 loss=0.0933 elapsed=306.8s
[hamroby-extract] step=11000/15000 loss=0.1061 elapsed=308.1s
[hamroby-extract] step=11050/15000 loss=0.1029 elapsed=309.5s
[hamroby-extract] step=11100/15000 loss=0.0924 elapsed=311.1s
[hamroby-extract] step=11150/15000 loss=0.0852 elapsed=312.5s
[hamroby-extract] step=11200/15000 loss=0.1074 elapsed=313.7s
[hamroby-extract] step=11250/15000 loss=0.1003 elapsed=314.9s
[hamroby-extract] step=11300/15000 loss=0.1077 elapsed=316.2s
[hamroby-extract] step=11350/15000 loss=0.0965 elapsed=317.4s
[hamroby-extract] step=11400/15000 loss=0.0981 elapsed=318.7s
[hamroby-extract] step=11450/15000 loss=0.0909 elapsed=320.2s
[hamroby-extract] step=11500/15000 loss=0.0841 elapsed=321.7s
[hamroby-extract] step=11550/15000 loss=0.0858 elapsed=323.3s
[hamroby-extract] step=11600/15000 loss=0.0996 elapsed=324.9s
[hamroby-extract] step=11650/15000 loss=0.0984 elapsed=326.6s
[hamroby-extract] step=11700/15000 loss=0.0869 elapsed=328.2s
[hamroby-extract] step=11750/15000 loss=0.0899 elapsed=329.8s
[hamroby-extract] step=11800/15000 loss=0.1000 elapsed=331.2s
[hamroby-extract] step=11850/15000 loss=0.0931 elapsed=332.4s
[hamroby-extract] step=11900/15000 loss=0.0952 elapsed=333.6s
[hamroby-extract] step=11950/15000 loss=0.1012 elapsed=334.8s
[hamroby-extract] step=12000/15000 loss=0.1034 elapsed=336.2s
[hamroby-extract] step=12050/15000 loss=0.0999 elapsed=337.5s
[hamroby-extract] step=12100/15000 loss=0.0852 elapsed=338.9s
[hamroby-extract] step=12150/15000 loss=0.0961 elapsed=340.3s
[hamroby-extract] step=12200/15000 loss=0.0906 elapsed=341.7s
[hamroby-extract] step=12250/15000 loss=0.0927 elapsed=343.0s
[hamroby-extract] step=12300/15000 loss=0.0930 elapsed=344.3s
[hamroby-extract] step=12350/15000 loss=0.0940 elapsed=345.9s
[hamroby-extract] step=12400/15000 loss=0.0973 elapsed=347.3s
[hamroby-extract] step=12450/15000 loss=0.1044 elapsed=348.7s
[hamroby-extract] step=12500/15000 loss=0.0950 elapsed=350.0s
[hamroby-extract] step=12550/15000 loss=0.0991 elapsed=351.3s
[hamroby-extract] step=12600/15000 loss=0.0923 elapsed=352.6s
[hamroby-extract] step=12650/15000 loss=0.0876 elapsed=353.9s
[hamroby-extract] step=12700/15000 loss=0.0938 elapsed=355.4s
[hamroby-extract] step=12750/15000 loss=0.0920 elapsed=356.7s
[hamroby-extract] step=12800/15000 loss=0.1009 elapsed=358.0s
[hamroby-extract] step=12850/15000 loss=0.0918 elapsed=359.4s
[hamroby-extract] step=12900/15000 loss=0.0843 elapsed=361.1s
[hamroby-extract] step=12950/15000 loss=0.0839 elapsed=362.6s
[hamroby-extract] step=13000/15000 loss=0.0876 elapsed=364.1s
[hamroby-extract] step=13050/15000 loss=0.0939 elapsed=365.8s
[hamroby-extract] step=13100/15000 loss=0.0984 elapsed=367.3s
[hamroby-extract] step=13150/15000 loss=0.0912 elapsed=368.6s
[hamroby-extract] step=13200/15000 loss=0.0939 elapsed=369.9s
[hamroby-extract] step=13250/15000 loss=0.0963 elapsed=371.2s
[hamroby-extract] step=13300/15000 loss=0.0951 elapsed=372.5s
[hamroby-extract] step=13350/15000 loss=0.1049 elapsed=373.7s
[hamroby-extract] step=13400/15000 loss=0.0943 elapsed=374.9s
[hamroby-extract] step=13450/15000 loss=0.0883 elapsed=376.1s
[hamroby-extract] step=13500/15000 loss=0.0980 elapsed=377.3s
[hamroby-extract] step=13550/15000 loss=0.0962 elapsed=378.5s
[hamroby-extract] step=13600/15000 loss=0.0950 elapsed=380.0s
[hamroby-extract] step=13650/15000 loss=0.0905 elapsed=381.3s
[hamroby-extract] step=13700/15000 loss=0.0891 elapsed=382.8s
[hamroby-extract] step=13750/15000 loss=0.0991 elapsed=384.3s
[hamroby-extract] step=13800/15000 loss=0.0914 elapsed=385.9s
[hamroby-extract] step=13850/15000 loss=0.0916 elapsed=387.2s
[hamroby-extract] step=13900/15000 loss=0.0971 elapsed=388.3s
[hamroby-extract] step=13950/15000 loss=0.0917 elapsed=389.5s
[hamroby-extract] step=14000/15000 loss=0.1011 elapsed=390.7s
[hamroby-extract] step=14050/15000 loss=0.0958 elapsed=391.9s
[hamroby-extract] step=14100/15000 loss=0.0836 elapsed=393.5s
[hamroby-extract] step=14150/15000 loss=0.0937 elapsed=395.1s
[hamroby-extract] step=14200/15000 loss=0.0990 elapsed=396.4s
[hamroby-extract] step=14250/15000 loss=0.0997 elapsed=397.8s
[hamroby-extract] step=14300/15000 loss=0.0916 elapsed=399.5s
[hamroby-extract] step=14350/15000 loss=0.0932 elapsed=400.8s
[hamroby-extract] step=14400/15000 loss=0.0883 elapsed=402.2s
[hamroby-extract] step=14450/15000 loss=0.0877 elapsed=403.8s
[hamroby-extract] step=14500/15000 loss=0.0967 elapsed=405.4s
[hamroby-extract] step=14550/15000 loss=0.0872 elapsed=407.1s
[hamroby-extract] step=14600/15000 loss=0.0983 elapsed=408.7s
[hamroby-extract] step=14650/15000 loss=0.0835 elapsed=410.2s
[hamroby-extract] step=14700/15000 loss=0.1022 elapsed=411.5s
[hamroby-extract] step=14750/15000 loss=0.0859 elapsed=412.8s
[hamroby-extract] step=14800/15000 loss=0.0909 elapsed=414.1s
[hamroby-extract] step=14850/15000 loss=0.0909 elapsed=415.5s
[hamroby-extract] step=14900/15000 loss=0.0979 elapsed=416.8s
[hamroby-extract] step=14950/15000 loss=0.0861 elapsed=418.1s
[hamroby-extract] step=15000/15000 loss=0.0850 elapsed=419.5s
[hamroby-extract] eval token_acc=0.952 triple_em=0.835
[hamroby-extract] saved src/sara_brain/cortex/checkpoints/hamroby_extractor_v1_aug4.pt
