Device: cuda
Base vocab: 185, Extended: 485
Train: 499950, Val: 50
/home/grizzlyengineer/repo/SaraBrain/.venv/lib/python3.12/site-packages/torch/nn/modules/transformer.py:385: UserWarning: enable_nested_tensor is True, but self.use_nested_tensor is False because encoder_layer.norm_first was True
  warnings.warn(
Params: 21,014,118 (21.0M)
  >>> initial sample: variant unique zesnof zesnof govtocpan zesnof 8 general in zesnof wuajosren general is . in zesnof wuajosren . in zesnof
  step=500/50000 loss=1.3393 lr=0.000030 (35s)
  step=1000/50000 loss=0.9624 lr=0.000060 (69s)
  >>> val loss: 0.9121
  >>> expected: t_start conhorjik t_rel is_a t_obj wuajosren kapfib t_end
t_start conhorjik t_rel prevents t_obj liiwep t_end
t_start li
  >>> generated: t_start conhorjik t_rel is_a t_obj wuajosren kapfib t_end t_start conhorjik t_rel is_a t_obj conhorjik t_end t_start con
  >>> new best!
  step=1500/50000 loss=0.7778 lr=0.000090 (104s)
  step=2000/50000 loss=0.6379 lr=0.000120 (139s)
  >>> val loss: 0.6109
  >>> expected: t_start conhorjik t_rel is_a t_obj wuajosren kapfib t_end
t_start conhorjik t_rel prevents t_obj liiwep t_end
t_start li
  >>> generated: t_start conhorjik t_rel is_a t_obj wuajosren kapfib t_end t_start conhorjik t_rel prevents t_obj be liiwep t_end t_start
  >>> new best!
  step=2500/50000 loss=0.4433 lr=0.000150 (175s)
  step=3000/50000 loss=0.3797 lr=0.000180 (209s)
  >>> val loss: 0.2687
  >>> expected: t_start conhorjik t_rel is_a t_obj wuajosren kapfib t_end
t_start conhorjik t_rel prevents t_obj liiwep t_end
t_start li
  >>> generated: t_start conhorjik t_rel is_a t_obj wuajosren kapfib t_end t_start conhorjik t_rel prevents t_obj liiwep t_end t_start li
  >>> new best!
  step=3500/50000 loss=0.2095 lr=0.000210 (244s)
  step=4000/50000 loss=0.1359 lr=0.000240 (278s)
  >>> val loss: 0.1588
  >>> expected: t_start conhorjik t_rel is_a t_obj wuajosren kapfib t_end
t_start conhorjik t_rel prevents t_obj liiwep t_end
t_start li
  >>> generated: t_start conhorjik t_rel is_a t_obj wuajosren kapfib t_end t_start conhorjik t_rel prevents t_obj liiwep t_end t_start li
  >>> new best!
  step=4500/50000 loss=0.1356 lr=0.000270 (314s)
  step=5000/50000 loss=0.1550 lr=0.000300 (349s)
  >>> val loss: 0.0529
  >>> expected: t_start conhorjik t_rel is_a t_obj wuajosren kapfib t_end
t_start conhorjik t_rel prevents t_obj liiwep t_end
t_start li
  >>> generated: t_start conhorjik t_rel is_a t_obj wuajosren kapfib t_end t_start conhorjik t_rel prevents t_obj liiwep t_end t_start li
  >>> new best!
  step=5500/50000 loss=0.0502 lr=0.000300 (384s)
  step=6000/50000 loss=0.0441 lr=0.000300 (419s)
  >>> val loss: 0.0231
  >>> expected: t_start conhorjik t_rel is_a t_obj wuajosren kapfib t_end
t_start conhorjik t_rel prevents t_obj liiwep t_end
t_start li
  >>> generated: t_start conhorjik t_rel is_a t_obj wuajosren kapfib t_end t_start conhorjik t_rel prevents t_obj liiwep t_end t_start li
  >>> new best!
  step=6500/50000 loss=0.0587 lr=0.000299 (455s)
  step=7000/50000 loss=0.0341 lr=0.000299 (490s)
  >>> val loss: 0.0204
  >>> expected: t_start conhorjik t_rel is_a t_obj wuajosren kapfib t_end
t_start conhorjik t_rel prevents t_obj liiwep t_end
t_start li
  >>> generated: t_start conhorjik t_rel is_a t_obj wuajosren kapfib t_end t_start conhorjik t_rel prevents t_obj liiwep t_end t_start li
  >>> new best!
  step=7500/50000 loss=0.0336 lr=0.000298 (525s)
  step=8000/50000 loss=0.0190 lr=0.000297 (560s)
  >>> val loss: 0.0088
  >>> expected: t_start conhorjik t_rel is_a t_obj wuajosren kapfib t_end
t_start conhorjik t_rel prevents t_obj liiwep t_end
t_start li
  >>> generated: t_start conhorjik t_rel is_a t_obj wuajosren kapfib t_end t_start conhorjik t_rel prevents t_obj liiwep t_end t_start li
  >>> new best!
  step=8500/50000 loss=0.0440 lr=0.000296 (596s)
  step=9000/50000 loss=0.0228 lr=0.000294 (630s)
  >>> val loss: 0.0254
  >>> expected: t_start conhorjik t_rel is_a t_obj wuajosren kapfib t_end
t_start conhorjik t_rel prevents t_obj liiwep t_end
t_start li
  >>> generated: t_start conhorjik t_rel is_a t_obj wuajosren kapfib t_end t_start conhorjik t_rel prevents t_obj liiwep t_end t_start li
  step=9500/50000 loss=0.0250 lr=0.000293 (666s)
  step=10000/50000 loss=0.0479 lr=0.000291 (700s)
  >>> val loss: 0.0106
  >>> expected: t_start conhorjik t_rel is_a t_obj wuajosren kapfib t_end
t_start conhorjik t_rel prevents t_obj liiwep t_end
t_start li
  >>> generated: t_start conhorjik t_rel is_a t_obj wuajosren kapfib t_end t_start conhorjik t_rel prevents t_obj liiwep t_end t_start li
  step=10500/50000 loss=0.0391 lr=0.000289 (735s)
  step=11000/50000 loss=0.0130 lr=0.000287 (769s)
  >>> val loss: 0.0022
  >>> expected: t_start conhorjik t_rel is_a t_obj wuajosren kapfib t_end
t_start conhorjik t_rel prevents t_obj liiwep t_end
t_start li
  >>> generated: t_start conhorjik t_rel is_a t_obj wuajosren kapfib t_end t_start conhorjik t_rel prevents t_obj liiwep t_end t_start li
  >>> new best!
  step=11500/50000 loss=0.0172 lr=0.000285 (804s)
  step=12000/50000 loss=0.0317 lr=0.000282 (838s)
  >>> val loss: 0.0080
  >>> expected: t_start conhorjik t_rel is_a t_obj wuajosren kapfib t_end
t_start conhorjik t_rel prevents t_obj liiwep t_end
t_start li
  >>> generated: t_start conhorjik t_rel is_a t_obj wuajosren kapfib t_end t_start conhorjik t_rel prevents t_obj liiwep t_end t_start li
  step=12500/50000 loss=0.0173 lr=0.000280 (873s)
  step=13000/50000 loss=0.0134 lr=0.000277 (908s)
  >>> val loss: 0.0289
  >>> expected: t_start conhorjik t_rel is_a t_obj wuajosren kapfib t_end
t_start conhorjik t_rel prevents t_obj liiwep t_end
t_start li
  >>> generated: t_start conhorjik t_rel is_a t_obj wuajosren kapfib t_end t_start conhorjik t_rel prevents t_obj liiwep t_end t_start li
  step=13500/50000 loss=0.0057 lr=0.000274 (942s)
  step=14000/50000 loss=0.0075 lr=0.000271 (977s)
  >>> val loss: 0.0036
  >>> expected: t_start conhorjik t_rel is_a t_obj wuajosren kapfib t_end
t_start conhorjik t_rel prevents t_obj liiwep t_end
t_start li
  >>> generated: t_start conhorjik t_rel is_a t_obj wuajosren kapfib t_end t_start conhorjik t_rel prevents t_obj liiwep t_end t_start li
  step=14500/50000 loss=0.0110 lr=0.000268 (1012s)
  step=15000/50000 loss=0.0142 lr=0.000265 (1046s)
  >>> val loss: 0.0233
  >>> expected: t_start conhorjik t_rel is_a t_obj wuajosren kapfib t_end
t_start conhorjik t_rel prevents t_obj liiwep t_end
t_start li
  >>> generated: t_start conhorjik t_rel is_a t_obj wuajosren kapfib t_end t_start conhorjik t_rel prevents t_obj liiwep t_end t_start li
  step=15500/50000 loss=0.0052 lr=0.000261 (1080s)
  step=16000/50000 loss=0.0197 lr=0.000258 (1115s)
  >>> val loss: 0.0069
  >>> expected: t_start conhorjik t_rel is_a t_obj wuajosren kapfib t_end
t_start conhorjik t_rel prevents t_obj liiwep t_end
t_start li
  >>> generated: t_start conhorjik t_rel is_a t_obj wuajosren kapfib t_end t_start conhorjik t_rel prevents t_obj liiwep t_end t_start li
  step=16500/50000 loss=0.0233 lr=0.000254 (1149s)
  step=17000/50000 loss=0.0373 lr=0.000250 (1183s)
  >>> val loss: 0.0012
  >>> expected: t_start conhorjik t_rel is_a t_obj wuajosren kapfib t_end
t_start conhorjik t_rel prevents t_obj liiwep t_end
t_start li
  >>> generated: t_start conhorjik t_rel is_a t_obj wuajosren kapfib t_end t_start conhorjik t_rel prevents t_obj liiwep t_end t_start li
  >>> new best!
  step=17500/50000 loss=0.0129 lr=0.000246 (1217s)
  step=18000/50000 loss=0.0221 lr=0.000242 (1252s)
  >>> val loss: 0.0093
  >>> expected: t_start conhorjik t_rel is_a t_obj wuajosren kapfib t_end
t_start conhorjik t_rel prevents t_obj liiwep t_end
t_start li
  >>> generated: t_start conhorjik t_rel is_a t_obj wuajosren kapfib t_end t_start conhorjik t_rel prevents t_obj liiwep t_end t_start li
  step=18500/50000 loss=0.0041 lr=0.000238 (1287s)
  step=19000/50000 loss=0.0147 lr=0.000234 (1322s)
  >>> val loss: 0.0015
  >>> expected: t_start conhorjik t_rel is_a t_obj wuajosren kapfib t_end
t_start conhorjik t_rel prevents t_obj liiwep t_end
t_start li
  >>> generated: t_start conhorjik t_rel is_a t_obj wuajosren kapfib t_end t_start conhorjik t_rel prevents t_obj liiwep t_end t_start li
  step=19500/50000 loss=0.0176 lr=0.000229 (1357s)
  step=20000/50000 loss=0.0086 lr=0.000225 (1392s)
  >>> val loss: 0.0012
  >>> expected: t_start conhorjik t_rel is_a t_obj wuajosren kapfib t_end
t_start conhorjik t_rel prevents t_obj liiwep t_end
t_start li
  >>> generated: t_start conhorjik t_rel is_a t_obj wuajosren kapfib t_end t_start conhorjik t_rel prevents t_obj liiwep t_end t_start li
  >>> new best!
  step=20500/50000 loss=0.0172 lr=0.000220 (1427s)
  step=21000/50000 loss=0.0230 lr=0.000216 (1462s)
  >>> val loss: 0.0016
  >>> expected: t_start conhorjik t_rel is_a t_obj wuajosren kapfib t_end
t_start conhorjik t_rel prevents t_obj liiwep t_end
t_start li
  >>> generated: t_start conhorjik t_rel is_a t_obj wuajosren kapfib t_end t_start conhorjik t_rel prevents t_obj liiwep t_end t_start li
  step=21500/50000 loss=0.0007 lr=0.000211 (1497s)
  step=22000/50000 loss=0.0183 lr=0.000206 (1531s)
  >>> val loss: 0.0013
  >>> expected: t_start conhorjik t_rel is_a t_obj wuajosren kapfib t_end
t_start conhorjik t_rel prevents t_obj liiwep t_end
t_start li
  >>> generated: t_start conhorjik t_rel is_a t_obj wuajosren kapfib t_end t_start conhorjik t_rel prevents t_obj liiwep t_end t_start li
  step=22500/50000 loss=0.0028 lr=0.000201 (1566s)
  step=23000/50000 loss=0.0078 lr=0.000196 (1601s)
  >>> val loss: 0.0025
  >>> expected: t_start conhorjik t_rel is_a t_obj wuajosren kapfib t_end
t_start conhorjik t_rel prevents t_obj liiwep t_end
t_start li
  >>> generated: t_start conhorjik t_rel is_a t_obj wuajosren kapfib t_end t_start conhorjik t_rel prevents t_obj liiwep t_end t_start li
  step=23500/50000 loss=0.0130 lr=0.000191 (1635s)
  step=24000/50000 loss=0.0108 lr=0.000186 (1670s)
  >>> val loss: 0.0014
  >>> expected: t_start conhorjik t_rel is_a t_obj wuajosren kapfib t_end
t_start conhorjik t_rel prevents t_obj liiwep t_end
t_start li
  >>> generated: t_start conhorjik t_rel is_a t_obj wuajosren kapfib t_end t_start conhorjik t_rel prevents t_obj liiwep t_end t_start li
  step=24500/50000 loss=0.0125 lr=0.000181 (1704s)
  step=25000/50000 loss=0.0039 lr=0.000176 (1739s)
  >>> val loss: 0.0008
  >>> expected: t_start conhorjik t_rel is_a t_obj wuajosren kapfib t_end
t_start conhorjik t_rel prevents t_obj liiwep t_end
t_start li
  >>> generated: t_start conhorjik t_rel is_a t_obj wuajosren kapfib t_end t_start conhorjik t_rel prevents t_obj liiwep t_end t_start li
  >>> new best!
  step=25500/50000 loss=0.0059 lr=0.000171 (1773s)
  step=26000/50000 loss=0.0026 lr=0.000166 (1808s)
  >>> val loss: 0.0023
  >>> expected: t_start conhorjik t_rel is_a t_obj wuajosren kapfib t_end
t_start conhorjik t_rel prevents t_obj liiwep t_end
t_start li
  >>> generated: t_start conhorjik t_rel is_a t_obj wuajosren kapfib t_end t_start conhorjik t_rel prevents t_obj liiwep t_end t_start li
  step=26500/50000 loss=0.0077 lr=0.000160 (1843s)
  step=27000/50000 loss=0.0111 lr=0.000155 (1878s)
  >>> val loss: 0.0019
  >>> expected: t_start conhorjik t_rel is_a t_obj wuajosren kapfib t_end
t_start conhorjik t_rel prevents t_obj liiwep t_end
t_start li
  >>> generated: t_start conhorjik t_rel is_a t_obj wuajosren kapfib t_end t_start conhorjik t_rel prevents t_obj liiwep t_end t_start li
  step=27500/50000 loss=0.0017 lr=0.000150 (1913s)
  step=28000/50000 loss=0.0020 lr=0.000145 (1948s)
  >>> val loss: 0.0016
  >>> expected: t_start conhorjik t_rel is_a t_obj wuajosren kapfib t_end
t_start conhorjik t_rel prevents t_obj liiwep t_end
t_start li
  >>> generated: t_start conhorjik t_rel is_a t_obj wuajosren kapfib t_end t_start conhorjik t_rel prevents t_obj liiwep t_end t_start li
  step=28500/50000 loss=0.0038 lr=0.000140 (1984s)
  step=29000/50000 loss=0.0041 lr=0.000134 (2019s)
  >>> val loss: 0.0024
  >>> expected: t_start conhorjik t_rel is_a t_obj wuajosren kapfib t_end
t_start conhorjik t_rel prevents t_obj liiwep t_end
t_start li
  >>> generated: t_start conhorjik t_rel is_a t_obj wuajosren kapfib t_end t_start conhorjik t_rel prevents t_obj liiwep t_end t_start li
  step=29500/50000 loss=0.0039 lr=0.000129 (2055s)
  step=30000/50000 loss=0.0043 lr=0.000124 (2090s)
  >>> val loss: 0.0018
  >>> expected: t_start conhorjik t_rel is_a t_obj wuajosren kapfib t_end
t_start conhorjik t_rel prevents t_obj liiwep t_end
t_start li
  >>> generated: t_start conhorjik t_rel is_a t_obj wuajosren kapfib t_end t_start conhorjik t_rel prevents t_obj liiwep t_end t_start li
  step=30500/50000 loss=0.0017 lr=0.000119 (2126s)
  step=31000/50000 loss=0.0063 lr=0.000114 (2161s)
  >>> val loss: 0.0012
  >>> expected: t_start conhorjik t_rel is_a t_obj wuajosren kapfib t_end
t_start conhorjik t_rel prevents t_obj liiwep t_end
t_start li
  >>> generated: t_start conhorjik t_rel is_a t_obj wuajosren kapfib t_end t_start conhorjik t_rel prevents t_obj liiwep t_end t_start li
  step=31500/50000 loss=0.0064 lr=0.000109 (2204s)
  step=32000/50000 loss=0.0039 lr=0.000104 (2248s)
  >>> val loss: 0.0013
  >>> expected: t_start conhorjik t_rel is_a t_obj wuajosren kapfib t_end
t_start conhorjik t_rel prevents t_obj liiwep t_end
t_start li
  >>> generated: t_start conhorjik t_rel is_a t_obj wuajosren kapfib t_end t_start conhorjik t_rel prevents t_obj liiwep t_end t_start li
  step=32500/50000 loss=0.0025 lr=0.000099 (2291s)
  step=33000/50000 loss=0.0060 lr=0.000094 (2327s)
  >>> val loss: 0.0015
  >>> expected: t_start conhorjik t_rel is_a t_obj wuajosren kapfib t_end
t_start conhorjik t_rel prevents t_obj liiwep t_end
t_start li
  >>> generated: t_start conhorjik t_rel is_a t_obj wuajosren kapfib t_end t_start conhorjik t_rel prevents t_obj liiwep t_end t_start li
  step=33500/50000 loss=0.0031 lr=0.000089 (2362s)
  step=34000/50000 loss=0.0035 lr=0.000084 (2397s)
  >>> val loss: 0.0009
  >>> expected: t_start conhorjik t_rel is_a t_obj wuajosren kapfib t_end
t_start conhorjik t_rel prevents t_obj liiwep t_end
t_start li
  >>> generated: t_start conhorjik t_rel is_a t_obj wuajosren kapfib t_end t_start conhorjik t_rel prevents t_obj liiwep t_end t_start li
  step=34500/50000 loss=0.0046 lr=0.000080 (2433s)
  step=35000/50000 loss=0.0014 lr=0.000075 (2467s)
  >>> val loss: 0.0016
  >>> expected: t_start conhorjik t_rel is_a t_obj wuajosren kapfib t_end
t_start conhorjik t_rel prevents t_obj liiwep t_end
t_start li
  >>> generated: t_start conhorjik t_rel is_a t_obj wuajosren kapfib t_end t_start conhorjik t_rel prevents t_obj liiwep t_end t_start li
  step=35500/50000 loss=0.0048 lr=0.000071 (2502s)
  step=36000/50000 loss=0.0031 lr=0.000066 (2537s)
  >>> val loss: 0.0020
  >>> expected: t_start conhorjik t_rel is_a t_obj wuajosren kapfib t_end
t_start conhorjik t_rel prevents t_obj liiwep t_end
t_start li
  >>> generated: t_start conhorjik t_rel is_a t_obj wuajosren kapfib t_end t_start conhorjik t_rel prevents t_obj liiwep t_end t_start li
  step=36500/50000 loss=0.0070 lr=0.000062 (2572s)
  step=37000/50000 loss=0.0028 lr=0.000058 (2606s)
  >>> val loss: 0.0018
  >>> expected: t_start conhorjik t_rel is_a t_obj wuajosren kapfib t_end
t_start conhorjik t_rel prevents t_obj liiwep t_end
t_start li
  >>> generated: t_start conhorjik t_rel is_a t_obj wuajosren kapfib t_end t_start conhorjik t_rel prevents t_obj liiwep t_end t_start li
  step=37500/50000 loss=0.0045 lr=0.000054 (2641s)
  step=38000/50000 loss=0.0010 lr=0.000050 (2675s)
  >>> val loss: 0.0015
  >>> expected: t_start conhorjik t_rel is_a t_obj wuajosren kapfib t_end
t_start conhorjik t_rel prevents t_obj liiwep t_end
t_start li
  >>> generated: t_start conhorjik t_rel is_a t_obj wuajosren kapfib t_end t_start conhorjik t_rel prevents t_obj liiwep t_end t_start li
  step=38500/50000 loss=0.0030 lr=0.000046 (2709s)
  step=39000/50000 loss=0.0044 lr=0.000042 (2744s)
  >>> val loss: 0.0014
  >>> expected: t_start conhorjik t_rel is_a t_obj wuajosren kapfib t_end
t_start conhorjik t_rel prevents t_obj liiwep t_end
t_start li
  >>> generated: t_start conhorjik t_rel is_a t_obj wuajosren kapfib t_end t_start conhorjik t_rel prevents t_obj liiwep t_end t_start li
  step=39500/50000 loss=0.0026 lr=0.000039 (2778s)
  step=40000/50000 loss=0.0015 lr=0.000035 (2812s)
  >>> val loss: 0.0016
  >>> expected: t_start conhorjik t_rel is_a t_obj wuajosren kapfib t_end
t_start conhorjik t_rel prevents t_obj liiwep t_end
t_start li
  >>> generated: t_start conhorjik t_rel is_a t_obj wuajosren kapfib t_end t_start conhorjik t_rel prevents t_obj liiwep t_end t_start li
  step=40500/50000 loss=0.0016 lr=0.000032 (2846s)
  step=41000/50000 loss=0.0003 lr=0.000029 (2881s)
  >>> val loss: 0.0014
  >>> expected: t_start conhorjik t_rel is_a t_obj wuajosren kapfib t_end
t_start conhorjik t_rel prevents t_obj liiwep t_end
t_start li
  >>> generated: t_start conhorjik t_rel is_a t_obj wuajosren kapfib t_end t_start conhorjik t_rel prevents t_obj liiwep t_end t_start li
  step=41500/50000 loss=0.0038 lr=0.000026 (2915s)
  step=42000/50000 loss=0.0074 lr=0.000023 (2949s)
  >>> val loss: 0.0017
  >>> expected: t_start conhorjik t_rel is_a t_obj wuajosren kapfib t_end
t_start conhorjik t_rel prevents t_obj liiwep t_end
t_start li
  >>> generated: t_start conhorjik t_rel is_a t_obj wuajosren kapfib t_end t_start conhorjik t_rel prevents t_obj liiwep t_end t_start li
  step=42500/50000 loss=0.0055 lr=0.000020 (2984s)
  step=43000/50000 loss=0.0027 lr=0.000018 (3018s)
  >>> val loss: 0.0018
  >>> expected: t_start conhorjik t_rel is_a t_obj wuajosren kapfib t_end
t_start conhorjik t_rel prevents t_obj liiwep t_end
t_start li
  >>> generated: t_start conhorjik t_rel is_a t_obj wuajosren kapfib t_end t_start conhorjik t_rel prevents t_obj liiwep t_end t_start li
  step=43500/50000 loss=0.0055 lr=0.000015 (3053s)
  step=44000/50000 loss=0.0016 lr=0.000013 (3087s)
  >>> val loss: 0.0019
  >>> expected: t_start conhorjik t_rel is_a t_obj wuajosren kapfib t_end
t_start conhorjik t_rel prevents t_obj liiwep t_end
t_start li
  >>> generated: t_start conhorjik t_rel is_a t_obj wuajosren kapfib t_end t_start conhorjik t_rel prevents t_obj liiwep t_end t_start li
  step=44500/50000 loss=0.0036 lr=0.000011 (3122s)
  step=45000/50000 loss=0.0020 lr=0.000009 (3156s)
  >>> val loss: 0.0014
  >>> expected: t_start conhorjik t_rel is_a t_obj wuajosren kapfib t_end
t_start conhorjik t_rel prevents t_obj liiwep t_end
t_start li
  >>> generated: t_start conhorjik t_rel is_a t_obj wuajosren kapfib t_end t_start conhorjik t_rel prevents t_obj liiwep t_end t_start li
  step=45500/50000 loss=0.0009 lr=0.000007 (3191s)
  step=46000/50000 loss=0.0010 lr=0.000006 (3225s)
  >>> val loss: 0.0017
  >>> expected: t_start conhorjik t_rel is_a t_obj wuajosren kapfib t_end
t_start conhorjik t_rel prevents t_obj liiwep t_end
t_start li
  >>> generated: t_start conhorjik t_rel is_a t_obj wuajosren kapfib t_end t_start conhorjik t_rel prevents t_obj liiwep t_end t_start li
  step=46500/50000 loss=0.0025 lr=0.000004 (3260s)
  step=47000/50000 loss=0.0045 lr=0.000003 (3294s)
  >>> val loss: 0.0017
  >>> expected: t_start conhorjik t_rel is_a t_obj wuajosren kapfib t_end
t_start conhorjik t_rel prevents t_obj liiwep t_end
t_start li
  >>> generated: t_start conhorjik t_rel is_a t_obj wuajosren kapfib t_end t_start conhorjik t_rel prevents t_obj liiwep t_end t_start li
  step=47500/50000 loss=0.0030 lr=0.000002 (3328s)
  step=48000/50000 loss=0.0008 lr=0.000001 (3363s)
  >>> val loss: 0.0017
  >>> expected: t_start conhorjik t_rel is_a t_obj wuajosren kapfib t_end
t_start conhorjik t_rel prevents t_obj liiwep t_end
t_start li
  >>> generated: t_start conhorjik t_rel is_a t_obj wuajosren kapfib t_end t_start conhorjik t_rel prevents t_obj liiwep t_end t_start li
  step=48500/50000 loss=0.0035 lr=0.000001 (3398s)
  step=49000/50000 loss=0.0033 lr=0.000000 (3432s)
  >>> val loss: 0.0017
  >>> expected: t_start conhorjik t_rel is_a t_obj wuajosren kapfib t_end
t_start conhorjik t_rel prevents t_obj liiwep t_end
t_start li
  >>> generated: t_start conhorjik t_rel is_a t_obj wuajosren kapfib t_end t_start conhorjik t_rel prevents t_obj liiwep t_end t_start li
  step=49500/50000 loss=0.0038 lr=0.000000 (3466s)
  step=50000/50000 loss=0.0027 lr=0.000000 (3501s)
  >>> val loss: 0.0017
  >>> expected: t_start conhorjik t_rel is_a t_obj wuajosren kapfib t_end
t_start conhorjik t_rel prevents t_obj liiwep t_end
t_start li
  >>> generated: t_start conhorjik t_rel is_a t_obj wuajosren kapfib t_end t_start conhorjik t_rel prevents t_obj liiwep t_end t_start li

Done in 3501s (1.0h). Best val loss: 0.0008
