[hamroby-extract] device=cuda
[hamroby-extract] generating real-prose pairs from UD (max_sentences=20000)...
[real-prose] sentences_seen=20000 with_triple=34996 pairs_emitted=4903 corpus_vocab_size=20311
[hamroby-extract] real-prose pairs: 4903; total train_pairs=234818
[hamroby-extract] generating features (train 234818 + eval 15387 pairs)...
[hamroby-extract] train 5000/234818 (402/s, eta 572s, kept 5000)
[hamroby-extract] train 10000/234818 (408/s, eta 551s, kept 10000)
[hamroby-extract] train 15000/234818 (411/s, eta 535s, kept 15000)
[hamroby-extract] train 20000/234818 (412/s, eta 522s, kept 20000)
[hamroby-extract] train 25000/234818 (410/s, eta 512s, kept 25000)
[hamroby-extract] train 30000/234818 (411/s, eta 499s, kept 30000)
[hamroby-extract] train 35000/234818 (411/s, eta 486s, kept 35000)
[hamroby-extract] train 40000/234818 (411/s, eta 474s, kept 40000)
[hamroby-extract] train 45000/234818 (410/s, eta 463s, kept 45000)
[hamroby-extract] train 50000/234818 (409/s, eta 451s, kept 50000)
[hamroby-extract] train 55000/234818 (410/s, eta 439s, kept 55000)
[hamroby-extract] train 60000/234818 (409/s, eta 427s, kept 60000)
[hamroby-extract] train 65000/234818 (410/s, eta 415s, kept 65000)
[hamroby-extract] train 70000/234818 (409/s, eta 403s, kept 70000)
[hamroby-extract] train 75000/234818 (409/s, eta 391s, kept 75000)
[hamroby-extract] train 80000/234818 (408/s, eta 379s, kept 80000)
[hamroby-extract] train 85000/234818 (407/s, eta 368s, kept 85000)
[hamroby-extract] train 90000/234818 (407/s, eta 356s, kept 90000)
[hamroby-extract] train 95000/234818 (407/s, eta 343s, kept 95000)
[hamroby-extract] train 100000/234818 (407/s, eta 331s, kept 100000)
[hamroby-extract] train 105000/234818 (407/s, eta 319s, kept 105000)
[hamroby-extract] train 110000/234818 (407/s, eta 307s, kept 110000)
[hamroby-extract] train 115000/234818 (407/s, eta 294s, kept 115000)
[hamroby-extract] train 120000/234818 (407/s, eta 282s, kept 120000)
[hamroby-extract] train 125000/234818 (407/s, eta 270s, kept 125000)
[hamroby-extract] train 130000/234818 (407/s, eta 258s, kept 130000)
[hamroby-extract] train 135000/234818 (407/s, eta 245s, kept 135000)
[hamroby-extract] train 140000/234818 (407/s, eta 233s, kept 140000)
[hamroby-extract] train 145000/234818 (407/s, eta 221s, kept 145000)
[hamroby-extract] train 150000/234818 (407/s, eta 208s, kept 150000)
[hamroby-extract] train 155000/234818 (407/s, eta 196s, kept 155000)
[hamroby-extract] train 160000/234818 (407/s, eta 184s, kept 160000)
[hamroby-extract] train 165000/234818 (407/s, eta 172s, kept 165000)
[hamroby-extract] train 170000/234818 (407/s, eta 159s, kept 170000)
[hamroby-extract] train 175000/234818 (407/s, eta 147s, kept 175000)
[hamroby-extract] train 180000/234818 (407/s, eta 135s, kept 180000)
[hamroby-extract] train 185000/234818 (407/s, eta 122s, kept 185000)
[hamroby-extract] train 190000/234818 (407/s, eta 110s, kept 190000)
[hamroby-extract] train 195000/234818 (407/s, eta 98s, kept 195000)
[hamroby-extract] train 200000/234818 (407/s, eta 85s, kept 200000)
[hamroby-extract] train 205000/234818 (407/s, eta 73s, kept 205000)
[hamroby-extract] train 210000/234818 (407/s, eta 61s, kept 210000)
[hamroby-extract] train 215000/234818 (407/s, eta 49s, kept 215000)
[hamroby-extract] train 220000/234818 (407/s, eta 36s, kept 220000)
[hamroby-extract] train 225000/234818 (407/s, eta 24s, kept 225000)
[hamroby-extract] train 230000/234818 (407/s, eta 12s, kept 230000)
[hamroby-extract] train 234818/234818 (416/s, eta 0s, kept 234752)
[hamroby-extract] eval 5000/15387 (410/s, eta 25s, kept 5000)
[hamroby-extract] eval 10000/15387 (407/s, eta 13s, kept 10000)
[hamroby-extract] eval 15000/15387 (407/s, eta 1s, kept 15000)
[hamroby-extract] eval 15387/15387 (407/s, eta 0s, kept 15387)
[hamroby-extract] usable train_examples=234752 eval_examples=15387
[hamroby-extract] size=base d_model=256 n_layers=4 params=3,337,895
[hamroby-extract] step=    1/15000 loss=1.9368 elapsed=0.6s
[hamroby-extract] step=   50/15000 loss=0.9433 elapsed=1.9s
[hamroby-extract] step=  100/15000 loss=0.4277 elapsed=3.3s
[hamroby-extract] step=  150/15000 loss=0.2887 elapsed=4.9s
[hamroby-extract] step=  200/15000 loss=0.2614 elapsed=6.3s
[hamroby-extract] step=  250/15000 loss=0.2368 elapsed=8.2s
[hamroby-extract] step=  300/15000 loss=0.2197 elapsed=9.9s
[hamroby-extract] step=  350/15000 loss=0.2063 elapsed=11.5s
[hamroby-extract] step=  400/15000 loss=0.2069 elapsed=12.9s
[hamroby-extract] step=  450/15000 loss=0.2123 elapsed=14.5s
[hamroby-extract] step=  500/15000 loss=0.1827 elapsed=16.3s
[hamroby-extract] step=  550/15000 loss=0.1814 elapsed=17.7s
[hamroby-extract] step=  600/15000 loss=0.1655 elapsed=19.1s
[hamroby-extract] step=  650/15000 loss=0.1756 elapsed=20.6s
[hamroby-extract] step=  700/15000 loss=0.1915 elapsed=22.1s
[hamroby-extract] step=  750/15000 loss=0.1801 elapsed=23.8s
[hamroby-extract] step=  800/15000 loss=0.1641 elapsed=25.1s
[hamroby-extract] step=  850/15000 loss=0.1748 elapsed=26.5s
[hamroby-extract] step=  900/15000 loss=0.1834 elapsed=27.9s
[hamroby-extract] step=  950/15000 loss=0.1888 elapsed=29.3s
[hamroby-extract] step= 1000/15000 loss=0.1847 elapsed=30.9s
[hamroby-extract] step= 1050/15000 loss=0.1844 elapsed=32.3s
[hamroby-extract] step= 1100/15000 loss=0.1600 elapsed=33.8s
[hamroby-extract] step= 1150/15000 loss=0.1847 elapsed=35.1s
[hamroby-extract] step= 1200/15000 loss=0.1565 elapsed=36.5s
[hamroby-extract] step= 1250/15000 loss=0.1690 elapsed=37.7s
[hamroby-extract] step= 1300/15000 loss=0.1538 elapsed=39.1s
[hamroby-extract] step= 1350/15000 loss=0.1650 elapsed=40.8s
[hamroby-extract] step= 1400/15000 loss=0.1671 elapsed=42.2s
[hamroby-extract] step= 1450/15000 loss=0.1577 elapsed=43.9s
[hamroby-extract] step= 1500/15000 loss=0.1511 elapsed=45.5s
[hamroby-extract] step= 1550/15000 loss=0.1500 elapsed=47.2s
[hamroby-extract] step= 1600/15000 loss=0.1579 elapsed=48.9s
[hamroby-extract] step= 1650/15000 loss=0.1655 elapsed=50.3s
[hamroby-extract] step= 1700/15000 loss=0.1627 elapsed=51.6s
[hamroby-extract] step= 1750/15000 loss=0.1516 elapsed=53.2s
[hamroby-extract] step= 1800/15000 loss=0.1448 elapsed=54.8s
[hamroby-extract] step= 1850/15000 loss=0.1620 elapsed=56.3s
[hamroby-extract] step= 1900/15000 loss=0.1418 elapsed=57.9s
[hamroby-extract] step= 1950/15000 loss=0.1503 elapsed=59.4s
[hamroby-extract] step= 2000/15000 loss=0.1404 elapsed=60.7s
[hamroby-extract] step= 2050/15000 loss=0.1480 elapsed=62.0s
[hamroby-extract] step= 2100/15000 loss=0.1519 elapsed=63.4s
[hamroby-extract] step= 2150/15000 loss=0.1778 elapsed=64.6s
[hamroby-extract] step= 2200/15000 loss=0.1553 elapsed=66.0s
[hamroby-extract] step= 2250/15000 loss=0.1570 elapsed=67.2s
[hamroby-extract] step= 2300/15000 loss=0.1462 elapsed=68.6s
[hamroby-extract] step= 2350/15000 loss=0.1390 elapsed=70.1s
[hamroby-extract] step= 2400/15000 loss=0.1412 elapsed=71.6s
[hamroby-extract] step= 2450/15000 loss=0.1538 elapsed=73.0s
[hamroby-extract] step= 2500/15000 loss=0.1520 elapsed=74.3s
[hamroby-extract] step= 2550/15000 loss=0.1411 elapsed=75.6s
[hamroby-extract] step= 2600/15000 loss=0.1371 elapsed=77.1s
[hamroby-extract] step= 2650/15000 loss=0.1414 elapsed=78.5s
[hamroby-extract] step= 2700/15000 loss=0.1395 elapsed=79.9s
[hamroby-extract] step= 2750/15000 loss=0.1542 elapsed=81.3s
[hamroby-extract] step= 2800/15000 loss=0.1349 elapsed=82.5s
[hamroby-extract] step= 2850/15000 loss=0.1365 elapsed=84.0s
[hamroby-extract] step= 2900/15000 loss=0.1420 elapsed=85.6s
[hamroby-extract] step= 2950/15000 loss=0.1389 elapsed=87.3s
[hamroby-extract] step= 3000/15000 loss=0.1481 elapsed=88.9s
[hamroby-extract] step= 3050/15000 loss=0.1528 elapsed=90.4s
[hamroby-extract] step= 3100/15000 loss=0.1451 elapsed=91.9s
[hamroby-extract] step= 3150/15000 loss=0.1418 elapsed=93.7s
[hamroby-extract] step= 3200/15000 loss=0.1388 elapsed=95.2s
[hamroby-extract] step= 3250/15000 loss=0.1345 elapsed=96.4s
[hamroby-extract] step= 3300/15000 loss=0.1485 elapsed=97.8s
[hamroby-extract] step= 3350/15000 loss=0.1451 elapsed=99.4s
[hamroby-extract] step= 3400/15000 loss=0.1557 elapsed=101.1s
[hamroby-extract] step= 3450/15000 loss=0.1418 elapsed=102.3s
[hamroby-extract] step= 3500/15000 loss=0.1333 elapsed=103.7s
[hamroby-extract] step= 3550/15000 loss=0.1416 elapsed=105.0s
[hamroby-extract] step= 3600/15000 loss=0.1416 elapsed=106.7s
[hamroby-extract] step= 3650/15000 loss=0.1443 elapsed=108.2s
[hamroby-extract] step= 3700/15000 loss=0.1403 elapsed=109.6s
[hamroby-extract] step= 3750/15000 loss=0.1589 elapsed=111.0s
[hamroby-extract] step= 3800/15000 loss=0.1354 elapsed=112.3s
[hamroby-extract] step= 3850/15000 loss=0.1289 elapsed=113.8s
[hamroby-extract] step= 3900/15000 loss=0.1477 elapsed=115.2s
[hamroby-extract] step= 3950/15000 loss=0.1208 elapsed=116.6s
[hamroby-extract] step= 4000/15000 loss=0.1349 elapsed=118.0s
[hamroby-extract] step= 4050/15000 loss=0.1466 elapsed=119.3s
[hamroby-extract] step= 4100/15000 loss=0.1501 elapsed=120.6s
[hamroby-extract] step= 4150/15000 loss=0.1301 elapsed=122.0s
[hamroby-extract] step= 4200/15000 loss=0.1333 elapsed=123.3s
[hamroby-extract] step= 4250/15000 loss=0.1437 elapsed=124.9s
[hamroby-extract] step= 4300/15000 loss=0.1390 elapsed=126.5s
[hamroby-extract] step= 4350/15000 loss=0.1502 elapsed=128.2s
[hamroby-extract] step= 4400/15000 loss=0.1348 elapsed=129.9s
[hamroby-extract] step= 4450/15000 loss=0.1351 elapsed=131.6s
[hamroby-extract] step= 4500/15000 loss=0.1389 elapsed=133.0s
[hamroby-extract] step= 4550/15000 loss=0.1379 elapsed=134.4s
[hamroby-extract] step= 4600/15000 loss=0.1342 elapsed=135.7s
[hamroby-extract] step= 4650/15000 loss=0.1341 elapsed=137.0s
[hamroby-extract] step= 4700/15000 loss=0.1363 elapsed=138.6s
[hamroby-extract] step= 4750/15000 loss=0.1266 elapsed=139.9s
[hamroby-extract] step= 4800/15000 loss=0.1320 elapsed=141.5s
[hamroby-extract] step= 4850/15000 loss=0.1455 elapsed=143.0s
[hamroby-extract] step= 4900/15000 loss=0.1343 elapsed=144.4s
[hamroby-extract] step= 4950/15000 loss=0.1516 elapsed=146.1s
[hamroby-extract] step= 5000/15000 loss=0.1456 elapsed=147.4s
[hamroby-extract] step= 5050/15000 loss=0.1434 elapsed=148.7s
[hamroby-extract] step= 5100/15000 loss=0.1420 elapsed=150.1s
[hamroby-extract] step= 5150/15000 loss=0.1357 elapsed=151.5s
[hamroby-extract] step= 5200/15000 loss=0.1243 elapsed=152.8s
[hamroby-extract] step= 5250/15000 loss=0.1350 elapsed=154.3s
[hamroby-extract] step= 5300/15000 loss=0.1316 elapsed=156.1s
[hamroby-extract] step= 5350/15000 loss=0.1356 elapsed=157.9s
[hamroby-extract] step= 5400/15000 loss=0.1222 elapsed=159.2s
[hamroby-extract] step= 5450/15000 loss=0.1382 elapsed=160.4s
[hamroby-extract] step= 5500/15000 loss=0.1366 elapsed=161.7s
[hamroby-extract] step= 5550/15000 loss=0.1336 elapsed=163.3s
[hamroby-extract] step= 5600/15000 loss=0.1407 elapsed=164.5s
[hamroby-extract] step= 5650/15000 loss=0.1269 elapsed=165.7s
[hamroby-extract] step= 5700/15000 loss=0.1217 elapsed=167.1s
[hamroby-extract] step= 5750/15000 loss=0.1255 elapsed=168.4s
[hamroby-extract] step= 5800/15000 loss=0.1341 elapsed=170.2s
[hamroby-extract] step= 5850/15000 loss=0.1266 elapsed=172.0s
[hamroby-extract] step= 5900/15000 loss=0.1441 elapsed=173.8s
[hamroby-extract] step= 5950/15000 loss=0.1395 elapsed=175.6s
[hamroby-extract] step= 6000/15000 loss=0.1416 elapsed=177.1s
[hamroby-extract] step= 6050/15000 loss=0.1330 elapsed=178.4s
[hamroby-extract] step= 6100/15000 loss=0.1369 elapsed=179.9s
[hamroby-extract] step= 6150/15000 loss=0.1315 elapsed=181.6s
[hamroby-extract] step= 6200/15000 loss=0.1287 elapsed=183.2s
[hamroby-extract] step= 6250/15000 loss=0.1321 elapsed=184.5s
[hamroby-extract] step= 6300/15000 loss=0.1330 elapsed=185.9s
[hamroby-extract] step= 6350/15000 loss=0.1207 elapsed=187.2s
[hamroby-extract] step= 6400/15000 loss=0.1251 elapsed=188.5s
[hamroby-extract] step= 6450/15000 loss=0.1317 elapsed=189.9s
[hamroby-extract] step= 6500/15000 loss=0.1326 elapsed=191.5s
[hamroby-extract] step= 6550/15000 loss=0.1342 elapsed=193.0s
[hamroby-extract] step= 6600/15000 loss=0.1269 elapsed=194.5s
[hamroby-extract] step= 6650/15000 loss=0.1325 elapsed=196.0s
[hamroby-extract] step= 6700/15000 loss=0.1443 elapsed=197.3s
[hamroby-extract] step= 6750/15000 loss=0.1295 elapsed=198.9s
[hamroby-extract] step= 6800/15000 loss=0.1427 elapsed=200.5s
[hamroby-extract] step= 6850/15000 loss=0.1401 elapsed=202.1s
[hamroby-extract] step= 6900/15000 loss=0.1395 elapsed=203.6s
[hamroby-extract] step= 6950/15000 loss=0.1188 elapsed=205.0s
[hamroby-extract] step= 7000/15000 loss=0.1334 elapsed=206.4s
[hamroby-extract] step= 7050/15000 loss=0.1439 elapsed=207.7s
[hamroby-extract] step= 7100/15000 loss=0.1197 elapsed=209.1s
[hamroby-extract] step= 7150/15000 loss=0.1276 elapsed=210.5s
[hamroby-extract] step= 7200/15000 loss=0.1361 elapsed=211.9s
[hamroby-extract] step= 7250/15000 loss=0.1380 elapsed=213.7s
[hamroby-extract] step= 7300/15000 loss=0.1234 elapsed=215.4s
[hamroby-extract] step= 7350/15000 loss=0.1505 elapsed=217.0s
[hamroby-extract] step= 7400/15000 loss=0.1232 elapsed=218.7s
[hamroby-extract] step= 7450/15000 loss=0.1298 elapsed=220.1s
[hamroby-extract] step= 7500/15000 loss=0.1199 elapsed=221.4s
[hamroby-extract] step= 7550/15000 loss=0.1143 elapsed=222.9s
[hamroby-extract] step= 7600/15000 loss=0.1467 elapsed=224.6s
[hamroby-extract] step= 7650/15000 loss=0.1369 elapsed=226.3s
[hamroby-extract] step= 7700/15000 loss=0.1264 elapsed=228.1s
[hamroby-extract] step= 7750/15000 loss=0.1342 elapsed=229.7s
[hamroby-extract] step= 7800/15000 loss=0.1413 elapsed=231.0s
[hamroby-extract] step= 7850/15000 loss=0.1241 elapsed=232.3s
[hamroby-extract] step= 7900/15000 loss=0.1313 elapsed=233.7s
[hamroby-extract] step= 7950/15000 loss=0.1443 elapsed=235.0s
[hamroby-extract] step= 8000/15000 loss=0.1373 elapsed=236.3s
[hamroby-extract] step= 8050/15000 loss=0.1261 elapsed=237.5s
[hamroby-extract] step= 8100/15000 loss=0.1112 elapsed=239.0s
[hamroby-extract] step= 8150/15000 loss=0.1221 elapsed=240.4s
[hamroby-extract] step= 8200/15000 loss=0.1300 elapsed=241.9s
[hamroby-extract] step= 8250/15000 loss=0.1241 elapsed=243.5s
[hamroby-extract] step= 8300/15000 loss=0.1359 elapsed=245.0s
[hamroby-extract] step= 8350/15000 loss=0.1252 elapsed=246.3s
[hamroby-extract] step= 8400/15000 loss=0.1236 elapsed=247.7s
[hamroby-extract] step= 8450/15000 loss=0.1250 elapsed=249.2s
[hamroby-extract] step= 8500/15000 loss=0.1378 elapsed=250.8s
[hamroby-extract] step= 8550/15000 loss=0.1222 elapsed=252.3s
[hamroby-extract] step= 8600/15000 loss=0.1275 elapsed=253.6s
[hamroby-extract] step= 8650/15000 loss=0.1280 elapsed=255.0s
[hamroby-extract] step= 8700/15000 loss=0.1225 elapsed=256.4s
[hamroby-extract] step= 8750/15000 loss=0.1319 elapsed=257.7s
[hamroby-extract] step= 8800/15000 loss=0.1307 elapsed=259.1s
[hamroby-extract] step= 8850/15000 loss=0.1327 elapsed=260.8s
[hamroby-extract] step= 8900/15000 loss=0.1248 elapsed=262.3s
[hamroby-extract] step= 8950/15000 loss=0.1333 elapsed=263.9s
[hamroby-extract] step= 9000/15000 loss=0.1315 elapsed=265.3s
[hamroby-extract] step= 9050/15000 loss=0.1341 elapsed=266.7s
[hamroby-extract] step= 9100/15000 loss=0.1236 elapsed=268.0s
[hamroby-extract] step= 9150/15000 loss=0.1318 elapsed=269.5s
[hamroby-extract] step= 9200/15000 loss=0.1310 elapsed=270.8s
[hamroby-extract] step= 9250/15000 loss=0.1261 elapsed=272.4s
[hamroby-extract] step= 9300/15000 loss=0.1417 elapsed=274.1s
[hamroby-extract] step= 9350/15000 loss=0.1145 elapsed=275.8s
[hamroby-extract] step= 9400/15000 loss=0.1394 elapsed=277.3s
[hamroby-extract] step= 9450/15000 loss=0.1263 elapsed=278.9s
[hamroby-extract] step= 9500/15000 loss=0.1279 elapsed=280.7s
[hamroby-extract] step= 9550/15000 loss=0.1165 elapsed=282.0s
[hamroby-extract] step= 9600/15000 loss=0.1333 elapsed=283.7s
[hamroby-extract] step= 9650/15000 loss=0.1091 elapsed=285.2s
[hamroby-extract] step= 9700/15000 loss=0.1150 elapsed=286.5s
[hamroby-extract] step= 9750/15000 loss=0.1210 elapsed=287.9s
[hamroby-extract] step= 9800/15000 loss=0.1207 elapsed=289.2s
[hamroby-extract] step= 9850/15000 loss=0.1195 elapsed=290.5s
[hamroby-extract] step= 9900/15000 loss=0.1278 elapsed=291.7s
[hamroby-extract] step= 9950/15000 loss=0.1199 elapsed=293.2s
[hamroby-extract] step=10000/15000 loss=0.1259 elapsed=294.5s
[hamroby-extract] step=10050/15000 loss=0.1250 elapsed=295.9s
[hamroby-extract] step=10100/15000 loss=0.1143 elapsed=297.2s
[hamroby-extract] step=10150/15000 loss=0.1200 elapsed=298.5s
[hamroby-extract] step=10200/15000 loss=0.1333 elapsed=300.2s
[hamroby-extract] step=10250/15000 loss=0.1275 elapsed=302.0s
[hamroby-extract] step=10300/15000 loss=0.1254 elapsed=303.8s
[hamroby-extract] step=10350/15000 loss=0.1245 elapsed=305.6s
[hamroby-extract] step=10400/15000 loss=0.1322 elapsed=307.1s
[hamroby-extract] step=10450/15000 loss=0.1362 elapsed=308.4s
[hamroby-extract] step=10500/15000 loss=0.1322 elapsed=309.7s
[hamroby-extract] step=10550/15000 loss=0.1209 elapsed=310.9s
[hamroby-extract] step=10600/15000 loss=0.1194 elapsed=312.3s
[hamroby-extract] step=10650/15000 loss=0.1176 elapsed=313.7s
[hamroby-extract] step=10700/15000 loss=0.1269 elapsed=315.1s
[hamroby-extract] step=10750/15000 loss=0.1142 elapsed=316.5s
[hamroby-extract] step=10800/15000 loss=0.1185 elapsed=317.8s
[hamroby-extract] step=10850/15000 loss=0.1037 elapsed=319.3s
[hamroby-extract] step=10900/15000 loss=0.1319 elapsed=321.0s
[hamroby-extract] step=10950/15000 loss=0.1127 elapsed=322.5s
[hamroby-extract] step=11000/15000 loss=0.1253 elapsed=323.9s
[hamroby-extract] step=11050/15000 loss=0.1364 elapsed=325.3s
[hamroby-extract] step=11100/15000 loss=0.1130 elapsed=326.8s
[hamroby-extract] step=11150/15000 loss=0.1322 elapsed=328.5s
[hamroby-extract] step=11200/15000 loss=0.1226 elapsed=329.9s
[hamroby-extract] step=11250/15000 loss=0.1175 elapsed=331.3s
[hamroby-extract] step=11300/15000 loss=0.1233 elapsed=332.6s
[hamroby-extract] step=11350/15000 loss=0.1206 elapsed=334.2s
[hamroby-extract] step=11400/15000 loss=0.1246 elapsed=335.7s
[hamroby-extract] step=11450/15000 loss=0.1186 elapsed=337.3s
[hamroby-extract] step=11500/15000 loss=0.1294 elapsed=338.9s
[hamroby-extract] step=11550/15000 loss=0.1244 elapsed=340.3s
[hamroby-extract] step=11600/15000 loss=0.1226 elapsed=342.0s
[hamroby-extract] step=11650/15000 loss=0.1316 elapsed=343.6s
[hamroby-extract] step=11700/15000 loss=0.1203 elapsed=345.1s
[hamroby-extract] step=11750/15000 loss=0.1259 elapsed=346.6s
[hamroby-extract] step=11800/15000 loss=0.1124 elapsed=348.0s
[hamroby-extract] step=11850/15000 loss=0.1277 elapsed=349.4s
[hamroby-extract] step=11900/15000 loss=0.1201 elapsed=350.8s
[hamroby-extract] step=11950/15000 loss=0.1236 elapsed=352.1s
[hamroby-extract] step=12000/15000 loss=0.1239 elapsed=353.5s
[hamroby-extract] step=12050/15000 loss=0.1216 elapsed=355.1s
[hamroby-extract] step=12100/15000 loss=0.1287 elapsed=356.6s
[hamroby-extract] step=12150/15000 loss=0.1336 elapsed=358.3s
[hamroby-extract] step=12200/15000 loss=0.1265 elapsed=359.7s
[hamroby-extract] step=12250/15000 loss=0.1127 elapsed=361.1s
[hamroby-extract] step=12300/15000 loss=0.1303 elapsed=362.5s
[hamroby-extract] step=12350/15000 loss=0.1183 elapsed=363.9s
[hamroby-extract] step=12400/15000 loss=0.1356 elapsed=365.4s
[hamroby-extract] step=12450/15000 loss=0.1277 elapsed=366.8s
[hamroby-extract] step=12500/15000 loss=0.1296 elapsed=368.2s
[hamroby-extract] step=12550/15000 loss=0.1204 elapsed=369.6s
[hamroby-extract] step=12600/15000 loss=0.1211 elapsed=371.2s
[hamroby-extract] step=12650/15000 loss=0.1185 elapsed=373.0s
[hamroby-extract] step=12700/15000 loss=0.1293 elapsed=374.3s
[hamroby-extract] step=12750/15000 loss=0.1097 elapsed=375.9s
[hamroby-extract] step=12800/15000 loss=0.1137 elapsed=377.5s
[hamroby-extract] step=12850/15000 loss=0.1185 elapsed=379.0s
[hamroby-extract] step=12900/15000 loss=0.1190 elapsed=380.4s
[hamroby-extract] step=12950/15000 loss=0.1252 elapsed=381.7s
[hamroby-extract] step=13000/15000 loss=0.1157 elapsed=383.2s
[hamroby-extract] step=13050/15000 loss=0.1335 elapsed=384.6s
[hamroby-extract] step=13100/15000 loss=0.1315 elapsed=386.3s
[hamroby-extract] step=13150/15000 loss=0.1193 elapsed=387.9s
[hamroby-extract] step=13200/15000 loss=0.1293 elapsed=389.4s
[hamroby-extract] step=13250/15000 loss=0.1158 elapsed=391.1s
[hamroby-extract] step=13300/15000 loss=0.1156 elapsed=392.6s
[hamroby-extract] step=13350/15000 loss=0.1305 elapsed=394.0s
[hamroby-extract] step=13400/15000 loss=0.1154 elapsed=395.5s
[hamroby-extract] step=13450/15000 loss=0.1232 elapsed=396.9s
[hamroby-extract] step=13500/15000 loss=0.1178 elapsed=398.3s
[hamroby-extract] step=13550/15000 loss=0.1283 elapsed=399.7s
[hamroby-extract] step=13600/15000 loss=0.1238 elapsed=401.2s
[hamroby-extract] step=13650/15000 loss=0.1156 elapsed=402.6s
[hamroby-extract] step=13700/15000 loss=0.1325 elapsed=404.2s
[hamroby-extract] step=13750/15000 loss=0.1276 elapsed=405.8s
[hamroby-extract] step=13800/15000 loss=0.1197 elapsed=407.2s
[hamroby-extract] step=13850/15000 loss=0.1226 elapsed=408.6s
[hamroby-extract] step=13900/15000 loss=0.1439 elapsed=409.9s
[hamroby-extract] step=13950/15000 loss=0.1307 elapsed=411.4s
[hamroby-extract] step=14000/15000 loss=0.1187 elapsed=412.8s
[hamroby-extract] step=14050/15000 loss=0.1272 elapsed=414.1s
[hamroby-extract] step=14100/15000 loss=0.1280 elapsed=415.5s
[hamroby-extract] step=14150/15000 loss=0.1208 elapsed=416.9s
[hamroby-extract] step=14200/15000 loss=0.1212 elapsed=418.6s
[hamroby-extract] step=14250/15000 loss=0.1304 elapsed=420.3s
[hamroby-extract] step=14300/15000 loss=0.1260 elapsed=421.8s
[hamroby-extract] step=14350/15000 loss=0.1229 elapsed=423.5s
[hamroby-extract] step=14400/15000 loss=0.1191 elapsed=424.9s
[hamroby-extract] step=14450/15000 loss=0.1196 elapsed=426.3s
[hamroby-extract] step=14500/15000 loss=0.1259 elapsed=427.7s
[hamroby-extract] step=14550/15000 loss=0.1424 elapsed=429.0s
[hamroby-extract] step=14600/15000 loss=0.1328 elapsed=430.4s
[hamroby-extract] step=14650/15000 loss=0.1190 elapsed=431.8s
[hamroby-extract] step=14700/15000 loss=0.1124 elapsed=433.1s
[hamroby-extract] step=14750/15000 loss=0.1211 elapsed=434.7s
[hamroby-extract] step=14800/15000 loss=0.1285 elapsed=436.3s
[hamroby-extract] step=14850/15000 loss=0.1171 elapsed=437.8s
[hamroby-extract] step=14900/15000 loss=0.1220 elapsed=439.2s
[hamroby-extract] step=14950/15000 loss=0.1234 elapsed=440.5s
[hamroby-extract] step=15000/15000 loss=0.1304 elapsed=441.9s
[hamroby-extract] eval token_acc=0.954 triple_em=0.838
[hamroby-extract] saved src/sara_brain/cortex/checkpoints/hamroby_extractor_v1_aug7.pt
