[hamroby-extract] device=cuda
[hamroby-extract] generating real-prose pairs from UD (max_sentences=10000)...
[real-prose] sentences_seen=10000 with_triple=16606 pairs_emitted=4955 corpus_vocab_size=12671
[hamroby-extract] real-prose pairs: 4955; total train_pairs=214291
[hamroby-extract] generating features (train 214291 + eval 13753 pairs)...
[hamroby-extract] train 5000/214291 (424/s, eta 493s, kept 5000)
[hamroby-extract] train 10000/214291 (415/s, eta 492s, kept 10000)
[hamroby-extract] train 15000/214291 (416/s, eta 479s, kept 15000)
[hamroby-extract] train 20000/214291 (416/s, eta 467s, kept 20000)
[hamroby-extract] train 25000/214291 (418/s, eta 453s, kept 25000)
[hamroby-extract] train 30000/214291 (419/s, eta 439s, kept 30000)
[hamroby-extract] train 35000/214291 (418/s, eta 429s, kept 35000)
[hamroby-extract] train 40000/214291 (419/s, eta 416s, kept 40000)
[hamroby-extract] train 45000/214291 (419/s, eta 404s, kept 45000)
[hamroby-extract] train 50000/214291 (419/s, eta 392s, kept 50000)
[hamroby-extract] train 55000/214291 (420/s, eta 379s, kept 55000)
[hamroby-extract] train 60000/214291 (419/s, eta 368s, kept 60000)
[hamroby-extract] train 65000/214291 (419/s, eta 356s, kept 65000)
[hamroby-extract] train 70000/214291 (420/s, eta 344s, kept 70000)
[hamroby-extract] train 75000/214291 (419/s, eta 332s, kept 75000)
[hamroby-extract] train 80000/214291 (420/s, eta 320s, kept 80000)
[hamroby-extract] train 85000/214291 (420/s, eta 308s, kept 85000)
[hamroby-extract] train 90000/214291 (420/s, eta 296s, kept 90000)
[hamroby-extract] train 95000/214291 (420/s, eta 284s, kept 95000)
[hamroby-extract] train 100000/214291 (419/s, eta 273s, kept 100000)
[hamroby-extract] train 105000/214291 (420/s, eta 260s, kept 105000)
[hamroby-extract] train 110000/214291 (420/s, eta 248s, kept 110000)
[hamroby-extract] train 115000/214291 (419/s, eta 237s, kept 115000)
[hamroby-extract] train 120000/214291 (420/s, eta 225s, kept 120000)
[hamroby-extract] train 125000/214291 (420/s, eta 213s, kept 125000)
[hamroby-extract] train 130000/214291 (419/s, eta 201s, kept 130000)
[hamroby-extract] train 135000/214291 (419/s, eta 189s, kept 135000)
[hamroby-extract] train 140000/214291 (419/s, eta 177s, kept 140000)
[hamroby-extract] train 145000/214291 (420/s, eta 165s, kept 145000)
[hamroby-extract] train 150000/214291 (420/s, eta 153s, kept 150000)
[hamroby-extract] train 155000/214291 (419/s, eta 141s, kept 155000)
[hamroby-extract] train 160000/214291 (420/s, eta 129s, kept 160000)
[hamroby-extract] train 165000/214291 (420/s, eta 117s, kept 165000)
[hamroby-extract] train 170000/214291 (420/s, eta 106s, kept 170000)
[hamroby-extract] train 175000/214291 (419/s, eta 94s, kept 175000)
[hamroby-extract] train 180000/214291 (419/s, eta 82s, kept 180000)
[hamroby-extract] train 185000/214291 (419/s, eta 70s, kept 185000)
[hamroby-extract] train 190000/214291 (419/s, eta 58s, kept 190000)
[hamroby-extract] train 195000/214291 (419/s, eta 46s, kept 195000)
[hamroby-extract] train 200000/214291 (419/s, eta 34s, kept 200000)
[hamroby-extract] train 205000/214291 (419/s, eta 22s, kept 205000)
[hamroby-extract] train 210000/214291 (419/s, eta 10s, kept 209996)
[hamroby-extract] train 214291/214291 (415/s, eta 0s, kept 214207)
[hamroby-extract] eval 5000/13753 (417/s, eta 21s, kept 5000)
[hamroby-extract] eval 10000/13753 (418/s, eta 9s, kept 10000)
[hamroby-extract] eval 13753/13753 (420/s, eta 0s, kept 13753)
[hamroby-extract] usable train_examples=214207 eval_examples=13753
[hamroby-extract] size=base d_model=256 n_layers=4 params=3,337,895
[hamroby-extract] step=    1/15000 loss=1.9402 elapsed=0.6s
[hamroby-extract] step=   50/15000 loss=0.9535 elapsed=1.9s
[hamroby-extract] step=  100/15000 loss=0.4197 elapsed=3.3s
[hamroby-extract] step=  150/15000 loss=0.3424 elapsed=4.7s
[hamroby-extract] step=  200/15000 loss=0.2471 elapsed=6.1s
[hamroby-extract] step=  250/15000 loss=0.2409 elapsed=7.6s
[hamroby-extract] step=  300/15000 loss=0.2165 elapsed=8.9s
[hamroby-extract] step=  350/15000 loss=0.2192 elapsed=10.4s
[hamroby-extract] step=  400/15000 loss=0.2053 elapsed=11.7s
[hamroby-extract] step=  450/15000 loss=0.2027 elapsed=13.0s
[hamroby-extract] step=  500/15000 loss=0.1999 elapsed=14.4s
[hamroby-extract] step=  550/15000 loss=0.1983 elapsed=15.8s
[hamroby-extract] step=  600/15000 loss=0.1712 elapsed=17.2s
[hamroby-extract] step=  650/15000 loss=0.1830 elapsed=18.5s
[hamroby-extract] step=  700/15000 loss=0.1747 elapsed=19.8s
[hamroby-extract] step=  750/15000 loss=0.2023 elapsed=21.1s
[hamroby-extract] step=  800/15000 loss=0.1738 elapsed=22.6s
[hamroby-extract] step=  850/15000 loss=0.1735 elapsed=24.1s
[hamroby-extract] step=  900/15000 loss=0.1770 elapsed=25.4s
[hamroby-extract] step=  950/15000 loss=0.1722 elapsed=26.6s
[hamroby-extract] step= 1000/15000 loss=0.1438 elapsed=27.9s
[hamroby-extract] step= 1050/15000 loss=0.1658 elapsed=29.1s
[hamroby-extract] step= 1100/15000 loss=0.1865 elapsed=30.3s
[hamroby-extract] step= 1150/15000 loss=0.1753 elapsed=31.6s
[hamroby-extract] step= 1200/15000 loss=0.1614 elapsed=32.8s
[hamroby-extract] step= 1250/15000 loss=0.1562 elapsed=34.0s
[hamroby-extract] step= 1300/15000 loss=0.1756 elapsed=35.3s
[hamroby-extract] step= 1350/15000 loss=0.1636 elapsed=36.6s
[hamroby-extract] step= 1400/15000 loss=0.1779 elapsed=38.0s
[hamroby-extract] step= 1450/15000 loss=0.1488 elapsed=39.4s
[hamroby-extract] step= 1500/15000 loss=0.1723 elapsed=40.7s
[hamroby-extract] step= 1550/15000 loss=0.1744 elapsed=42.1s
[hamroby-extract] step= 1600/15000 loss=0.1867 elapsed=43.4s
[hamroby-extract] step= 1650/15000 loss=0.1813 elapsed=44.9s
[hamroby-extract] step= 1700/15000 loss=0.1798 elapsed=46.2s
[hamroby-extract] step= 1750/15000 loss=0.1701 elapsed=47.6s
[hamroby-extract] step= 1800/15000 loss=0.1686 elapsed=49.1s
[hamroby-extract] step= 1850/15000 loss=0.1605 elapsed=50.5s
[hamroby-extract] step= 1900/15000 loss=0.1609 elapsed=52.0s
[hamroby-extract] step= 1950/15000 loss=0.1590 elapsed=53.4s
[hamroby-extract] step= 2000/15000 loss=0.1703 elapsed=54.8s
[hamroby-extract] step= 2050/15000 loss=0.1504 elapsed=56.1s
[hamroby-extract] step= 2100/15000 loss=0.1655 elapsed=57.5s
[hamroby-extract] step= 2150/15000 loss=0.1634 elapsed=58.8s
[hamroby-extract] step= 2200/15000 loss=0.1503 elapsed=60.0s
[hamroby-extract] step= 2250/15000 loss=0.1654 elapsed=61.2s
[hamroby-extract] step= 2300/15000 loss=0.1407 elapsed=62.5s
[hamroby-extract] step= 2350/15000 loss=0.1605 elapsed=63.8s
[hamroby-extract] step= 2400/15000 loss=0.1516 elapsed=65.0s
[hamroby-extract] step= 2450/15000 loss=0.1679 elapsed=66.3s
[hamroby-extract] step= 2500/15000 loss=0.1430 elapsed=67.6s
[hamroby-extract] step= 2550/15000 loss=0.1502 elapsed=68.9s
[hamroby-extract] step= 2600/15000 loss=0.1591 elapsed=70.1s
[hamroby-extract] step= 2650/15000 loss=0.1643 elapsed=71.4s
[hamroby-extract] step= 2700/15000 loss=0.1533 elapsed=72.6s
[hamroby-extract] step= 2750/15000 loss=0.1517 elapsed=73.8s
[hamroby-extract] step= 2800/15000 loss=0.1457 elapsed=75.1s
[hamroby-extract] step= 2850/15000 loss=0.1524 elapsed=76.3s
[hamroby-extract] step= 2900/15000 loss=0.1644 elapsed=77.5s
[hamroby-extract] step= 2950/15000 loss=0.1477 elapsed=78.8s
[hamroby-extract] step= 3000/15000 loss=0.1634 elapsed=80.1s
[hamroby-extract] step= 3050/15000 loss=0.1523 elapsed=81.3s
[hamroby-extract] step= 3100/15000 loss=0.1572 elapsed=82.7s
[hamroby-extract] step= 3150/15000 loss=0.1428 elapsed=84.1s
[hamroby-extract] step= 3200/15000 loss=0.1380 elapsed=85.5s
[hamroby-extract] step= 3250/15000 loss=0.1514 elapsed=86.7s
[hamroby-extract] step= 3300/15000 loss=0.1354 elapsed=88.2s
[hamroby-extract] step= 3350/15000 loss=0.1472 elapsed=89.5s
[hamroby-extract] step= 3400/15000 loss=0.1412 elapsed=90.9s
[hamroby-extract] step= 3450/15000 loss=0.1464 elapsed=92.2s
[hamroby-extract] step= 3500/15000 loss=0.1537 elapsed=93.4s
[hamroby-extract] step= 3550/15000 loss=0.1504 elapsed=94.6s
[hamroby-extract] step= 3600/15000 loss=0.1354 elapsed=95.9s
[hamroby-extract] step= 3650/15000 loss=0.1418 elapsed=97.1s
[hamroby-extract] step= 3700/15000 loss=0.1418 elapsed=98.5s
[hamroby-extract] step= 3750/15000 loss=0.1245 elapsed=99.9s
[hamroby-extract] step= 3800/15000 loss=0.1764 elapsed=101.2s
[hamroby-extract] step= 3850/15000 loss=0.1418 elapsed=102.5s
[hamroby-extract] step= 3900/15000 loss=0.1460 elapsed=104.0s
[hamroby-extract] step= 3950/15000 loss=0.1563 elapsed=105.4s
[hamroby-extract] step= 4000/15000 loss=0.1568 elapsed=106.9s
[hamroby-extract] step= 4050/15000 loss=0.1504 elapsed=108.3s
[hamroby-extract] step= 4100/15000 loss=0.1457 elapsed=109.8s
[hamroby-extract] step= 4150/15000 loss=0.1460 elapsed=111.3s
[hamroby-extract] step= 4200/15000 loss=0.1537 elapsed=112.6s
[hamroby-extract] step= 4250/15000 loss=0.1414 elapsed=114.0s
[hamroby-extract] step= 4300/15000 loss=0.1467 elapsed=115.4s
[hamroby-extract] step= 4350/15000 loss=0.1483 elapsed=116.7s
[hamroby-extract] step= 4400/15000 loss=0.1594 elapsed=118.0s
[hamroby-extract] step= 4450/15000 loss=0.1505 elapsed=119.3s
[hamroby-extract] step= 4500/15000 loss=0.1275 elapsed=120.6s
[hamroby-extract] step= 4550/15000 loss=0.1515 elapsed=121.9s
[hamroby-extract] step= 4600/15000 loss=0.1433 elapsed=123.1s
[hamroby-extract] step= 4650/15000 loss=0.1379 elapsed=124.4s
[hamroby-extract] step= 4700/15000 loss=0.1383 elapsed=125.7s
[hamroby-extract] step= 4750/15000 loss=0.1264 elapsed=126.9s
[hamroby-extract] step= 4800/15000 loss=0.1501 elapsed=128.4s
[hamroby-extract] step= 4850/15000 loss=0.1503 elapsed=129.6s
[hamroby-extract] step= 4900/15000 loss=0.1486 elapsed=131.0s
[hamroby-extract] step= 4950/15000 loss=0.1525 elapsed=132.2s
[hamroby-extract] step= 5000/15000 loss=0.1438 elapsed=133.5s
[hamroby-extract] step= 5050/15000 loss=0.1374 elapsed=134.8s
[hamroby-extract] step= 5100/15000 loss=0.1432 elapsed=136.2s
[hamroby-extract] step= 5150/15000 loss=0.1453 elapsed=137.6s
[hamroby-extract] step= 5200/15000 loss=0.1430 elapsed=139.0s
[hamroby-extract] step= 5250/15000 loss=0.1451 elapsed=140.5s
[hamroby-extract] step= 5300/15000 loss=0.1323 elapsed=142.1s
[hamroby-extract] step= 5350/15000 loss=0.1551 elapsed=143.5s
[hamroby-extract] step= 5400/15000 loss=0.1432 elapsed=144.9s
[hamroby-extract] step= 5450/15000 loss=0.1421 elapsed=146.1s
[hamroby-extract] step= 5500/15000 loss=0.1409 elapsed=147.4s
[hamroby-extract] step= 5550/15000 loss=0.1257 elapsed=148.6s
[hamroby-extract] step= 5600/15000 loss=0.1363 elapsed=149.8s
[hamroby-extract] step= 5650/15000 loss=0.1413 elapsed=151.0s
[hamroby-extract] step= 5700/15000 loss=0.1437 elapsed=152.2s
[hamroby-extract] step= 5750/15000 loss=0.1426 elapsed=153.4s
[hamroby-extract] step= 5800/15000 loss=0.1413 elapsed=154.7s
[hamroby-extract] step= 5850/15000 loss=0.1394 elapsed=156.0s
[hamroby-extract] step= 5900/15000 loss=0.1555 elapsed=157.2s
[hamroby-extract] step= 5950/15000 loss=0.1379 elapsed=158.4s
[hamroby-extract] step= 6000/15000 loss=0.1433 elapsed=159.8s
[hamroby-extract] step= 6050/15000 loss=0.1444 elapsed=161.1s
[hamroby-extract] step= 6100/15000 loss=0.1403 elapsed=162.5s
[hamroby-extract] step= 6150/15000 loss=0.1415 elapsed=163.7s
[hamroby-extract] step= 6200/15000 loss=0.1397 elapsed=165.0s
[hamroby-extract] step= 6250/15000 loss=0.1471 elapsed=166.3s
[hamroby-extract] step= 6300/15000 loss=0.1550 elapsed=167.6s
[hamroby-extract] step= 6350/15000 loss=0.1461 elapsed=168.9s
[hamroby-extract] step= 6400/15000 loss=0.1446 elapsed=170.2s
[hamroby-extract] step= 6450/15000 loss=0.1580 elapsed=171.8s
[hamroby-extract] step= 6500/15000 loss=0.1292 elapsed=173.1s
[hamroby-extract] step= 6550/15000 loss=0.1363 elapsed=174.5s
[hamroby-extract] step= 6600/15000 loss=0.1505 elapsed=175.9s
[hamroby-extract] step= 6650/15000 loss=0.1412 elapsed=177.3s
[hamroby-extract] step= 6700/15000 loss=0.1605 elapsed=178.7s
[hamroby-extract] step= 6750/15000 loss=0.1555 elapsed=180.0s
[hamroby-extract] step= 6800/15000 loss=0.1575 elapsed=181.4s
[hamroby-extract] step= 6850/15000 loss=0.1318 elapsed=182.5s
[hamroby-extract] step= 6900/15000 loss=0.1472 elapsed=183.9s
[hamroby-extract] step= 6950/15000 loss=0.1395 elapsed=185.2s
[hamroby-extract] step= 7000/15000 loss=0.1360 elapsed=186.6s
[hamroby-extract] step= 7050/15000 loss=0.1409 elapsed=187.9s
[hamroby-extract] step= 7100/15000 loss=0.1288 elapsed=189.2s
[hamroby-extract] step= 7150/15000 loss=0.1384 elapsed=190.6s
[hamroby-extract] step= 7200/15000 loss=0.1398 elapsed=192.0s
[hamroby-extract] step= 7250/15000 loss=0.1291 elapsed=193.5s
[hamroby-extract] step= 7300/15000 loss=0.1527 elapsed=194.8s
[hamroby-extract] step= 7350/15000 loss=0.1533 elapsed=196.2s
[hamroby-extract] step= 7400/15000 loss=0.1502 elapsed=197.6s
[hamroby-extract] step= 7450/15000 loss=0.1397 elapsed=199.0s
[hamroby-extract] step= 7500/15000 loss=0.1267 elapsed=200.2s
[hamroby-extract] step= 7550/15000 loss=0.1517 elapsed=201.5s
[hamroby-extract] step= 7600/15000 loss=0.1348 elapsed=202.8s
[hamroby-extract] step= 7650/15000 loss=0.1386 elapsed=204.0s
[hamroby-extract] step= 7700/15000 loss=0.1475 elapsed=205.3s
[hamroby-extract] step= 7750/15000 loss=0.1505 elapsed=206.6s
[hamroby-extract] step= 7800/15000 loss=0.1441 elapsed=207.9s
[hamroby-extract] step= 7850/15000 loss=0.1454 elapsed=209.2s
[hamroby-extract] step= 7900/15000 loss=0.1305 elapsed=210.4s
[hamroby-extract] step= 7950/15000 loss=0.1449 elapsed=211.5s
[hamroby-extract] step= 8000/15000 loss=0.1245 elapsed=212.9s
[hamroby-extract] step= 8050/15000 loss=0.1249 elapsed=214.1s
[hamroby-extract] step= 8100/15000 loss=0.1575 elapsed=215.5s
[hamroby-extract] step= 8150/15000 loss=0.1422 elapsed=216.6s
[hamroby-extract] step= 8200/15000 loss=0.1275 elapsed=217.9s
[hamroby-extract] step= 8250/15000 loss=0.1570 elapsed=219.3s
[hamroby-extract] step= 8300/15000 loss=0.1608 elapsed=221.0s
[hamroby-extract] step= 8350/15000 loss=0.1425 elapsed=222.9s
[hamroby-extract] step= 8400/15000 loss=0.1375 elapsed=224.5s
[hamroby-extract] step= 8450/15000 loss=0.1476 elapsed=225.9s
[hamroby-extract] step= 8500/15000 loss=0.1547 elapsed=228.1s
[hamroby-extract] step= 8550/15000 loss=0.1287 elapsed=229.7s
[hamroby-extract] step= 8600/15000 loss=0.1435 elapsed=231.1s
[hamroby-extract] step= 8650/15000 loss=0.1335 elapsed=232.5s
[hamroby-extract] step= 8700/15000 loss=0.1459 elapsed=233.7s
[hamroby-extract] step= 8750/15000 loss=0.1323 elapsed=234.9s
[hamroby-extract] step= 8800/15000 loss=0.1269 elapsed=236.1s
[hamroby-extract] step= 8850/15000 loss=0.1320 elapsed=237.4s
[hamroby-extract] step= 8900/15000 loss=0.1495 elapsed=238.8s
[hamroby-extract] step= 8950/15000 loss=0.1247 elapsed=240.2s
[hamroby-extract] step= 9000/15000 loss=0.1548 elapsed=241.7s
[hamroby-extract] step= 9050/15000 loss=0.1396 elapsed=243.0s
[hamroby-extract] step= 9100/15000 loss=0.1534 elapsed=244.3s
[hamroby-extract] step= 9150/15000 loss=0.1330 elapsed=245.6s
[hamroby-extract] step= 9200/15000 loss=0.1302 elapsed=247.1s
[hamroby-extract] step= 9250/15000 loss=0.1507 elapsed=248.4s
[hamroby-extract] step= 9300/15000 loss=0.1306 elapsed=249.8s
[hamroby-extract] step= 9350/15000 loss=0.1379 elapsed=251.2s
[hamroby-extract] step= 9400/15000 loss=0.1343 elapsed=252.5s
[hamroby-extract] step= 9450/15000 loss=0.1343 elapsed=253.7s
[hamroby-extract] step= 9500/15000 loss=0.1315 elapsed=255.0s
[hamroby-extract] step= 9550/15000 loss=0.1288 elapsed=256.3s
[hamroby-extract] step= 9600/15000 loss=0.1242 elapsed=257.5s
[hamroby-extract] step= 9650/15000 loss=0.1159 elapsed=258.7s
[hamroby-extract] step= 9700/15000 loss=0.1429 elapsed=259.9s
[hamroby-extract] step= 9750/15000 loss=0.1595 elapsed=261.2s
[hamroby-extract] step= 9800/15000 loss=0.1221 elapsed=262.5s
[hamroby-extract] step= 9850/15000 loss=0.1329 elapsed=263.7s
[hamroby-extract] step= 9900/15000 loss=0.1316 elapsed=265.0s
[hamroby-extract] step= 9950/15000 loss=0.1182 elapsed=266.3s
[hamroby-extract] step=10000/15000 loss=0.1252 elapsed=267.7s
[hamroby-extract] step=10050/15000 loss=0.1338 elapsed=269.0s
[hamroby-extract] step=10100/15000 loss=0.1484 elapsed=270.5s
[hamroby-extract] step=10150/15000 loss=0.1565 elapsed=272.0s
[hamroby-extract] step=10200/15000 loss=0.1534 elapsed=273.3s
[hamroby-extract] step=10250/15000 loss=0.1330 elapsed=274.7s
[hamroby-extract] step=10300/15000 loss=0.1351 elapsed=276.0s
[hamroby-extract] step=10350/15000 loss=0.1309 elapsed=277.3s
[hamroby-extract] step=10400/15000 loss=0.1404 elapsed=278.5s
[hamroby-extract] step=10450/15000 loss=0.1325 elapsed=279.9s
[hamroby-extract] step=10500/15000 loss=0.1345 elapsed=281.1s
[hamroby-extract] step=10550/15000 loss=0.1445 elapsed=282.4s
[hamroby-extract] step=10600/15000 loss=0.1310 elapsed=283.7s
[hamroby-extract] step=10650/15000 loss=0.1482 elapsed=285.0s
[hamroby-extract] step=10700/15000 loss=0.1486 elapsed=286.3s
[hamroby-extract] step=10750/15000 loss=0.1396 elapsed=287.6s
[hamroby-extract] step=10800/15000 loss=0.1346 elapsed=288.9s
[hamroby-extract] step=10850/15000 loss=0.1305 elapsed=290.2s
[hamroby-extract] step=10900/15000 loss=0.1333 elapsed=291.4s
[hamroby-extract] step=10950/15000 loss=0.1412 elapsed=292.7s
[hamroby-extract] step=11000/15000 loss=0.1330 elapsed=294.0s
[hamroby-extract] step=11050/15000 loss=0.1310 elapsed=295.2s
[hamroby-extract] step=11100/15000 loss=0.1359 elapsed=296.6s
[hamroby-extract] step=11150/15000 loss=0.1441 elapsed=298.0s
[hamroby-extract] step=11200/15000 loss=0.1421 elapsed=299.3s
[hamroby-extract] step=11250/15000 loss=0.1137 elapsed=300.7s
[hamroby-extract] step=11300/15000 loss=0.1229 elapsed=302.2s
[hamroby-extract] step=11350/15000 loss=0.1258 elapsed=303.6s
[hamroby-extract] step=11400/15000 loss=0.1171 elapsed=304.9s
[hamroby-extract] step=11450/15000 loss=0.1415 elapsed=306.2s
[hamroby-extract] step=11500/15000 loss=0.1297 elapsed=307.5s
[hamroby-extract] step=11550/15000 loss=0.1055 elapsed=308.9s
[hamroby-extract] step=11600/15000 loss=0.1240 elapsed=310.2s
[hamroby-extract] step=11650/15000 loss=0.1357 elapsed=311.7s
[hamroby-extract] step=11700/15000 loss=0.1364 elapsed=313.1s
[hamroby-extract] step=11750/15000 loss=0.1525 elapsed=314.5s
[hamroby-extract] step=11800/15000 loss=0.1346 elapsed=315.8s
[hamroby-extract] step=11850/15000 loss=0.1346 elapsed=317.3s
[hamroby-extract] step=11900/15000 loss=0.1207 elapsed=318.7s
[hamroby-extract] step=11950/15000 loss=0.1235 elapsed=320.1s
[hamroby-extract] step=12000/15000 loss=0.1330 elapsed=321.5s
[hamroby-extract] step=12050/15000 loss=0.1230 elapsed=322.8s
[hamroby-extract] step=12100/15000 loss=0.1378 elapsed=324.0s
[hamroby-extract] step=12150/15000 loss=0.1256 elapsed=325.3s
[hamroby-extract] step=12200/15000 loss=0.1260 elapsed=326.7s
[hamroby-extract] step=12250/15000 loss=0.1355 elapsed=328.0s
[hamroby-extract] step=12300/15000 loss=0.1348 elapsed=329.2s
[hamroby-extract] step=12350/15000 loss=0.1221 elapsed=330.5s
[hamroby-extract] step=12400/15000 loss=0.1376 elapsed=331.7s
[hamroby-extract] step=12450/15000 loss=0.1328 elapsed=333.0s
[hamroby-extract] step=12500/15000 loss=0.1311 elapsed=334.2s
[hamroby-extract] step=12550/15000 loss=0.1294 elapsed=335.5s
[hamroby-extract] step=12600/15000 loss=0.1312 elapsed=336.8s
[hamroby-extract] step=12650/15000 loss=0.1250 elapsed=338.1s
[hamroby-extract] step=12700/15000 loss=0.1210 elapsed=339.6s
[hamroby-extract] step=12750/15000 loss=0.1409 elapsed=341.0s
[hamroby-extract] step=12800/15000 loss=0.1344 elapsed=342.4s
[hamroby-extract] step=12850/15000 loss=0.1209 elapsed=343.7s
[hamroby-extract] step=12900/15000 loss=0.1402 elapsed=345.0s
[hamroby-extract] step=12950/15000 loss=0.1275 elapsed=346.3s
[hamroby-extract] step=13000/15000 loss=0.1341 elapsed=347.6s
[hamroby-extract] step=13050/15000 loss=0.1310 elapsed=348.9s
[hamroby-extract] step=13100/15000 loss=0.1271 elapsed=350.2s
[hamroby-extract] step=13150/15000 loss=0.1294 elapsed=351.4s
[hamroby-extract] step=13200/15000 loss=0.1338 elapsed=352.8s
[hamroby-extract] step=13250/15000 loss=0.1237 elapsed=354.0s
[hamroby-extract] step=13300/15000 loss=0.1308 elapsed=355.3s
[hamroby-extract] step=13350/15000 loss=0.1282 elapsed=356.7s
[hamroby-extract] step=13400/15000 loss=0.1377 elapsed=358.1s
[hamroby-extract] step=13450/15000 loss=0.1275 elapsed=359.3s
[hamroby-extract] step=13500/15000 loss=0.1418 elapsed=360.6s
[hamroby-extract] step=13550/15000 loss=0.1336 elapsed=361.9s
[hamroby-extract] step=13600/15000 loss=0.1297 elapsed=363.2s
[hamroby-extract] step=13650/15000 loss=0.1311 elapsed=364.4s
[hamroby-extract] step=13700/15000 loss=0.1376 elapsed=365.6s
[hamroby-extract] step=13750/15000 loss=0.1341 elapsed=366.8s
[hamroby-extract] step=13800/15000 loss=0.1301 elapsed=368.0s
[hamroby-extract] step=13850/15000 loss=0.1258 elapsed=369.3s
[hamroby-extract] step=13900/15000 loss=0.1384 elapsed=370.6s
[hamroby-extract] step=13950/15000 loss=0.1166 elapsed=372.0s
[hamroby-extract] step=14000/15000 loss=0.1306 elapsed=373.2s
[hamroby-extract] step=14050/15000 loss=0.1349 elapsed=374.4s
[hamroby-extract] step=14100/15000 loss=0.1482 elapsed=375.6s
[hamroby-extract] step=14150/15000 loss=0.1283 elapsed=376.8s
[hamroby-extract] step=14200/15000 loss=0.1197 elapsed=378.2s
[hamroby-extract] step=14250/15000 loss=0.1199 elapsed=379.6s
[hamroby-extract] step=14300/15000 loss=0.1305 elapsed=381.1s
[hamroby-extract] step=14350/15000 loss=0.1275 elapsed=382.4s
[hamroby-extract] step=14400/15000 loss=0.1151 elapsed=383.8s
[hamroby-extract] step=14450/15000 loss=0.1406 elapsed=385.2s
[hamroby-extract] step=14500/15000 loss=0.1413 elapsed=386.5s
[hamroby-extract] step=14550/15000 loss=0.1272 elapsed=387.8s
[hamroby-extract] step=14600/15000 loss=0.1196 elapsed=389.3s
[hamroby-extract] step=14650/15000 loss=0.1328 elapsed=390.6s
[hamroby-extract] step=14700/15000 loss=0.1285 elapsed=391.9s
[hamroby-extract] step=14750/15000 loss=0.1168 elapsed=393.3s
[hamroby-extract] step=14800/15000 loss=0.1300 elapsed=394.7s
[hamroby-extract] step=14850/15000 loss=0.1358 elapsed=396.1s
[hamroby-extract] step=14900/15000 loss=0.1470 elapsed=397.5s
[hamroby-extract] step=14950/15000 loss=0.1289 elapsed=398.9s
[hamroby-extract] step=15000/15000 loss=0.1200 elapsed=400.2s
[hamroby-extract] eval token_acc=0.953 triple_em=0.826
[hamroby-extract] saved src/sara_brain/cortex/checkpoints/hamroby_extractor_v1.pt
