[hamroby-extract] device=cuda
[hamroby-extract] generating real-prose pairs from UD (max_sentences=10000)...
[real-prose] sentences_seen=10000 with_triple=8537 pairs_emitted=1141 corpus_vocab_size=11611
[hamroby-extract] real-prose pairs: 1141; total train_pairs=210477
[hamroby-extract] generating features (train 210477 + eval 13753 pairs)...
[hamroby-extract] train 5000/210477 (419/s, eta 491s, kept 5000)
[hamroby-extract] train 10000/210477 (420/s, eta 478s, kept 10000)
[hamroby-extract] train 15000/210477 (415/s, eta 471s, kept 15000)
[hamroby-extract] train 20000/210477 (416/s, eta 457s, kept 20000)
[hamroby-extract] train 25000/210477 (417/s, eta 445s, kept 25000)
[hamroby-extract] train 30000/210477 (417/s, eta 433s, kept 30000)
[hamroby-extract] train 35000/210477 (415/s, eta 422s, kept 35000)
[hamroby-extract] train 40000/210477 (415/s, eta 411s, kept 40000)
[hamroby-extract] train 45000/210477 (416/s, eta 398s, kept 45000)
[hamroby-extract] train 50000/210477 (410/s, eta 392s, kept 50000)
[hamroby-extract] train 55000/210477 (408/s, eta 381s, kept 55000)
[hamroby-extract] train 60000/210477 (407/s, eta 370s, kept 60000)
[hamroby-extract] train 65000/210477 (405/s, eta 359s, kept 65000)
[hamroby-extract] train 70000/210477 (405/s, eta 347s, kept 70000)
[hamroby-extract] train 75000/210477 (406/s, eta 334s, kept 75000)
