[hamroby-extract] device=cuda
[hamroby-extract] generating features (train 223340 + eval 14840 pairs)...
[hamroby-extract] train 5000/223340 (384/s, eta 568s, kept 5000)
[hamroby-extract] train 10000/223340 (392/s, eta 544s, kept 10000)
[hamroby-extract] train 15000/223340 (378/s, eta 551s, kept 15000)
[hamroby-extract] train 20000/223340 (382/s, eta 533s, kept 20000)
[hamroby-extract] train 25000/223340 (383/s, eta 518s, kept 25000)
[hamroby-extract] train 30000/223340 (384/s, eta 504s, kept 30000)
[hamroby-extract] train 35000/223340 (385/s, eta 489s, kept 35000)
[hamroby-extract] train 40000/223340 (385/s, eta 476s, kept 40000)
[hamroby-extract] train 45000/223340 (387/s, eta 461s, kept 45000)
[hamroby-extract] train 50000/223340 (388/s, eta 447s, kept 50000)
[hamroby-extract] train 55000/223340 (389/s, eta 432s, kept 55000)
[hamroby-extract] train 60000/223340 (390/s, eta 419s, kept 60000)
[hamroby-extract] train 65000/223340 (390/s, eta 406s, kept 65000)
[hamroby-extract] train 70000/223340 (392/s, eta 392s, kept 70000)
[hamroby-extract] train 75000/223340 (392/s, eta 378s, kept 75000)
[hamroby-extract] train 80000/223340 (393/s, eta 365s, kept 80000)
[hamroby-extract] train 85000/223340 (393/s, eta 352s, kept 85000)
[hamroby-extract] train 90000/223340 (393/s, eta 339s, kept 90000)
[hamroby-extract] train 95000/223340 (393/s, eta 327s, kept 95000)
[hamroby-extract] train 100000/223340 (393/s, eta 314s, kept 100000)
[hamroby-extract] train 105000/223340 (394/s, eta 301s, kept 105000)
[hamroby-extract] train 110000/223340 (394/s, eta 288s, kept 110000)
[hamroby-extract] train 115000/223340 (394/s, eta 275s, kept 115000)
[hamroby-extract] train 120000/223340 (394/s, eta 262s, kept 120000)
[hamroby-extract] train 125000/223340 (394/s, eta 250s, kept 125000)
[hamroby-extract] train 130000/223340 (394/s, eta 237s, kept 130000)
[hamroby-extract] train 135000/223340 (394/s, eta 224s, kept 135000)
[hamroby-extract] train 140000/223340 (394/s, eta 211s, kept 140000)
[hamroby-extract] train 145000/223340 (395/s, eta 198s, kept 145000)
[hamroby-extract] train 150000/223340 (395/s, eta 186s, kept 150000)
[hamroby-extract] train 155000/223340 (395/s, eta 173s, kept 155000)
[hamroby-extract] train 160000/223340 (396/s, eta 160s, kept 160000)
[hamroby-extract] train 165000/223340 (396/s, eta 147s, kept 165000)
[hamroby-extract] train 170000/223340 (396/s, eta 135s, kept 170000)
[hamroby-extract] train 175000/223340 (397/s, eta 122s, kept 175000)
[hamroby-extract] train 180000/223340 (396/s, eta 109s, kept 180000)
[hamroby-extract] train 185000/223340 (396/s, eta 97s, kept 185000)
[hamroby-extract] train 190000/223340 (397/s, eta 84s, kept 190000)
[hamroby-extract] train 195000/223340 (397/s, eta 71s, kept 195000)
[hamroby-extract] train 200000/223340 (397/s, eta 59s, kept 200000)
[hamroby-extract] train 205000/223340 (397/s, eta 46s, kept 205000)
[hamroby-extract] train 210000/223340 (397/s, eta 34s, kept 210000)
[hamroby-extract] train 215000/223340 (397/s, eta 21s, kept 215000)
[hamroby-extract] train 220000/223340 (397/s, eta 8s, kept 220000)
[hamroby-extract] train 223340/223340 (397/s, eta 0s, kept 223340)
[hamroby-extract] eval 5000/14840 (402/s, eta 24s, kept 5000)
[hamroby-extract] eval 10000/14840 (401/s, eta 12s, kept 10000)
[hamroby-extract] eval 14840/14840 (398/s, eta 0s, kept 14840)
[hamroby-extract] usable train_examples=223340 eval_examples=14840
[hamroby-extract] size=base d_model=256 n_layers=4 params=3,337,895
[hamroby-extract] step=    1/15000 loss=1.9496 elapsed=0.5s
[hamroby-extract] step=   50/15000 loss=0.9711 elapsed=2.0s
[hamroby-extract] step=  100/15000 loss=0.4266 elapsed=3.3s
[hamroby-extract] step=  150/15000 loss=0.2695 elapsed=4.6s
[hamroby-extract] step=  200/15000 loss=0.2114 elapsed=6.0s
[hamroby-extract] step=  250/15000 loss=0.1890 elapsed=7.2s
[hamroby-extract] step=  300/15000 loss=0.1849 elapsed=8.7s
[hamroby-extract] step=  350/15000 loss=0.1781 elapsed=10.3s
[hamroby-extract] step=  400/15000 loss=0.1590 elapsed=11.8s
[hamroby-extract] step=  450/15000 loss=0.1557 elapsed=13.1s
[hamroby-extract] step=  500/15000 loss=0.1561 elapsed=14.6s
[hamroby-extract] step=  550/15000 loss=0.1542 elapsed=15.9s
[hamroby-extract] step=  600/15000 loss=0.1423 elapsed=17.2s
[hamroby-extract] step=  650/15000 loss=0.1471 elapsed=18.5s
[hamroby-extract] step=  700/15000 loss=0.1345 elapsed=19.7s
[hamroby-extract] step=  750/15000 loss=0.1374 elapsed=21.1s
[hamroby-extract] step=  800/15000 loss=0.1285 elapsed=22.7s
[hamroby-extract] step=  850/15000 loss=0.1286 elapsed=24.4s
[hamroby-extract] step=  900/15000 loss=0.1390 elapsed=25.9s
[hamroby-extract] step=  950/15000 loss=0.1375 elapsed=27.4s
[hamroby-extract] step= 1000/15000 loss=0.1384 elapsed=28.8s
[hamroby-extract] step= 1050/15000 loss=0.1334 elapsed=30.2s
[hamroby-extract] step= 1100/15000 loss=0.1023 elapsed=31.5s
[hamroby-extract] step= 1150/15000 loss=0.1328 elapsed=32.7s
[hamroby-extract] step= 1200/15000 loss=0.1206 elapsed=34.0s
[hamroby-extract] step= 1250/15000 loss=0.1314 elapsed=35.4s
[hamroby-extract] step= 1300/15000 loss=0.1323 elapsed=36.8s
[hamroby-extract] step= 1350/15000 loss=0.1183 elapsed=38.3s
[hamroby-extract] step= 1400/15000 loss=0.1172 elapsed=39.8s
[hamroby-extract] step= 1450/15000 loss=0.1169 elapsed=41.3s
[hamroby-extract] step= 1500/15000 loss=0.1197 elapsed=42.8s
[hamroby-extract] step= 1550/15000 loss=0.1278 elapsed=44.1s
[hamroby-extract] step= 1600/15000 loss=0.1093 elapsed=45.4s
[hamroby-extract] step= 1650/15000 loss=0.1162 elapsed=46.8s
[hamroby-extract] step= 1700/15000 loss=0.1197 elapsed=48.1s
[hamroby-extract] step= 1750/15000 loss=0.1240 elapsed=49.4s
[hamroby-extract] step= 1800/15000 loss=0.1067 elapsed=50.7s
[hamroby-extract] step= 1850/15000 loss=0.1046 elapsed=52.1s
[hamroby-extract] step= 1900/15000 loss=0.1176 elapsed=53.5s
[hamroby-extract] step= 1950/15000 loss=0.1274 elapsed=55.1s
[hamroby-extract] step= 2000/15000 loss=0.1065 elapsed=56.5s
[hamroby-extract] step= 2050/15000 loss=0.1077 elapsed=57.9s
[hamroby-extract] step= 2100/15000 loss=0.1100 elapsed=59.2s
[hamroby-extract] step= 2150/15000 loss=0.1194 elapsed=60.5s
[hamroby-extract] step= 2200/15000 loss=0.1106 elapsed=61.7s
[hamroby-extract] step= 2250/15000 loss=0.1083 elapsed=63.0s
[hamroby-extract] step= 2300/15000 loss=0.1198 elapsed=64.4s
[hamroby-extract] step= 2350/15000 loss=0.1100 elapsed=65.8s
[hamroby-extract] step= 2400/15000 loss=0.1099 elapsed=67.4s
[hamroby-extract] step= 2450/15000 loss=0.1134 elapsed=69.0s
[hamroby-extract] step= 2500/15000 loss=0.1113 elapsed=70.6s
[hamroby-extract] step= 2550/15000 loss=0.1121 elapsed=72.0s
[hamroby-extract] step= 2600/15000 loss=0.1103 elapsed=73.5s
[hamroby-extract] step= 2650/15000 loss=0.1179 elapsed=74.8s
[hamroby-extract] step= 2700/15000 loss=0.1082 elapsed=76.0s
[hamroby-extract] step= 2750/15000 loss=0.1059 elapsed=77.3s
[hamroby-extract] step= 2800/15000 loss=0.1225 elapsed=78.5s
[hamroby-extract] step= 2850/15000 loss=0.1113 elapsed=79.8s
[hamroby-extract] step= 2900/15000 loss=0.0987 elapsed=81.1s
[hamroby-extract] step= 2950/15000 loss=0.1043 elapsed=82.5s
[hamroby-extract] step= 3000/15000 loss=0.0985 elapsed=83.9s
[hamroby-extract] step= 3050/15000 loss=0.1106 elapsed=85.5s
[hamroby-extract] step= 3100/15000 loss=0.1029 elapsed=87.1s
[hamroby-extract] step= 3150/15000 loss=0.1162 elapsed=88.8s
[hamroby-extract] step= 3200/15000 loss=0.1022 elapsed=90.2s
[hamroby-extract] step= 3250/15000 loss=0.1144 elapsed=91.5s
[hamroby-extract] step= 3300/15000 loss=0.0989 elapsed=92.9s
[hamroby-extract] step= 3350/15000 loss=0.1213 elapsed=94.3s
[hamroby-extract] step= 3400/15000 loss=0.0999 elapsed=95.7s
[hamroby-extract] step= 3450/15000 loss=0.1009 elapsed=97.1s
[hamroby-extract] step= 3500/15000 loss=0.1000 elapsed=98.6s
[hamroby-extract] step= 3550/15000 loss=0.1151 elapsed=100.3s
[hamroby-extract] step= 3600/15000 loss=0.1005 elapsed=101.9s
[hamroby-extract] step= 3650/15000 loss=0.1052 elapsed=103.4s
[hamroby-extract] step= 3700/15000 loss=0.1082 elapsed=104.7s
[hamroby-extract] step= 3750/15000 loss=0.1111 elapsed=106.1s
[hamroby-extract] step= 3800/15000 loss=0.1081 elapsed=107.4s
[hamroby-extract] step= 3850/15000 loss=0.1002 elapsed=108.7s
[hamroby-extract] step= 3900/15000 loss=0.1090 elapsed=110.1s
[hamroby-extract] step= 3950/15000 loss=0.1138 elapsed=111.6s
[hamroby-extract] step= 4000/15000 loss=0.1004 elapsed=113.1s
[hamroby-extract] step= 4050/15000 loss=0.0989 elapsed=114.8s
[hamroby-extract] step= 4100/15000 loss=0.1098 elapsed=116.3s
[hamroby-extract] step= 4150/15000 loss=0.1055 elapsed=118.1s
[hamroby-extract] step= 4200/15000 loss=0.0953 elapsed=119.4s
[hamroby-extract] step= 4250/15000 loss=0.1074 elapsed=120.8s
[hamroby-extract] step= 4300/15000 loss=0.0995 elapsed=122.1s
[hamroby-extract] step= 4350/15000 loss=0.1091 elapsed=123.4s
[hamroby-extract] step= 4400/15000 loss=0.1000 elapsed=124.7s
[hamroby-extract] step= 4450/15000 loss=0.1022 elapsed=125.9s
[hamroby-extract] step= 4500/15000 loss=0.1003 elapsed=127.3s
[hamroby-extract] step= 4550/15000 loss=0.0970 elapsed=128.7s
[hamroby-extract] step= 4600/15000 loss=0.1119 elapsed=130.0s
[hamroby-extract] step= 4650/15000 loss=0.1019 elapsed=131.5s
[hamroby-extract] step= 4700/15000 loss=0.1048 elapsed=132.9s
[hamroby-extract] step= 4750/15000 loss=0.0994 elapsed=134.4s
[hamroby-extract] step= 4800/15000 loss=0.0973 elapsed=136.0s
[hamroby-extract] step= 4850/15000 loss=0.0948 elapsed=137.3s
[hamroby-extract] step= 4900/15000 loss=0.1042 elapsed=138.6s
[hamroby-extract] step= 4950/15000 loss=0.1020 elapsed=140.0s
[hamroby-extract] step= 5000/15000 loss=0.0992 elapsed=141.7s
[hamroby-extract] step= 5050/15000 loss=0.0913 elapsed=143.2s
[hamroby-extract] step= 5100/15000 loss=0.0955 elapsed=144.6s
[hamroby-extract] step= 5150/15000 loss=0.1076 elapsed=146.0s
[hamroby-extract] step= 5200/15000 loss=0.0961 elapsed=147.3s
[hamroby-extract] step= 5250/15000 loss=0.0971 elapsed=148.6s
[hamroby-extract] step= 5300/15000 loss=0.1076 elapsed=149.9s
[hamroby-extract] step= 5350/15000 loss=0.0996 elapsed=151.1s
[hamroby-extract] step= 5400/15000 loss=0.1094 elapsed=152.6s
[hamroby-extract] step= 5450/15000 loss=0.1028 elapsed=154.1s
[hamroby-extract] step= 5500/15000 loss=0.0912 elapsed=155.8s
[hamroby-extract] step= 5550/15000 loss=0.1040 elapsed=157.3s
[hamroby-extract] step= 5600/15000 loss=0.0985 elapsed=158.6s
[hamroby-extract] step= 5650/15000 loss=0.0979 elapsed=160.0s
[hamroby-extract] step= 5700/15000 loss=0.1082 elapsed=161.3s
[hamroby-extract] step= 5750/15000 loss=0.0923 elapsed=162.6s
[hamroby-extract] step= 5800/15000 loss=0.1018 elapsed=163.9s
[hamroby-extract] step= 5850/15000 loss=0.0989 elapsed=165.3s
[hamroby-extract] step= 5900/15000 loss=0.0940 elapsed=166.8s
[hamroby-extract] step= 5950/15000 loss=0.1119 elapsed=168.3s
[hamroby-extract] step= 6000/15000 loss=0.0911 elapsed=170.1s
[hamroby-extract] step= 6050/15000 loss=0.0898 elapsed=172.0s
[hamroby-extract] step= 6100/15000 loss=0.1019 elapsed=173.4s
[hamroby-extract] step= 6150/15000 loss=0.1018 elapsed=174.6s
[hamroby-extract] step= 6200/15000 loss=0.0919 elapsed=175.9s
[hamroby-extract] step= 6250/15000 loss=0.0984 elapsed=177.3s
[hamroby-extract] step= 6300/15000 loss=0.1026 elapsed=178.8s
[hamroby-extract] step= 6350/15000 loss=0.0976 elapsed=180.2s
[hamroby-extract] step= 6400/15000 loss=0.0992 elapsed=181.7s
[hamroby-extract] step= 6450/15000 loss=0.1004 elapsed=183.1s
[hamroby-extract] step= 6500/15000 loss=0.1022 elapsed=184.4s
[hamroby-extract] step= 6550/15000 loss=0.0983 elapsed=185.7s
[hamroby-extract] step= 6600/15000 loss=0.1086 elapsed=187.0s
[hamroby-extract] step= 6650/15000 loss=0.1008 elapsed=188.4s
[hamroby-extract] step= 6700/15000 loss=0.1038 elapsed=189.6s
[hamroby-extract] step= 6750/15000 loss=0.1029 elapsed=190.9s
[hamroby-extract] step= 6800/15000 loss=0.0967 elapsed=192.1s
[hamroby-extract] step= 6850/15000 loss=0.1091 elapsed=193.5s
[hamroby-extract] step= 6900/15000 loss=0.0937 elapsed=195.1s
[hamroby-extract] step= 6950/15000 loss=0.1019 elapsed=196.8s
[hamroby-extract] step= 7000/15000 loss=0.0972 elapsed=198.3s
[hamroby-extract] step= 7050/15000 loss=0.1000 elapsed=199.9s
[hamroby-extract] step= 7100/15000 loss=0.1098 elapsed=201.3s
[hamroby-extract] step= 7150/15000 loss=0.1025 elapsed=202.6s
[hamroby-extract] step= 7200/15000 loss=0.0958 elapsed=203.9s
[hamroby-extract] step= 7250/15000 loss=0.0924 elapsed=205.3s
[hamroby-extract] step= 7300/15000 loss=0.0978 elapsed=206.7s
[hamroby-extract] step= 7350/15000 loss=0.0900 elapsed=208.1s
[hamroby-extract] step= 7400/15000 loss=0.0960 elapsed=209.8s
[hamroby-extract] step= 7450/15000 loss=0.0960 elapsed=211.2s
[hamroby-extract] step= 7500/15000 loss=0.0879 elapsed=212.5s
[hamroby-extract] step= 7550/15000 loss=0.0887 elapsed=213.8s
[hamroby-extract] step= 7600/15000 loss=0.0953 elapsed=215.1s
[hamroby-extract] step= 7650/15000 loss=0.0887 elapsed=216.4s
[hamroby-extract] step= 7700/15000 loss=0.0853 elapsed=217.8s
[hamroby-extract] step= 7750/15000 loss=0.0934 elapsed=219.4s
[hamroby-extract] step= 7800/15000 loss=0.1108 elapsed=221.0s
[hamroby-extract] step= 7850/15000 loss=0.1057 elapsed=222.8s
[hamroby-extract] step= 7900/15000 loss=0.0909 elapsed=224.3s
[hamroby-extract] step= 7950/15000 loss=0.0992 elapsed=225.8s
[hamroby-extract] step= 8000/15000 loss=0.1004 elapsed=227.2s
[hamroby-extract] step= 8050/15000 loss=0.1034 elapsed=228.5s
[hamroby-extract] step= 8100/15000 loss=0.1019 elapsed=229.9s
[hamroby-extract] step= 8150/15000 loss=0.1089 elapsed=231.3s
[hamroby-extract] step= 8200/15000 loss=0.0963 elapsed=232.7s
[hamroby-extract] step= 8250/15000 loss=0.0991 elapsed=234.0s
[hamroby-extract] step= 8300/15000 loss=0.1012 elapsed=235.4s
[hamroby-extract] step= 8350/15000 loss=0.0949 elapsed=236.9s
[hamroby-extract] step= 8400/15000 loss=0.0958 elapsed=238.1s
[hamroby-extract] step= 8450/15000 loss=0.0985 elapsed=239.4s
[hamroby-extract] step= 8500/15000 loss=0.0913 elapsed=240.7s
[hamroby-extract] step= 8550/15000 loss=0.1027 elapsed=241.9s
[hamroby-extract] step= 8600/15000 loss=0.0878 elapsed=243.6s
[hamroby-extract] step= 8650/15000 loss=0.0970 elapsed=245.2s
[hamroby-extract] step= 8700/15000 loss=0.0916 elapsed=246.7s
[hamroby-extract] step= 8750/15000 loss=0.0973 elapsed=248.3s
[hamroby-extract] step= 8800/15000 loss=0.0949 elapsed=249.7s
[hamroby-extract] step= 8850/15000 loss=0.0996 elapsed=251.0s
[hamroby-extract] step= 8900/15000 loss=0.0963 elapsed=252.2s
[hamroby-extract] step= 8950/15000 loss=0.0908 elapsed=253.5s
[hamroby-extract] step= 9000/15000 loss=0.0994 elapsed=254.7s
[hamroby-extract] step= 9050/15000 loss=0.0977 elapsed=256.0s
[hamroby-extract] step= 9100/15000 loss=0.0867 elapsed=257.3s
[hamroby-extract] step= 9150/15000 loss=0.0921 elapsed=258.6s
[hamroby-extract] step= 9200/15000 loss=0.0962 elapsed=260.0s
[hamroby-extract] step= 9250/15000 loss=0.0963 elapsed=261.4s
[hamroby-extract] step= 9300/15000 loss=0.0946 elapsed=262.8s
[hamroby-extract] step= 9350/15000 loss=0.0917 elapsed=264.2s
[hamroby-extract] step= 9400/15000 loss=0.0956 elapsed=265.6s
[hamroby-extract] step= 9450/15000 loss=0.0941 elapsed=267.0s
[hamroby-extract] step= 9500/15000 loss=0.1038 elapsed=268.4s
[hamroby-extract] step= 9550/15000 loss=0.0976 elapsed=269.9s
[hamroby-extract] step= 9600/15000 loss=0.0934 elapsed=271.4s
[hamroby-extract] step= 9650/15000 loss=0.0936 elapsed=272.9s
[hamroby-extract] step= 9700/15000 loss=0.0980 elapsed=274.9s
[hamroby-extract] step= 9750/15000 loss=0.0922 elapsed=276.6s
[hamroby-extract] step= 9800/15000 loss=0.0943 elapsed=277.9s
[hamroby-extract] step= 9850/15000 loss=0.1008 elapsed=279.2s
[hamroby-extract] step= 9900/15000 loss=0.0956 elapsed=280.6s
[hamroby-extract] step= 9950/15000 loss=0.0970 elapsed=282.1s
[hamroby-extract] step=10000/15000 loss=0.0890 elapsed=283.6s
[hamroby-extract] step=10050/15000 loss=0.0921 elapsed=285.1s
[hamroby-extract] step=10100/15000 loss=0.1036 elapsed=286.7s
[hamroby-extract] step=10150/15000 loss=0.0911 elapsed=288.4s
[hamroby-extract] step=10200/15000 loss=0.1096 elapsed=289.8s
[hamroby-extract] step=10250/15000 loss=0.0855 elapsed=291.1s
[hamroby-extract] step=10300/15000 loss=0.0956 elapsed=292.3s
[hamroby-extract] step=10350/15000 loss=0.1016 elapsed=293.6s
[hamroby-extract] step=10400/15000 loss=0.0874 elapsed=294.9s
[hamroby-extract] step=10450/15000 loss=0.0956 elapsed=296.3s
[hamroby-extract] step=10500/15000 loss=0.0944 elapsed=298.0s
[hamroby-extract] step=10550/15000 loss=0.0893 elapsed=299.5s
[hamroby-extract] step=10600/15000 loss=0.0932 elapsed=300.8s
[hamroby-extract] step=10650/15000 loss=0.0885 elapsed=302.2s
[hamroby-extract] step=10700/15000 loss=0.0946 elapsed=303.6s
[hamroby-extract] step=10750/15000 loss=0.0862 elapsed=304.9s
[hamroby-extract] step=10800/15000 loss=0.0923 elapsed=306.3s
[hamroby-extract] step=10850/15000 loss=0.0955 elapsed=308.0s
[hamroby-extract] step=10900/15000 loss=0.0848 elapsed=309.4s
[hamroby-extract] step=10950/15000 loss=0.0995 elapsed=310.8s
[hamroby-extract] step=11000/15000 loss=0.0825 elapsed=312.1s
[hamroby-extract] step=11050/15000 loss=0.0933 elapsed=313.5s
[hamroby-extract] step=11100/15000 loss=0.0997 elapsed=315.0s
[hamroby-extract] step=11150/15000 loss=0.1001 elapsed=316.2s
[hamroby-extract] step=11200/15000 loss=0.0951 elapsed=317.6s
[hamroby-extract] step=11250/15000 loss=0.0913 elapsed=319.0s
[hamroby-extract] step=11300/15000 loss=0.0974 elapsed=320.3s
[hamroby-extract] step=11350/15000 loss=0.1015 elapsed=321.7s
[hamroby-extract] step=11400/15000 loss=0.0922 elapsed=323.2s
[hamroby-extract] step=11450/15000 loss=0.1017 elapsed=324.5s
[hamroby-extract] step=11500/15000 loss=0.0940 elapsed=325.8s
[hamroby-extract] step=11550/15000 loss=0.1005 elapsed=327.4s
[hamroby-extract] step=11600/15000 loss=0.0907 elapsed=328.7s
[hamroby-extract] step=11650/15000 loss=0.1034 elapsed=330.4s
[hamroby-extract] step=11700/15000 loss=0.0947 elapsed=331.9s
[hamroby-extract] step=11750/15000 loss=0.0979 elapsed=333.5s
[hamroby-extract] step=11800/15000 loss=0.0859 elapsed=335.2s
[hamroby-extract] step=11850/15000 loss=0.0929 elapsed=337.0s
[hamroby-extract] step=11900/15000 loss=0.0877 elapsed=338.3s
[hamroby-extract] step=11950/15000 loss=0.0935 elapsed=339.7s
[hamroby-extract] step=12000/15000 loss=0.0960 elapsed=341.4s
[hamroby-extract] step=12050/15000 loss=0.0873 elapsed=342.8s
[hamroby-extract] step=12100/15000 loss=0.0949 elapsed=344.3s
[hamroby-extract] step=12150/15000 loss=0.0924 elapsed=346.0s
[hamroby-extract] step=12200/15000 loss=0.0832 elapsed=347.4s
[hamroby-extract] step=12250/15000 loss=0.1059 elapsed=349.0s
[hamroby-extract] step=12300/15000 loss=0.0964 elapsed=350.6s
[hamroby-extract] step=12350/15000 loss=0.0889 elapsed=352.2s
[hamroby-extract] step=12400/15000 loss=0.0838 elapsed=353.5s
[hamroby-extract] step=12450/15000 loss=0.0972 elapsed=354.7s
[hamroby-extract] step=12500/15000 loss=0.0984 elapsed=356.0s
[hamroby-extract] step=12550/15000 loss=0.0903 elapsed=357.3s
[hamroby-extract] step=12600/15000 loss=0.0857 elapsed=358.6s
[hamroby-extract] step=12650/15000 loss=0.0894 elapsed=360.0s
[hamroby-extract] step=12700/15000 loss=0.0961 elapsed=361.4s
[hamroby-extract] step=12750/15000 loss=0.0928 elapsed=362.8s
[hamroby-extract] step=12800/15000 loss=0.1015 elapsed=364.1s
[hamroby-extract] step=12850/15000 loss=0.0885 elapsed=365.7s
[hamroby-extract] step=12900/15000 loss=0.0939 elapsed=367.3s
[hamroby-extract] step=12950/15000 loss=0.0904 elapsed=368.7s
[hamroby-extract] step=13000/15000 loss=0.0926 elapsed=370.2s
[hamroby-extract] step=13050/15000 loss=0.0881 elapsed=371.7s
[hamroby-extract] step=13100/15000 loss=0.0873 elapsed=373.2s
[hamroby-extract] step=13150/15000 loss=0.0875 elapsed=374.7s
[hamroby-extract] step=13200/15000 loss=0.0902 elapsed=376.1s
[hamroby-extract] step=13250/15000 loss=0.0983 elapsed=377.3s
[hamroby-extract] step=13300/15000 loss=0.0859 elapsed=378.7s
[hamroby-extract] step=13350/15000 loss=0.0934 elapsed=380.1s
[hamroby-extract] step=13400/15000 loss=0.0814 elapsed=381.4s
[hamroby-extract] step=13450/15000 loss=0.0896 elapsed=382.7s
[hamroby-extract] step=13500/15000 loss=0.0966 elapsed=384.1s
[hamroby-extract] step=13550/15000 loss=0.0878 elapsed=385.6s
[hamroby-extract] step=13600/15000 loss=0.0795 elapsed=387.0s
[hamroby-extract] step=13650/15000 loss=0.0970 elapsed=388.3s
[hamroby-extract] step=13700/15000 loss=0.0937 elapsed=389.7s
[hamroby-extract] step=13750/15000 loss=0.0912 elapsed=391.2s
[hamroby-extract] step=13800/15000 loss=0.0910 elapsed=392.5s
[hamroby-extract] step=13850/15000 loss=0.0902 elapsed=393.8s
[hamroby-extract] step=13900/15000 loss=0.0921 elapsed=395.4s
[hamroby-extract] step=13950/15000 loss=0.0945 elapsed=396.8s
[hamroby-extract] step=14000/15000 loss=0.0889 elapsed=398.3s
[hamroby-extract] step=14050/15000 loss=0.0861 elapsed=399.7s
[hamroby-extract] step=14100/15000 loss=0.0983 elapsed=401.2s
[hamroby-extract] step=14150/15000 loss=0.0980 elapsed=402.5s
[hamroby-extract] step=14200/15000 loss=0.0972 elapsed=403.9s
[hamroby-extract] step=14250/15000 loss=0.0884 elapsed=405.3s
[hamroby-extract] step=14300/15000 loss=0.0831 elapsed=406.7s
[hamroby-extract] step=14350/15000 loss=0.0900 elapsed=408.2s
[hamroby-extract] step=14400/15000 loss=0.0861 elapsed=409.8s
[hamroby-extract] step=14450/15000 loss=0.0832 elapsed=411.2s
[hamroby-extract] step=14500/15000 loss=0.0903 elapsed=412.6s
[hamroby-extract] step=14550/15000 loss=0.0819 elapsed=413.9s
[hamroby-extract] step=14600/15000 loss=0.0971 elapsed=415.3s
[hamroby-extract] step=14650/15000 loss=0.0921 elapsed=416.5s
[hamroby-extract] step=14700/15000 loss=0.0873 elapsed=417.9s
[hamroby-extract] step=14750/15000 loss=0.0950 elapsed=419.3s
[hamroby-extract] step=14800/15000 loss=0.0918 elapsed=420.8s
[hamroby-extract] step=14850/15000 loss=0.0988 elapsed=422.3s
[hamroby-extract] step=14900/15000 loss=0.0960 elapsed=424.0s
[hamroby-extract] step=14950/15000 loss=0.0901 elapsed=425.7s
[hamroby-extract] step=15000/15000 loss=0.0937 elapsed=427.1s
[hamroby-extract] eval token_acc=0.955 triple_em=0.841
[hamroby-extract] saved src/sara_brain/cortex/checkpoints/hamroby_extractor_v1_aug3.pt
