[FastRecognizer] Loading graph into C++ engine...
[FastRecognizer] Loaded 952883 segments.

  MMLU High School Biology Benchmark
  310 questions, model: wavefront_only

  [1/310] Q0: WRONG (got D, correct A) — 0.0% — 56.4s (~290m left)
  [2/310] Q1: WRONG (got C, correct A) — 0.0% — 63.0s (~307m left)
  [3/310] Q2: WRONG (got D, correct C) — 0.0% — 40.9s (~273m left)
  [4/310] Q3: WRONG (got C, correct A) — 0.0% — 41.0s (~257m left)
  [5/310] Q4: WRONG (got B, correct C) — 0.0% — 47.5s (~253m left)
  [6/310] Q5: WRONG (got B, correct C) — 0.0% — 62.6s (~263m left)
  [7/310] Q6: WRONG (got D, correct B) — 0.0% — 26.7s (~244m left)
  [8/310] Q7: WRONG (got C, correct B) — 0.0% — 51.1s (~245m left)
  [9/310] Q8: WRONG (got C, correct A) — 0.0% — 103.1s (~274m left)
  [10/310] Q9: CORRECT (got C, correct C) — 10.0% — 96.0s (~294m left)
  [11/310] Q10: WRONG (got D, correct C) — 9.1% — 48.3s (~288m left)
  [12/310] Q11: WRONG (got C, correct B) — 8.3% — 92.7s (~302m left)
  [13/310] Q12: WRONG (got C, correct D) — 7.7% — 68.1s (~304m left)
  [14/310] Q13: WRONG (got A, correct D) — 7.1% — 36.0s (~294m left)
  [15/310] Q14: CORRECT (got D, correct D) — 13.3% — 66.5s (~295m left)
  [16/310] Q15: CORRECT (got B, correct B) — 18.8% — 91.4s (~304m left)
  [17/310] Q16: WRONG (got D, correct C) — 17.6% — 48.6s (~299m left)
  [18/310] Q17: WRONG (got A, correct B) — 16.7% — 41.9s (~292m left)
  [19/310] Q18: WRONG (got D, correct B) — 15.8% — 91.1s (~299m left)
  [20/310] Q19: CORRECT (got C, correct C) — 20.0% — 87.0s (~304m left)
  [21/310] Q20: WRONG (got A, correct D) — 19.0% — 83.0s (~308m left)
  [22/310] Q21: CORRECT (got C, correct C) — 22.7% — 40.2s (~302m left)
  [23/310] Q22: WRONG (got D, correct A) — 21.7% — 62.1s (~301m left)
  [24/310] Q23: WRONG (got C, correct B) — 20.8% — 45.7s (~296m left)
  [25/310] Q24: WRONG (got A, correct B) — 20.0% — 73.1s (~297m left)
  [26/310] Q25: CORRECT (got C, correct C) — 23.1% — 57.8s (~295m left)
  [27/310] Q26: WRONG (got A, correct B) — 22.2% — 56.2s (~293m left)
  [28/310] Q27: WRONG (got A, correct C) — 21.4% — 34.8s (~288m left)
  [29/310] Q28: WRONG (got B, correct C) — 20.7% — 50.0s (~285m left)
  [30/310] Q29: WRONG (got D, correct C) — 20.0% — 46.5s (~281m left)
  [31/310] Q30: WRONG (got C, correct D) — 19.4% — 73.9s (~282m left)
  [32/310] Q31: WRONG (got D, correct B) — 18.8% — 24.5s (~276m left)
  [33/310] Q32: ERROR (got None, correct C) — 18.2% — 20.2s (~270m left)
  [34/310] Q33: WRONG (got A, correct C) — 17.6% — 38.4s (~266m left)
  [35/310] Q34: WRONG (got A, correct D) — 17.1% — 59.4s (~265m left)
  [36/310] Q35: ERROR (got None, correct C) — 16.7% — 17.2s (~259m left)
  [37/310] Q36: WRONG (got C, correct B) — 16.2% — 73.8s (~260m left)
  [38/310] Q37: CORRECT (got D, correct D) — 18.4% — 20.8s (~255m left)
  [39/310] Q38: CORRECT (got C, correct C) — 20.5% — 94.0s (~258m left)
  [40/310] Q39: WRONG (got A, correct B) — 20.0% — 76.8s (~260m left)
  [41/310] Q40: WRONG (got C, correct A) — 19.5% — 51.5s (~258m left)
  [42/310] Q41: CORRECT (got D, correct D) — 21.4% — 64.9s (~258m left)
  [43/310] Q42: CORRECT (got B, correct B) — 23.3% — 87.6s (~260m left)
  [44/310] Q43: WRONG (got D, correct A) — 22.7% — 48.1s (~258m left)
  [45/310] Q44: WRONG (got C, correct B) — 22.2% — 95.7s (~261m left)
  [46/310] Q45: CORRECT (got C, correct C) — 23.9% — 36.8s (~258m left)
  [47/310] Q46: CORRECT (got D, correct D) — 25.5% — 82.0s (~259m left)
  [48/310] Q47: WRONG (got C, correct A) — 25.0% — 70.6s (~259m left)
  [49/310] Q48: WRONG (got A, correct B) — 24.5% — 23.7s (~255m left)
  [50/310] Q49: WRONG (got D, correct C) — 24.0% — 54.4s (~253m left)
  [51/310] Q50: WRONG (got C, correct D) — 23.5% — 43.7s (~251m left)
  [52/310] Q51: WRONG (got B, correct A) — 23.1% — 58.3s (~250m left)
  [53/310] Q52: CORRECT (got A, correct A) — 24.5% — 15.9s (~246m left)
  [54/310] Q53: WRONG (got C, correct D) — 24.1% — 56.3s (~245m left)
  [55/310] Q54: ERROR (got None, correct D) — 23.6% — 18.8s (~241m left)
  [56/310] Q55: WRONG (got A, correct D) — 23.2% — 44.6s (~239m left)
  [57/310] Q56: WRONG (got D, correct C) — 22.8% — 36.7s (~237m left)
  [58/310] Q57: WRONG (got D, correct B) — 22.4% — 44.7s (~235m left)
  [59/310] Q58: CORRECT (got C, correct C) — 23.7% — 92.7s (~236m left)
  [60/310] Q59: WRONG (got C, correct D) — 23.3% — 56.2s (~236m left)
  [61/310] Q60: WRONG (got B, correct D) — 23.0% — 80.6s (~236m left)
  [62/310] Q61: WRONG (got A, correct D) — 22.6% — 66.2s (~236m left)
  [63/310] Q62: WRONG (got D, correct A) — 22.2% — 86.3s (~237m left)
  [64/310] Q63: WRONG (got A, correct C) — 21.9% — 36.7s (~235m left)
  [65/310] Q64: WRONG (got A, correct D) — 21.5% — 33.8s (~232m left)
  [66/310] Q65: WRONG (got A, correct B) — 21.2% — 24.1s (~229m left)
  [67/310] Q66: CORRECT (got C, correct C) — 22.4% — 28.4s (~227m left)
  [68/310] Q67: CORRECT (got C, correct C) — 23.5% — 77.3s (~227m left)
  [69/310] Q68: CORRECT (got C, correct C) — 24.6% — 45.7s (~225m left)
  [70/310] Q69: CORRECT (got C, correct C) — 25.7% — 57.7s (~224m left)
  [71/310] Q70: WRONG (got C, correct B) — 25.4% — 59.0s (~224m left)
  [72/310] Q71: CORRECT (got D, correct D) — 26.4% — 39.9s (~222m left)
  [73/310] Q72: WRONG (got C, correct D) — 26.0% — 73.5s (~222m left)
  [74/310] Q73: WRONG (got D, correct A) — 25.7% — 42.2s (~220m left)
  [75/310] Q74: CORRECT (got D, correct D) — 26.7% — 81.1s (~221m left)
  [76/310] Q75: CORRECT (got D, correct D) — 27.6% — 95.9s (~222m left)
  [77/310] Q76: WRONG (got B, correct D) — 27.3% — 55.2s (~221m left)
  [78/310] Q77: ERROR (got None, correct D) — 26.9% — 36.1s (~219m left)
  [79/310] Q78: WRONG (got B, correct C) — 26.6% — 83.6s (~219m left)
  [80/310] Q79: CORRECT (got D, correct D) — 27.5% — 72.4s (~219m left)
  [81/310] Q80: WRONG (got D, correct C) — 27.2% — 57.2s (~218m left)
  [82/310] Q81: WRONG (got C, correct B) — 26.8% — 95.6s (~219m left)
  [83/310] Q82: CORRECT (got C, correct C) — 27.7% — 63.9s (~218m left)
  [84/310] Q83: WRONG (got D, correct C) — 27.4% — 89.6s (~219m left)
  [85/310] Q84: WRONG (got A, correct D) — 27.1% — 32.5s (~216m left)
  [86/310] Q85: CORRECT (got C, correct C) — 27.9% — 90.8s (~217m left)
  [87/310] Q86: WRONG (got A, correct D) — 27.6% — 42.8s (~215m left)
  [88/310] Q87: WRONG (got B, correct C) — 27.3% — 78.9s (~215m left)
  [89/310] Q88: WRONG (got B, correct C) — 27.0% — 53.0s (~214m left)
  [90/310] Q89: WRONG (got A, correct B) — 26.7% — 62.3s (~213m left)
  [91/310] Q90: CORRECT (got C, correct C) — 27.5% — 53.2s (~212m left)
  [92/310] Q91: WRONG (got A, correct C) — 27.2% — 37.2s (~210m left)
  [93/310] Q92: WRONG (got A, correct C) — 26.9% — 33.4s (~208m left)
  [94/310] Q93: CORRECT (got D, correct D) — 27.7% — 65.2s (~208m left)
  [95/310] Q94: WRONG (got A, correct B) — 27.4% — 49.8s (~206m left)
  [96/310] Q95: ERROR (got None, correct C) — 27.1% — 18.1s (~204m left)
  [97/310] Q96: WRONG (got A, correct B) — 26.8% — 75.1s (~204m left)
  [98/310] Q97: WRONG (got D, correct B) — 26.5% — 65.7s (~203m left)
  [99/310] Q98: WRONG (got C, correct B) — 26.3% — 59.3s (~202m left)
  [100/310] Q99: WRONG (got D, correct B) — 26.0% — 48.4s (~201m left)
  [101/310] Q100: WRONG (got D, correct C) — 25.7% — 51.5s (~200m left)
  [102/310] Q101: WRONG (got C, correct D) — 25.5% — 105.9s (~200m left)
  [103/310] Q102: CORRECT (got D, correct D) — 26.2% — 62.8s (~200m left)
  [104/310] Q103: WRONG (got A, correct D) — 26.0% — 73.4s (~199m left)
  [105/310] Q104: WRONG (got C, correct D) — 25.7% — 19.0s (~197m left)
  [106/310] Q105: WRONG (got B, correct C) — 25.5% — 90.9s (~197m left)
  [107/310] Q106: WRONG (got A, correct B) — 25.2% — 112.9s (~198m left)
  [108/310] Q107: CORRECT (got C, correct C) — 25.9% — 55.5s (~197m left)
  [109/310] Q108: CORRECT (got B, correct B) — 26.6% — 31.2s (~195m left)
  [110/310] Q109: WRONG (got B, correct A) — 26.4% — 85.8s (~195m left)
  [111/310] Q110: WRONG (got B, correct C) — 26.1% — 46.0s (~193m left)
  [112/310] Q111: CORRECT (got C, correct C) — 26.8% — 56.7s (~192m left)
  [113/310] Q112: WRONG (got A, correct D) — 26.5% — 90.9s (~192m left)
  [114/310] Q113: CORRECT (got B, correct B) — 27.2% — 72.0s (~192m left)
  [115/310] Q114: CORRECT (got B, correct B) — 27.8% — 19.3s (~190m left)
  [116/310] Q115: ERROR (got None, correct B) — 27.6% — 16.3s (~188m left)
  [117/310] Q116: CORRECT (got B, correct B) — 28.2% — 73.1s (~187m left)
  [118/310] Q117: WRONG (got C, correct A) — 28.0% — 68.6s (~186m left)
  [119/310] Q118: WRONG (got D, correct C) — 27.7% — 47.5s (~185m left)
  [120/310] Q119: CORRECT (got D, correct D) — 28.3% — 62.3s (~184m left)
  [121/310] Q120: CORRECT (got A, correct A) — 28.9% — 29.2s (~182m left)
  [122/310] Q121: WRONG (got D, correct A) — 28.7% — 53.6s (~181m left)
  [123/310] Q122: WRONG (got A, correct D) — 28.5% — 80.7s (~181m left)
  [124/310] Q123: ERROR (got None, correct D) — 28.2% — 19.1s (~179m left)
  [125/310] Q124: WRONG (got D, correct C) — 28.0% — 42.4s (~178m left)
  [126/310] Q125: WRONG (got D, correct C) — 27.8% — 66.4s (~177m left)
  [127/310] Q126: WRONG (got B, correct A) — 27.6% — 33.1s (~175m left)
  [128/310] Q127: CORRECT (got B, correct B) — 28.1% — 34.1s (~174m left)
  [129/310] Q128: CORRECT (got C, correct C) — 28.7% — 75.2s (~173m left)
  [130/310] Q129: WRONG (got D, correct A) — 28.5% — 74.1s (~173m left)
  [131/310] Q130: WRONG (got D, correct B) — 28.2% — 47.4s (~172m left)
  [132/310] Q131: CORRECT (got D, correct D) — 28.8% — 44.6s (~170m left)
  [133/310] Q132: WRONG (got A, correct B) — 28.6% — 66.2s (~170m left)
  [134/310] Q133: WRONG (got D, correct C) — 28.4% — 26.3s (~168m left)
  [135/310] Q134: CORRECT (got B, correct B) — 28.9% — 75.9s (~167m left)
  [136/310] Q135: WRONG (got C, correct D) — 28.7% — 60.7s (~167m left)
  [137/310] Q136: CORRECT (got D, correct D) — 29.2% — 22.9s (~165m left)
  [138/310] Q137: WRONG (got D, correct A) — 29.0% — 29.0s (~163m left)
  [139/310] Q138: WRONG (got D, correct C) — 28.8% — 30.3s (~162m left)
  [140/310] Q139: WRONG (got B, correct D) — 28.6% — 75.0s (~161m left)
  [141/310] Q140: WRONG (got B, correct A) — 28.4% — 36.8s (~160m left)
  [142/310] Q141: WRONG (got D, correct C) — 28.2% — 65.7s (~159m left)
  [143/310] Q142: WRONG (got C, correct D) — 28.0% — 48.8s (~158m left)
  [144/310] Q143: CORRECT (got D, correct D) — 28.5% — 59.6s (~157m left)
  [145/310] Q144: WRONG (got B, correct A) — 28.3% — 80.0s (~157m left)
  [146/310] Q145: WRONG (got A, correct D) — 28.1% — 75.9s (~156m left)
  [147/310] Q146: WRONG (got C, correct A) — 27.9% — 66.6s (~155m left)
  [148/310] Q147: WRONG (got B, correct C) — 27.7% — 76.4s (~155m left)
  [149/310] Q148: WRONG (got D, correct B) — 27.5% — 68.8s (~154m left)
  [150/310] Q149: WRONG (got C, correct D) — 27.3% — 70.0s (~153m left)
  [151/310] Q150: CORRECT (got B, correct B) — 27.8% — 62.0s (~152m left)
  [152/310] Q151: ERROR (got None, correct A) — 27.6% — 16.8s (~151m left)
  [153/310] Q152: WRONG (got D, correct A) — 27.5% — 69.2s (~150m left)
  [154/310] Q153: WRONG (got C, correct D) — 27.3% — 64.6s (~149m left)
  [155/310] Q154: WRONG (got B, correct D) — 27.1% — 60.4s (~148m left)
  [156/310] Q155: WRONG (got D, correct B) — 26.9% — 53.0s (~147m left)
  [157/310] Q156: WRONG (got D, correct A) — 26.8% — 74.6s (~146m left)
  [158/310] Q157: ERROR (got None, correct B) — 26.6% — 45.7s (~145m left)
  [159/310] Q158: CORRECT (got D, correct D) — 27.0% — 27.7s (~144m left)
  [160/310] Q159: CORRECT (got D, correct D) — 27.5% — 45.1s (~143m left)
  [161/310] Q160: WRONG (got C, correct D) — 27.3% — 43.6s (~142m left)
  [162/310] Q161: WRONG (got D, correct B) — 27.2% — 97.4s (~141m left)
  [163/310] Q162: WRONG (got B, correct D) — 27.0% — 79.6s (~141m left)
  [164/310] Q163: WRONG (got A, correct B) — 26.8% — 72.2s (~140m left)
  [165/310] Q164: WRONG (got C, correct A) — 26.7% — 82.5s (~139m left)
  [166/310] Q165: WRONG (got D, correct B) — 26.5% — 78.3s (~139m left)
  [167/310] Q166: WRONG (got B, correct C) — 26.3% — 73.6s (~138m left)
  [168/310] Q167: WRONG (got D, correct C) — 26.2% — 44.1s (~137m left)
  [169/310] Q168: WRONG (got C, correct D) — 26.0% — 73.6s (~136m left)
  [170/310] Q169: WRONG (got B, correct D) — 25.9% — 30.6s (~135m left)
  [171/310] Q170: WRONG (got A, correct D) — 25.7% — 47.5s (~134m left)
  [172/310] Q171: WRONG (got D, correct A) — 25.6% — 58.8s (~133m left)
  [173/310] Q172: WRONG (got C, correct A) — 25.4% — 48.6s (~132m left)
  [174/310] Q173: WRONG (got D, correct B) — 25.3% — 47.8s (~130m left)
  [175/310] Q174: WRONG (got C, correct D) — 25.1% — 48.7s (~129m left)
  [176/310] Q175: CORRECT (got D, correct D) — 25.6% — 43.4s (~128m left)
  [177/310] Q176: CORRECT (got C, correct C) — 26.0% — 25.0s (~127m left)
  [178/310] Q177: WRONG (got D, correct A) — 25.8% — 17.7s (~125m left)
  [179/310] Q178: WRONG (got C, correct B) — 25.7% — 64.9s (~125m left)
  [180/310] Q179: WRONG (got B, correct A) — 25.6% — 64.6s (~124m left)
  [181/310] Q180: CORRECT (got C, correct C) — 26.0% — 38.8s (~123m left)
  [182/310] Q181: WRONG (got D, correct A) — 25.8% — 64.8s (~122m left)
  [183/310] Q182: WRONG (got A, correct C) — 25.7% — 79.2s (~121m left)
  [184/310] Q183: WRONG (got B, correct D) — 25.5% — 69.6s (~120m left)
  [185/310] Q184: WRONG (got B, correct D) — 25.4% — 61.5s (~119m left)
  [186/310] Q185: WRONG (got A, correct D) — 25.3% — 68.8s (~118m left)
  [187/310] Q186: CORRECT (got C, correct C) — 25.7% — 53.4s (~117m left)
  [188/310] Q187: WRONG (got D, correct A) — 25.5% — 31.5s (~116m left)
  [189/310] Q188: WRONG (got D, correct C) — 25.4% — 27.1s (~115m left)
  [190/310] Q189: CORRECT (got D, correct D) — 25.8% — 66.7s (~114m left)
  [191/310] Q190: WRONG (got A, correct C) — 25.7% — 39.5s (~113m left)
  [192/310] Q191: WRONG (got D, correct B) — 25.5% — 72.3s (~112m left)
  [193/310] Q192: WRONG (got C, correct B) — 25.4% — 43.8s (~111m left)
  [194/310] Q193: WRONG (got C, correct D) — 25.3% — 25.1s (~110m left)
  [195/310] Q194: WRONG (got A, correct D) — 25.1% — 72.7s (~109m left)
  [196/310] Q195: WRONG (got C, correct A) — 25.0% — 35.8s (~108m left)
  [197/310] Q196: CORRECT (got B, correct B) — 25.4% — 61.7s (~107m left)
  [198/310] Q197: WRONG (got C, correct A) — 25.3% — 33.0s (~106m left)
  [199/310] Q198: WRONG (got B, correct A) — 25.1% — 15.6s (~104m left)
  [200/310] Q199: WRONG (got D, correct A) — 25.0% — 41.4s (~103m left)
  [201/310] Q200: WRONG (got A, correct B) — 24.9% — 36.6s (~102m left)
  [202/310] Q201: WRONG (got A, correct D) — 24.8% — 71.7s (~101m left)
  [203/310] Q202: CORRECT (got D, correct D) — 25.1% — 75.6s (~101m left)
  [204/310] Q203: WRONG (got D, correct B) — 25.0% — 76.1s (~100m left)
  [205/310] Q204: CORRECT (got B, correct B) — 25.4% — 50.7s (~99m left)
  [206/310] Q205: WRONG (got C, correct A) — 25.2% — 79.9s (~98m left)
  [207/310] Q206: WRONG (got C, correct D) — 25.1% — 50.7s (~97m left)
  [208/310] Q207: WRONG (got C, correct B) — 25.0% — 45.6s (~96m left)
  [209/310] Q208: WRONG (got A, correct B) — 24.9% — 85.4s (~95m left)
  [210/310] Q209: WRONG (got B, correct A) — 24.8% — 39.1s (~94m left)
  [211/310] Q210: CORRECT (got B, correct B) — 25.1% — 71.9s (~94m left)
  [212/310] Q211: WRONG (got D, correct C) — 25.0% — 69.2s (~93m left)
  [213/310] Q212: CORRECT (got C, correct C) — 25.4% — 85.9s (~92m left)
  [214/310] Q213: WRONG (got D, correct B) — 25.2% — 63.2s (~91m left)
  [215/310] Q214: WRONG (got D, correct B) — 25.1% — 69.0s (~90m left)
  [216/310] Q215: WRONG (got C, correct D) — 25.0% — 34.2s (~89m left)
  [217/310] Q216: WRONG (got D, correct C) — 24.9% — 29.3s (~88m left)
  [218/310] Q217: WRONG (got D, correct C) — 24.8% — 76.4s (~87m left)
  [219/310] Q218: WRONG (got C, correct D) — 24.7% — 54.8s (~86m left)
  [220/310] Q219: WRONG (got D, correct C) — 24.5% — 41.9s (~85m left)
  [221/310] Q220: WRONG (got C, correct B) — 24.4% — 32.2s (~84m left)
  [222/310] Q221: WRONG (got C, correct D) — 24.3% — 64.9s (~83m left)
  [223/310] Q222: WRONG (got A, correct D) — 24.2% — 20.8s (~82m left)
  [224/310] Q223: CORRECT (got D, correct D) — 24.6% — 51.2s (~81m left)
  [225/310] Q224: WRONG (got B, correct C) — 24.4% — 76.4s (~80m left)
  [226/310] Q225: WRONG (got D, correct A) — 24.3% — 26.6s (~79m left)
  [227/310] Q226: WRONG (got D, correct C) — 24.2% — 59.3s (~78m left)
  [228/310] Q227: WRONG (got C, correct D) — 24.1% — 33.3s (~77m left)
  [229/310] Q228: CORRECT (got D, correct D) — 24.5% — 44.1s (~76m left)
  [230/310] Q229: WRONG (got C, correct B) — 24.3% — 65.8s (~75m left)
  [231/310] Q230: WRONG (got D, correct B) — 24.2% — 29.6s (~74m left)
  [232/310] Q231: CORRECT (got B, correct B) — 24.6% — 37.9s (~73m left)
  [233/310] Q232: WRONG (got B, correct D) — 24.5% — 32.3s (~72m left)
  [234/310] Q233: WRONG (got B, correct D) — 24.4% — 62.4s (~71m left)
  [235/310] Q234: WRONG (got C, correct B) — 24.3% — 37.2s (~70m left)
  [236/310] Q235: CORRECT (got D, correct D) — 24.6% — 57.9s (~69m left)
  [237/310] Q236: CORRECT (got D, correct D) — 24.9% — 75.9s (~68m left)
  [238/310] Q237: CORRECT (got B, correct B) — 25.2% — 56.5s (~67m left)
  [239/310] Q238: WRONG (got A, correct C) — 25.1% — 21.6s (~66m left)
  [240/310] Q239: CORRECT (got C, correct C) — 25.4% — 49.5s (~65m left)
  [241/310] Q240: WRONG (got B, correct C) — 25.3% — 62.2s (~64m left)
  [242/310] Q241: WRONG (got C, correct D) — 25.2% — 37.3s (~63m left)
  [243/310] Q242: WRONG (got D, correct B) — 25.1% — 76.4s (~62m left)
  [244/310] Q243: ERROR (got None, correct B) — 25.0% — 21.4s (~61m left)
  [245/310] Q244: WRONG (got C, correct D) — 24.9% — 44.4s (~60m left)
  [246/310] Q245: WRONG (got C, correct B) — 24.8% — 22.4s (~59m left)
  [247/310] Q246: WRONG (got C, correct D) — 24.7% — 47.7s (~58m left)
  [248/310] Q247: WRONG (got B, correct A) — 24.6% — 46.6s (~57m left)
  [249/310] Q248: WRONG (got D, correct B) — 24.5% — 61.0s (~57m left)
  [250/310] Q249: WRONG (got B, correct C) — 24.4% — 34.0s (~55m left)
  [251/310] Q250: WRONG (got D, correct C) — 24.3% — 50.4s (~55m left)
  [252/310] Q251: WRONG (got D, correct B) — 24.2% — 69.3s (~54m left)
  [253/310] Q252: WRONG (got B, correct A) — 24.1% — 61.5s (~53m left)
  [254/310] Q253: CORRECT (got A, correct A) — 24.4% — 39.3s (~52m left)
  [255/310] Q254: WRONG (got B, correct D) — 24.3% — 42.6s (~51m left)
  [256/310] Q255: WRONG (got C, correct D) — 24.2% — 85.8s (~50m left)
  [257/310] Q256: WRONG (got B, correct D) — 24.1% — 88.8s (~49m left)
  [258/310] Q257: WRONG (got B, correct D) — 24.0% — 35.9s (~48m left)
  [259/310] Q258: WRONG (got D, correct C) — 23.9% — 19.0s (~47m left)
  [260/310] Q259: WRONG (got A, correct D) — 23.8% — 90.5s (~46m left)
  [261/310] Q260: CORRECT (got D, correct D) — 24.1% — 64.9s (~45m left)
  [262/310] Q261: ERROR (got None, correct A) — 24.0% — 15.7s (~44m left)
  [263/310] Q262: WRONG (got B, correct A) — 24.0% — 27.8s (~43m left)
  [264/310] Q263: WRONG (got D, correct C) — 23.9% — 28.1s (~42m left)
  [265/310] Q264: WRONG (got A, correct B) — 23.8% — 62.7s (~41m left)
  [266/310] Q265: CORRECT (got B, correct B) — 24.1% — 30.8s (~40m left)
  [267/310] Q266: CORRECT (got A, correct A) — 24.3% — 64.1s (~40m left)
  [268/310] Q267: WRONG (got A, correct D) — 24.3% — 60.3s (~39m left)
  [269/310] Q268: WRONG (got C, correct A) — 24.2% — 68.7s (~38m left)
  [270/310] Q269: WRONG (got D, correct C) — 24.1% — 73.6s (~37m left)
  [271/310] Q270: CORRECT (got A, correct A) — 24.4% — 76.7s (~36m left)
  [272/310] Q271: WRONG (got A, correct C) — 24.3% — 75.7s (~35m left)
  [273/310] Q272: CORRECT (got A, correct A) — 24.5% — 78.7s (~34m left)
  [274/310] Q273: CORRECT (got A, correct A) — 24.8% — 28.0s (~33m left)
  [275/310] Q274: WRONG (got A, correct B) — 24.7% — 48.1s (~32m left)
  [276/310] Q275: ERROR (got None, correct A) — 24.6% — 10.7s (~31m left)
  [277/310] Q276: WRONG (got A, correct C) — 24.5% — 78.1s (~30m left)
  [278/310] Q277: ERROR (got None, correct B) — 24.5% — 55.9s (~30m left)
  [279/310] Q278: WRONG (got D, correct A) — 24.4% — 5.4s (~29m left)
  [280/310] Q279: CORRECT (got D, correct D) — 24.6% — 38.7s (~28m left)
  [281/310] Q280: CORRECT (got C, correct C) — 24.9% — 23.8s (~27m left)
  [282/310] Q281: WRONG (got A, correct D) — 24.8% — 67.1s (~26m left)
  [283/310] Q282: WRONG (got A, correct D) — 24.7% — 29.1s (~25m left)
  [284/310] Q283: WRONG (got C, correct B) — 24.6% — 30.2s (~24m left)
  [285/310] Q284: CORRECT (got A, correct A) — 24.9% — 48.0s (~23m left)
  [286/310] Q285: WRONG (got C, correct D) — 24.8% — 30.1s (~22m left)
  [287/310] Q286: WRONG (got D, correct B) — 24.7% — 72.4s (~21m left)
  [288/310] Q287: WRONG (got C, correct B) — 24.7% — 44.7s (~20m left)
  [289/310] Q288: CORRECT (got A, correct A) — 24.9% — 57.4s (~19m left)
  [290/310] Q289: WRONG (got C, correct D) — 24.8% — 65.6s (~18m left)
  [291/310] Q290: WRONG (got A, correct D) — 24.7% — 24.3s (~17m left)
  [292/310] Q291: WRONG (got B, correct D) — 24.7% — 54.8s (~16m left)
  [293/310] Q292: WRONG (got A, correct C) — 24.6% — 38.9s (~16m left)
  [294/310] Q293: WRONG (got C, correct D) — 24.5% — 29.0s (~15m left)
  [295/310] Q294: WRONG (got D, correct C) — 24.4% — 47.4s (~14m left)
  [296/310] Q295: WRONG (got A, correct D) — 24.3% — 51.8s (~13m left)
  [297/310] Q296: WRONG (got C, correct D) — 24.2% — 23.8s (~12m left)
  [298/310] Q297: CORRECT (got D, correct D) — 24.5% — 27.2s (~11m left)
  [299/310] Q298: WRONG (got D, correct A) — 24.4% — 43.4s (~10m left)
  [300/310] Q299: WRONG (got B, correct D) — 24.3% — 36.6s (~9m left)
  [301/310] Q300: ERROR (got None, correct B) — 24.3% — 20.2s (~8m left)
  [302/310] Q301: WRONG (got C, correct D) — 24.2% — 45.4s (~7m left)
  [303/310] Q302: WRONG (got B, correct A) — 24.1% — 49.0s (~6m left)
  [304/310] Q303: WRONG (got C, correct B) — 24.0% — 81.4s (~5m left)
  [305/310] Q304: WRONG (got A, correct B) — 23.9% — 31.4s (~5m left)
  [306/310] Q305: WRONG (got A, correct C) — 23.9% — 66.8s (~4m left)
  [307/310] Q306: CORRECT (got B, correct B) — 24.1% — 25.5s (~3m left)
  [308/310] Q307: WRONG (got B, correct D) — 24.0% — 85.0s (~2m left)
  [309/310] Q308: WRONG (got D, correct B) — 23.9% — 31.9s (~1m left)
  [310/310] Q309: WRONG (got D, correct B) — 23.9% — 42.0s (~0m left)

  ==================================================
  MMLU High School Biology — wavefront_pure
  Model: wavefront_only
  ==================================================
  Total: 310
  Correct:   74 (23.9%)
  Incorrect: 222
  Errors:    14
  Time: 279.6 min
  ==================================================

